<?xml version="1.0"?>
<link_info>
   <banner>TI ARM Linker PC v16.9.9.LTS</banner>
   <copyright>Copyright (c) 1996-2017 Texas Instruments Incorporated</copyright>
   <link_time>0x5cf0919e</link_time>
   <link_errors>0x0</link_errors>
   <output_file>Heli_Project.out</output_file>
   <entry_point>
      <name>_c_int00</name>
      <address>0x3ae5</address>
   </entry_point>
   <input_file_list>
      <input_file id="fl-2">
         <path>.\</path>
         <kind>object</kind>
         <file>HeliProject.obj</file>
         <name>HeliProject.obj</name>
      </input_file>
      <input_file id="fl-3">
         <path>.\</path>
         <kind>object</kind>
         <file>PIDController.obj</file>
         <name>PIDController.obj</name>
      </input_file>
      <input_file id="fl-4">
         <path>.\</path>
         <kind>object</kind>
         <file>buttons4.obj</file>
         <name>buttons4.obj</name>
      </input_file>
      <input_file id="fl-5">
         <path>.\</path>
         <kind>object</kind>
         <file>circBufT.obj</file>
         <name>circBufT.obj</name>
      </input_file>
      <input_file id="fl-6">
         <path>.\</path>
         <kind>object</kind>
         <file>heliYaw.obj</file>
         <name>heliYaw.obj</name>
      </input_file>
      <input_file id="fl-7">
         <path>.\</path>
         <kind>object</kind>
         <file>motorControl.obj</file>
         <name>motorControl.obj</name>
      </input_file>
      <input_file id="fl-8">
         <path>.\</path>
         <kind>object</kind>
         <file>serialCom.obj</file>
         <name>serialCom.obj</name>
      </input_file>
      <input_file id="fl-9">
         <path>.\</path>
         <kind>object</kind>
         <file>tm4c123gh6pm_startup_ccs.obj</file>
         <name>tm4c123gh6pm_startup_ccs.obj</name>
      </input_file>
      <input_file id="fl-a">
         <path>.\</path>
         <kind>object</kind>
         <file>ustdlib.obj</file>
         <name>ustdlib.obj</name>
      </input_file>
      <input_file id="fl-b">
         <path>.\OrbitOLED\</path>
         <kind>object</kind>
         <file>OrbitOLEDInterface.obj</file>
         <name>OrbitOLEDInterface.obj</name>
      </input_file>
      <input_file id="fl-c">
         <path>.\OrbitOLED\lib_OrbitOled\</path>
         <kind>object</kind>
         <file>ChrFont0.obj</file>
         <name>ChrFont0.obj</name>
      </input_file>
      <input_file id="fl-d">
         <path>.\OrbitOLED\lib_OrbitOled\</path>
         <kind>object</kind>
         <file>FillPat.obj</file>
         <name>FillPat.obj</name>
      </input_file>
      <input_file id="fl-e">
         <path>.\OrbitOLED\lib_OrbitOled\</path>
         <kind>object</kind>
         <file>OrbitOled.obj</file>
         <name>OrbitOled.obj</name>
      </input_file>
      <input_file id="fl-f">
         <path>.\OrbitOLED\lib_OrbitOled\</path>
         <kind>object</kind>
         <file>OrbitOledChar.obj</file>
         <name>OrbitOledChar.obj</name>
      </input_file>
      <input_file id="fl-10">
         <path>.\OrbitOLED\lib_OrbitOled\</path>
         <kind>object</kind>
         <file>OrbitOledGrph.obj</file>
         <name>OrbitOledGrph.obj</name>
      </input_file>
      <input_file id="fl-11">
         <path>.\OrbitOLED\lib_OrbitOled\</path>
         <kind>object</kind>
         <file>delay.obj</file>
         <name>delay.obj</name>
      </input_file>
      <input_file id="fl-16">
         <kind>object</kind>
         <file>&lt;internal&gt;</file>
         <name>&lt;internal&gt;</name>
      </input_file>
      <input_file id="fl-cc">
         <path>C:\ti\ccsv7\tools\compiler\ti-cgt-arm_16.9.9.LTS\lib\</path>
         <kind>archive</kind>
         <file>rtsv7M4_T_le_v4SPD16_eabi.lib</file>
         <name>boot.obj</name>
      </input_file>
      <input_file id="fl-cd">
         <path>C:\ti\ccsv7\tools\compiler\ti-cgt-arm_16.9.9.LTS\lib\</path>
         <kind>archive</kind>
         <file>rtsv7M4_T_le_v4SPD16_eabi.lib</file>
         <name>copy_decompress_lzss.obj</name>
      </input_file>
      <input_file id="fl-ce">
         <path>C:\ti\ccsv7\tools\compiler\ti-cgt-arm_16.9.9.LTS\lib\</path>
         <kind>archive</kind>
         <file>rtsv7M4_T_le_v4SPD16_eabi.lib</file>
         <name>copy_decompress_none.obj</name>
      </input_file>
      <input_file id="fl-cf">
         <path>C:\ti\ccsv7\tools\compiler\ti-cgt-arm_16.9.9.LTS\lib\</path>
         <kind>archive</kind>
         <file>rtsv7M4_T_le_v4SPD16_eabi.lib</file>
         <name>copy_zero_init.obj</name>
      </input_file>
      <input_file id="fl-d0">
         <path>C:\ti\ccsv7\tools\compiler\ti-cgt-arm_16.9.9.LTS\lib\</path>
         <kind>archive</kind>
         <file>rtsv7M4_T_le_v4SPD16_eabi.lib</file>
         <name>exit.obj</name>
      </input_file>
      <input_file id="fl-d1">
         <path>C:\ti\ccsv7\tools\compiler\ti-cgt-arm_16.9.9.LTS\lib\</path>
         <kind>archive</kind>
         <file>rtsv7M4_T_le_v4SPD16_eabi.lib</file>
         <name>fd_add_t2.obj</name>
      </input_file>
      <input_file id="fl-d2">
         <path>C:\ti\ccsv7\tools\compiler\ti-cgt-arm_16.9.9.LTS\lib\</path>
         <kind>archive</kind>
         <file>rtsv7M4_T_le_v4SPD16_eabi.lib</file>
         <name>fd_div_t2.obj</name>
      </input_file>
      <input_file id="fl-d3">
         <path>C:\ti\ccsv7\tools\compiler\ti-cgt-arm_16.9.9.LTS\lib\</path>
         <kind>archive</kind>
         <file>rtsv7M4_T_le_v4SPD16_eabi.lib</file>
         <name>fd_mul_t2.obj</name>
      </input_file>
      <input_file id="fl-d4">
         <path>C:\ti\ccsv7\tools\compiler\ti-cgt-arm_16.9.9.LTS\lib\</path>
         <kind>archive</kind>
         <file>rtsv7M4_T_le_v4SPD16_eabi.lib</file>
         <name>fd_toi_t2.obj</name>
      </input_file>
      <input_file id="fl-d5">
         <path>C:\ti\ccsv7\tools\compiler\ti-cgt-arm_16.9.9.LTS\lib\</path>
         <kind>archive</kind>
         <file>rtsv7M4_T_le_v4SPD16_eabi.lib</file>
         <name>fd_tou_t2.obj</name>
      </input_file>
      <input_file id="fl-d6">
         <path>C:\ti\ccsv7\tools\compiler\ti-cgt-arm_16.9.9.LTS\lib\</path>
         <kind>archive</kind>
         <file>rtsv7M4_T_le_v4SPD16_eabi.lib</file>
         <name>i_tofd_t2.obj</name>
      </input_file>
      <input_file id="fl-d7">
         <path>C:\ti\ccsv7\tools\compiler\ti-cgt-arm_16.9.9.LTS\lib\</path>
         <kind>archive</kind>
         <file>rtsv7M4_T_le_v4SPD16_eabi.lib</file>
         <name>memcpy_t2.obj</name>
      </input_file>
      <input_file id="fl-d8">
         <path>C:\ti\ccsv7\tools\compiler\ti-cgt-arm_16.9.9.LTS\lib\</path>
         <kind>archive</kind>
         <file>rtsv7M4_T_le_v4SPD16_eabi.lib</file>
         <name>memory.obj</name>
      </input_file>
      <input_file id="fl-d9">
         <path>C:\ti\ccsv7\tools\compiler\ti-cgt-arm_16.9.9.LTS\lib\</path>
         <kind>archive</kind>
         <file>rtsv7M4_T_le_v4SPD16_eabi.lib</file>
         <name>memset_t2.obj</name>
      </input_file>
      <input_file id="fl-da">
         <path>C:\ti\ccsv7\tools\compiler\ti-cgt-arm_16.9.9.LTS\lib\</path>
         <kind>archive</kind>
         <file>rtsv7M4_T_le_v4SPD16_eabi.lib</file>
         <name>mpu_init.obj</name>
      </input_file>
      <input_file id="fl-db">
         <path>C:\ti\ccsv7\tools\compiler\ti-cgt-arm_16.9.9.LTS\lib\</path>
         <kind>archive</kind>
         <file>rtsv7M4_T_le_v4SPD16_eabi.lib</file>
         <name>pre_init.obj</name>
      </input_file>
      <input_file id="fl-dc">
         <path>C:\ti\ccsv7\tools\compiler\ti-cgt-arm_16.9.9.LTS\lib\</path>
         <kind>archive</kind>
         <file>rtsv7M4_T_le_v4SPD16_eabi.lib</file>
         <name>stkdepth_vars.obj</name>
      </input_file>
      <input_file id="fl-dd">
         <path>C:\ti\ccsv7\tools\compiler\ti-cgt-arm_16.9.9.LTS\lib\</path>
         <kind>archive</kind>
         <file>rtsv7M4_T_le_v4SPD16_eabi.lib</file>
         <name>u_divt2.obj</name>
      </input_file>
      <input_file id="fl-de">
         <path>C:\ti\ccsv7\tools\compiler\ti-cgt-arm_16.9.9.LTS\lib\</path>
         <kind>archive</kind>
         <file>rtsv7M4_T_le_v4SPD16_eabi.lib</file>
         <name>_lock.obj</name>
      </input_file>
      <input_file id="fl-df">
         <path>C:\ti\ccsv7\tools\compiler\ti-cgt-arm_16.9.9.LTS\lib\</path>
         <kind>archive</kind>
         <file>rtsv7M4_T_le_v4SPD16_eabi.lib</file>
         <name>args_main.obj</name>
      </input_file>
      <input_file id="fl-e0">
         <path>C:\ti\ccsv7\tools\compiler\ti-cgt-arm_16.9.9.LTS\lib\</path>
         <kind>archive</kind>
         <file>rtsv7M4_T_le_v4SPD16_eabi.lib</file>
         <name>autoinit.obj</name>
      </input_file>
      <input_file id="fl-e1">
         <path>C:\ti\ccsv7\tools\compiler\ti-cgt-arm_16.9.9.LTS\lib\</path>
         <kind>archive</kind>
         <file>rtsv7M4_T_le_v4SPD16_eabi.lib</file>
         <name>cpy_tbl.obj</name>
      </input_file>
      <input_file id="fl-e2">
         <path>C:\ti\ccsv7\tools\compiler\ti-cgt-arm_16.9.9.LTS\lib\</path>
         <kind>archive</kind>
         <file>rtsv7M4_T_le_v4SPD16_eabi.lib</file>
         <name>i_div0.obj</name>
      </input_file>
      <input_file id="fl-e3">
         <path>C:\ti\ccsv7\tools\compiler\ti-cgt-arm_16.9.9.LTS\lib\</path>
         <kind>archive</kind>
         <file>rtsv7M4_T_le_v4SPD16_eabi.lib</file>
         <name>startup.obj</name>
      </input_file>
      <input_file id="fl-e4">
         <path>C:\ti\TivaWare_C_Series-2.1.4.178\driverlib\ccs\Debug\</path>
         <kind>archive</kind>
         <file>driverlib.lib</file>
         <name>adc.obj</name>
      </input_file>
      <input_file id="fl-e5">
         <path>C:\ti\TivaWare_C_Series-2.1.4.178\driverlib\ccs\Debug\</path>
         <kind>archive</kind>
         <file>driverlib.lib</file>
         <name>gpio.obj</name>
      </input_file>
      <input_file id="fl-e6">
         <path>C:\ti\TivaWare_C_Series-2.1.4.178\driverlib\ccs\Debug\</path>
         <kind>archive</kind>
         <file>driverlib.lib</file>
         <name>interrupt.obj</name>
      </input_file>
      <input_file id="fl-e7">
         <path>C:\ti\TivaWare_C_Series-2.1.4.178\driverlib\ccs\Debug\</path>
         <kind>archive</kind>
         <file>driverlib.lib</file>
         <name>pwm.obj</name>
      </input_file>
      <input_file id="fl-e8">
         <path>C:\ti\TivaWare_C_Series-2.1.4.178\driverlib\ccs\Debug\</path>
         <kind>archive</kind>
         <file>driverlib.lib</file>
         <name>ssi.obj</name>
      </input_file>
      <input_file id="fl-e9">
         <path>C:\ti\TivaWare_C_Series-2.1.4.178\driverlib\ccs\Debug\</path>
         <kind>archive</kind>
         <file>driverlib.lib</file>
         <name>sysctl.obj</name>
      </input_file>
      <input_file id="fl-ea">
         <path>C:\ti\TivaWare_C_Series-2.1.4.178\driverlib\ccs\Debug\</path>
         <kind>archive</kind>
         <file>driverlib.lib</file>
         <name>systick.obj</name>
      </input_file>
      <input_file id="fl-eb">
         <path>C:\ti\TivaWare_C_Series-2.1.4.178\driverlib\ccs\Debug\</path>
         <kind>archive</kind>
         <file>driverlib.lib</file>
         <name>timer.obj</name>
      </input_file>
      <input_file id="fl-ec">
         <path>C:\ti\TivaWare_C_Series-2.1.4.178\driverlib\ccs\Debug\</path>
         <kind>archive</kind>
         <file>driverlib.lib</file>
         <name>uart.obj</name>
      </input_file>
      <input_file id="fl-ed">
         <path>C:\ti\TivaWare_C_Series-2.1.4.178\driverlib\ccs\Debug\</path>
         <kind>archive</kind>
         <file>driverlib.lib</file>
         <name>cpu.obj</name>
      </input_file>
   </input_file_list>
   <object_component_list>
      <object_component id="oc-f">
         <name>.intvecs</name>
         <load_address>0x0</load_address>
         <run_address>0x0</run_address>
         <size>0x26c</size>
         <input_file_ref idref="fl-9"/>
      </object_component>
      <object_component id="oc-185">
         <name>.text</name>
         <load_address>0x26c</load_address>
         <run_address>0x26c</run_address>
         <size>0xc84</size>
         <input_file_ref idref="fl-a"/>
      </object_component>
      <object_component id="oc-335">
         <name>.text</name>
         <load_address>0xef0</load_address>
         <run_address>0xef0</run_address>
         <size>0x950</size>
         <input_file_ref idref="fl-10"/>
      </object_component>
      <object_component id="oc-ae">
         <name>.text</name>
         <load_address>0x1840</load_address>
         <run_address>0x1840</run_address>
         <size>0x658</size>
         <input_file_ref idref="fl-2"/>
      </object_component>
      <object_component id="oc-1de">
         <name>.text</name>
         <load_address>0x1e98</load_address>
         <run_address>0x1e98</run_address>
         <size>0x3d0</size>
         <input_file_ref idref="fl-d8"/>
      </object_component>
      <object_component id="oc-276">
         <name>.text</name>
         <load_address>0x2268</load_address>
         <run_address>0x2268</run_address>
         <size>0x37c</size>
         <input_file_ref idref="fl-e"/>
      </object_component>
      <object_component id="oc-1a0">
         <name>.text</name>
         <load_address>0x25e4</load_address>
         <run_address>0x25e4</run_address>
         <size>0x220</size>
         <input_file_ref idref="fl-4"/>
      </object_component>
      <object_component id="oc-270">
         <name>.text</name>
         <load_address>0x2804</load_address>
         <run_address>0x2804</run_address>
         <size>0x204</size>
         <input_file_ref idref="fl-f"/>
      </object_component>
      <object_component id="oc-1a6">
         <name>.text</name>
         <load_address>0x2a08</load_address>
         <run_address>0x2a08</run_address>
         <size>0x1f8</size>
         <input_file_ref idref="fl-3"/>
      </object_component>
      <object_component id="oc-2c1">
         <name>.text</name>
         <load_address>0x2c00</load_address>
         <run_address>0x2c00</run_address>
         <size>0x1b6</size>
         <input_file_ref idref="fl-d1"/>
      </object_component>
      <object_component id="oc-323">
         <name>.text</name>
         <load_address>0x2db6</load_address>
         <run_address>0x2db6</run_address>
         <size>0x2</size>
         <input_file_ref idref="fl-e2"/>
      </object_component>
      <object_component id="oc-15b">
         <name>.text</name>
         <load_address>0x2db8</load_address>
         <run_address>0x2db8</run_address>
         <size>0x188</size>
         <input_file_ref idref="fl-6"/>
      </object_component>
      <object_component id="oc-2cb">
         <name>.text</name>
         <load_address>0x2f40</load_address>
         <run_address>0x2f40</run_address>
         <size>0x136</size>
         <input_file_ref idref="fl-d2"/>
      </object_component>
      <object_component id="oc-16d">
         <name>.text:GPIOPadConfigSet</name>
         <load_address>0x3076</load_address>
         <run_address>0x3076</run_address>
         <size>0x132</size>
         <input_file_ref idref="fl-e5"/>
      </object_component>
      <object_component id="oc-161">
         <name>.text</name>
         <load_address>0x31a8</load_address>
         <run_address>0x31a8</run_address>
         <size>0x12c</size>
         <input_file_ref idref="fl-7"/>
      </object_component>
      <object_component id="oc-119">
         <name>.text:SysCtlClockGet</name>
         <load_address>0x32d4</load_address>
         <run_address>0x32d4</run_address>
         <size>0x110</size>
         <input_file_ref idref="fl-e9"/>
      </object_component>
      <object_component id="oc-2bc">
         <name>.text</name>
         <load_address>0x33e4</load_address>
         <run_address>0x33e4</run_address>
         <size>0xfc</size>
         <input_file_ref idref="fl-d3"/>
      </object_component>
      <object_component id="oc-10d">
         <name>.text:SysCtlClockSet</name>
         <load_address>0x34e0</load_address>
         <run_address>0x34e0</run_address>
         <size>0xf4</size>
         <input_file_ref idref="fl-e9"/>
      </object_component>
      <object_component id="oc-ef">
         <name>.text</name>
         <load_address>0x35d4</load_address>
         <run_address>0x35d4</run_address>
         <size>0xb8</size>
         <input_file_ref idref="fl-5"/>
      </object_component>
      <object_component id="oc-42">
         <name>.text</name>
         <load_address>0x368c</load_address>
         <run_address>0x368c</run_address>
         <size>0x9c</size>
         <input_file_ref idref="fl-d7"/>
      </object_component>
      <object_component id="oc-143">
         <name>.text:ADCSequenceStepConfigure</name>
         <load_address>0x3728</load_address>
         <run_address>0x3728</run_address>
         <size>0x7a</size>
         <input_file_ref idref="fl-e4"/>
      </object_component>
      <object_component id="oc-4e">
         <name>.text</name>
         <load_address>0x37a2</load_address>
         <run_address>0x37a2</run_address>
         <size>0x7a</size>
         <input_file_ref idref="fl-d9"/>
      </object_component>
      <object_component id="oc-197">
         <name>.text</name>
         <load_address>0x381c</load_address>
         <run_address>0x381c</run_address>
         <size>0x74</size>
         <input_file_ref idref="fl-8"/>
      </object_component>
      <object_component id="oc-66">
         <name>.text</name>
         <load_address>0x3890</load_address>
         <run_address>0x3890</run_address>
         <size>0x70</size>
         <input_file_ref idref="fl-e0"/>
      </object_component>
      <object_component id="oc-208">
         <name>.text:IntEnable</name>
         <load_address>0x3900</load_address>
         <run_address>0x3900</run_address>
         <size>0x68</size>
         <input_file_ref idref="fl-e6"/>
      </object_component>
      <object_component id="oc-12">
         <name>.text:decompress:lzss</name>
         <load_address>0x3968</load_address>
         <run_address>0x3968</run_address>
         <size>0x68</size>
         <input_file_ref idref="fl-cd"/>
      </object_component>
      <object_component id="oc-3d3">
         <name>.text:TimerConfigure</name>
         <load_address>0x39d0</load_address>
         <run_address>0x39d0</run_address>
         <size>0x60</size>
         <input_file_ref idref="fl-eb"/>
      </object_component>
      <object_component id="oc-34a">
         <name>.text</name>
         <load_address>0x3a30</load_address>
         <run_address>0x3a30</run_address>
         <size>0x5c</size>
         <input_file_ref idref="fl-11"/>
      </object_component>
      <object_component id="oc-17f">
         <name>.text:GPIOIntTypeSet</name>
         <load_address>0x3a8c</load_address>
         <run_address>0x3a8c</run_address>
         <size>0x58</size>
         <input_file_ref idref="fl-e5"/>
      </object_component>
      <object_component id="oc-24">
         <name>.text</name>
         <load_address>0x3ae4</load_address>
         <run_address>0x3ae4</run_address>
         <size>0x54</size>
         <input_file_ref idref="fl-cc"/>
      </object_component>
      <object_component id="oc-72">
         <name>.text</name>
         <load_address>0x3b38</load_address>
         <run_address>0x3b38</run_address>
         <size>0x54</size>
         <input_file_ref idref="fl-d0"/>
      </object_component>
      <object_component id="oc-13d">
         <name>.text:ADCSequenceConfigure</name>
         <load_address>0x3b8c</load_address>
         <run_address>0x3b8c</run_address>
         <size>0x50</size>
         <input_file_ref idref="fl-e4"/>
      </object_component>
      <object_component id="oc-107">
         <name>.text:SysCtlPeripheralReset</name>
         <load_address>0x3bdc</load_address>
         <run_address>0x3bdc</run_address>
         <size>0x50</size>
         <input_file_ref idref="fl-e9"/>
      </object_component>
      <object_component id="oc-202">
         <name>.text:_ADCIntNumberGet</name>
         <load_address>0x3c2c</load_address>
         <run_address>0x3c2c</run_address>
         <size>0x50</size>
         <input_file_ref idref="fl-e4"/>
      </object_component>
      <object_component id="oc-217">
         <name>.text:GPIOPinConfigure</name>
         <load_address>0x3c7c</load_address>
         <run_address>0x3c7c</run_address>
         <size>0x4c</size>
         <input_file_ref idref="fl-e5"/>
      </object_component>
      <object_component id="oc-a0">
         <name>.text</name>
         <load_address>0x3cc8</load_address>
         <run_address>0x3cc8</run_address>
         <size>0x4c</size>
         <input_file_ref idref="fl-e1"/>
      </object_component>
      <object_component id="oc-2c6">
         <name>.text</name>
         <load_address>0x3d14</load_address>
         <run_address>0x3d14</run_address>
         <size>0x48</size>
         <input_file_ref idref="fl-d4"/>
      </object_component>
      <object_component id="oc-28d">
         <name>.text:UARTConfigSetExpClk</name>
         <load_address>0x3d5c</load_address>
         <run_address>0x3d5c</run_address>
         <size>0x46</size>
         <input_file_ref idref="fl-ec"/>
      </object_component>
      <object_component id="oc-5a">
         <name>.text</name>
         <load_address>0x3da2</load_address>
         <run_address>0x3da2</run_address>
         <size>0x2</size>
         <input_file_ref idref="fl-da"/>
      </object_component>
      <object_component id="oc-18b">
         <name>.text</name>
         <load_address>0x3da4</load_address>
         <run_address>0x3da4</run_address>
         <size>0x44</size>
         <input_file_ref idref="fl-b"/>
      </object_component>
      <object_component id="oc-24a">
         <name>.text:_GPIOIntNumberGet</name>
         <load_address>0x3de8</load_address>
         <run_address>0x3de8</run_address>
         <size>0x44</size>
         <input_file_ref idref="fl-e5"/>
      </object_component>
      <object_component id="oc-2d0">
         <name>.text</name>
         <load_address>0x3e2c</load_address>
         <run_address>0x3e2c</run_address>
         <size>0x44</size>
         <input_file_ref idref="fl-d5"/>
      </object_component>
      <object_component id="oc-253">
         <name>.text</name>
         <load_address>0x3e70</load_address>
         <run_address>0x3e70</run_address>
         <size>0x40</size>
         <input_file_ref idref="fl-dd"/>
      </object_component>
      <object_component id="oc-35c">
         <name>.text:SSIConfigSetExpClk</name>
         <load_address>0x3eb0</load_address>
         <run_address>0x3eb0</run_address>
         <size>0x3c</size>
         <input_file_ref idref="fl-e8"/>
      </object_component>
      <object_component id="oc-1f5">
         <name>.text:IntRegister</name>
         <load_address>0x3eec</load_address>
         <run_address>0x3eec</run_address>
         <size>0x34</size>
         <input_file_ref idref="fl-e6"/>
      </object_component>
      <object_component id="oc-137">
         <name>.text:SysCtlPeripheralEnable</name>
         <load_address>0x3f20</load_address>
         <run_address>0x3f20</run_address>
         <size>0x34</size>
         <input_file_ref idref="fl-e9"/>
      </object_component>
      <object_component id="oc-2b7">
         <name>.text</name>
         <load_address>0x3f54</load_address>
         <run_address>0x3f54</run_address>
         <size>0x2e</size>
         <input_file_ref idref="fl-d6"/>
      </object_component>
      <object_component id="oc-242">
         <name>.text:GPIODirModeSet</name>
         <load_address>0x3f82</load_address>
         <run_address>0x3f82</run_address>
         <size>0x2c</size>
         <input_file_ref idref="fl-e5"/>
      </object_component>
      <object_component id="oc-223">
         <name>.text:PWMGenConfigure</name>
         <load_address>0x3fae</load_address>
         <run_address>0x3fae</run_address>
         <size>0x22</size>
         <input_file_ref idref="fl-e7"/>
      </object_component>
      <object_component id="oc-394">
         <name>.text:UARTDisable</name>
         <load_address>0x3fd0</load_address>
         <run_address>0x3fd0</run_address>
         <size>0x20</size>
         <input_file_ref idref="fl-ec"/>
      </object_component>
      <object_component id="oc-e9">
         <name>.text:ADCSequenceDataGet</name>
         <load_address>0x3ff0</load_address>
         <run_address>0x3ff0</run_address>
         <size>0x1e</size>
         <input_file_ref idref="fl-e4"/>
      </object_component>
      <object_component id="oc-23b">
         <name>.text:PWMPulseWidthSet</name>
         <load_address>0x400e</load_address>
         <run_address>0x400e</run_address>
         <size>0x1e</size>
         <input_file_ref idref="fl-e7"/>
      </object_component>
      <object_component id="oc-125">
         <name>.text:SysTickIntRegister</name>
         <load_address>0x402c</load_address>
         <run_address>0x402c</run_address>
         <size>0x1c</size>
         <input_file_ref idref="fl-ea"/>
      </object_component>
      <object_component id="oc-14f">
         <name>.text:ADCIntRegister</name>
         <load_address>0x4048</load_address>
         <run_address>0x4048</run_address>
         <size>0x18</size>
         <input_file_ref idref="fl-e4"/>
      </object_component>
      <object_component id="oc-e3">
         <name>.text:ADCProcessorTrigger</name>
         <load_address>0x4060</load_address>
         <run_address>0x4060</run_address>
         <size>0x18</size>
         <input_file_ref idref="fl-e4"/>
      </object_component>
      <object_component id="oc-173">
         <name>.text:GPIOIntRegister</name>
         <load_address>0x4078</load_address>
         <run_address>0x4078</run_address>
         <size>0x18</size>
         <input_file_ref idref="fl-e5"/>
      </object_component>
      <object_component id="oc-36e">
         <name>.text:GPIOPinTypeGPIOOutput</name>
         <load_address>0x4090</load_address>
         <run_address>0x4090</run_address>
         <size>0x18</size>
         <input_file_ref idref="fl-e5"/>
      </object_component>
      <object_component id="oc-6c">
         <name>.text</name>
         <load_address>0x40a8</load_address>
         <run_address>0x40a8</run_address>
         <size>0x18</size>
         <input_file_ref idref="fl-df"/>
      </object_component>
      <object_component id="oc-167">
         <name>.text:GPIOPinTypeGPIOInput</name>
         <load_address>0x40c0</load_address>
         <run_address>0x40c0</run_address>
         <size>0x16</size>
         <input_file_ref idref="fl-e5"/>
      </object_component>
      <object_component id="oc-21d">
         <name>.text:GPIOPinTypePWM</name>
         <load_address>0x40d6</load_address>
         <run_address>0x40d6</run_address>
         <size>0x16</size>
         <input_file_ref idref="fl-e5"/>
      </object_component>
      <object_component id="oc-350">
         <name>.text:GPIOPinTypeSSI</name>
         <load_address>0x40ec</load_address>
         <run_address>0x40ec</run_address>
         <size>0x16</size>
         <input_file_ref idref="fl-e5"/>
      </object_component>
      <object_component id="oc-287">
         <name>.text:GPIOPinTypeUART</name>
         <load_address>0x4102</load_address>
         <run_address>0x4102</run_address>
         <size>0x16</size>
         <input_file_ref idref="fl-e5"/>
      </object_component>
      <object_component id="oc-113">
         <name>.text:SysCtlPWMClockSet</name>
         <load_address>0x4118</load_address>
         <run_address>0x4118</run_address>
         <size>0x14</size>
         <input_file_ref idref="fl-e9"/>
      </object_component>
      <object_component id="oc-131">
         <name>.text:SysTickEnable</name>
         <load_address>0x412c</load_address>
         <run_address>0x412c</run_address>
         <size>0x14</size>
         <input_file_ref idref="fl-ea"/>
      </object_component>
      <object_component id="oc-12b">
         <name>.text:SysTickIntEnable</name>
         <load_address>0x4140</load_address>
         <run_address>0x4140</run_address>
         <size>0x14</size>
         <input_file_ref idref="fl-ea"/>
      </object_component>
      <object_component id="oc-299">
         <name>.text:UARTEnable</name>
         <load_address>0x4154</load_address>
         <run_address>0x4154</run_address>
         <size>0x14</size>
         <input_file_ref idref="fl-ec"/>
      </object_component>
      <object_component id="oc-1c3">
         <name>.text</name>
         <load_address>0x4168</load_address>
         <run_address>0x4168</run_address>
         <size>0x14</size>
         <input_file_ref idref="fl-de"/>
      </object_component>
      <object_component id="oc-22f">
         <name>.text:PWMOutputState</name>
         <load_address>0x417c</load_address>
         <run_address>0x417c</run_address>
         <size>0x12</size>
         <input_file_ref idref="fl-e7"/>
      </object_component>
      <object_component id="oc-155">
         <name>.text:ADCIntEnable</name>
         <load_address>0x418e</load_address>
         <run_address>0x418e</run_address>
         <size>0x10</size>
         <input_file_ref idref="fl-e4"/>
      </object_component>
      <object_component id="oc-1b2">
         <name>.text:IntMasterEnable</name>
         <load_address>0x419e</load_address>
         <run_address>0x419e</run_address>
         <size>0x10</size>
         <input_file_ref idref="fl-e6"/>
      </object_component>
      <object_component id="oc-235">
         <name>.text:PWMGenPeriodSet</name>
         <load_address>0x41ae</load_address>
         <run_address>0x41ae</run_address>
         <size>0x10</size>
         <input_file_ref idref="fl-e7"/>
      </object_component>
      <object_component id="oc-a6">
         <name>.text</name>
         <load_address>0x41be</load_address>
         <run_address>0x41be</run_address>
         <size>0x2</size>
         <input_file_ref idref="fl-e3"/>
      </object_component>
      <object_component id="oc-11f">
         <name>.text:SysTickPeriodSet</name>
         <load_address>0x41c0</load_address>
         <run_address>0x41c0</run_address>
         <size>0x10</size>
         <input_file_ref idref="fl-ea"/>
      </object_component>
      <object_component id="oc-149">
         <name>.text:ADCSequenceEnable</name>
         <load_address>0x41d0</load_address>
         <run_address>0x41d0</run_address>
         <size>0xe</size>
         <input_file_ref idref="fl-e4"/>
      </object_component>
      <object_component id="oc-1ac">
         <name>.text:GPIOIntDisable</name>
         <load_address>0x41de</load_address>
         <run_address>0x41de</run_address>
         <size>0xe</size>
         <input_file_ref idref="fl-e5"/>
      </object_component>
      <object_component id="oc-3d9">
         <name>.text:TimerEnable</name>
         <load_address>0x41ec</load_address>
         <run_address>0x41ec</run_address>
         <size>0xe</size>
         <input_file_ref idref="fl-eb"/>
      </object_component>
      <object_component id="oc-18">
         <name>.text:decompress:none</name>
         <load_address>0x41fa</load_address>
         <run_address>0x41fa</run_address>
         <size>0xe</size>
         <input_file_ref idref="fl-ce"/>
      </object_component>
      <object_component id="oc-2dd">
         <name>.text:CPUcpsie</name>
         <load_address>0x4208</load_address>
         <run_address>0x4208</run_address>
         <size>0xc</size>
         <input_file_ref idref="fl-ed"/>
      </object_component>
      <object_component id="oc-179">
         <name>.text:GPIOIntEnable</name>
         <load_address>0x4214</load_address>
         <run_address>0x4214</run_address>
         <size>0xc</size>
         <input_file_ref idref="fl-e5"/>
      </object_component>
      <object_component id="oc-229">
         <name>.text:PWMGenEnable</name>
         <load_address>0x4220</load_address>
         <run_address>0x4220</run_address>
         <size>0xc</size>
         <input_file_ref idref="fl-e7"/>
      </object_component>
      <object_component id="oc-380">
         <name>.text:SSIDataGet</name>
         <load_address>0x422c</load_address>
         <run_address>0x422c</run_address>
         <size>0xc</size>
         <input_file_ref idref="fl-e8"/>
      </object_component>
      <object_component id="oc-1e">
         <name>.text:decompress:ZI</name>
         <load_address>0x4238</load_address>
         <run_address>0x4238</run_address>
         <size>0xc</size>
         <input_file_ref idref="fl-cf"/>
      </object_component>
      <object_component id="oc-2e">
         <name>.text</name>
         <load_address>0x4244</load_address>
         <run_address>0x4244</run_address>
         <size>0xc</size>
         <input_file_ref idref="fl-9"/>
      </object_component>
      <object_component id="oc-f5">
         <name>.text:ADCIntClear</name>
         <load_address>0x4250</load_address>
         <run_address>0x4250</run_address>
         <size>0xa</size>
         <input_file_ref idref="fl-e4"/>
      </object_component>
      <object_component id="oc-37a">
         <name>.text:SSIDataPut</name>
         <load_address>0x425a</load_address>
         <run_address>0x425a</run_address>
         <size>0xa</size>
         <input_file_ref idref="fl-e8"/>
      </object_component>
      <object_component id="oc-362">
         <name>.text:SSIEnable</name>
         <load_address>0x4264</load_address>
         <run_address>0x4264</run_address>
         <size>0xa</size>
         <input_file_ref idref="fl-e8"/>
      </object_component>
      <object_component id="oc-3df">
         <name>.text:TimerValueGet</name>
         <load_address>0x426e</load_address>
         <run_address>0x426e</run_address>
         <size>0xa</size>
         <input_file_ref idref="fl-eb"/>
      </object_component>
      <object_component id="oc-29f">
         <name>.text:UARTCharPut</name>
         <load_address>0x4278</load_address>
         <run_address>0x4278</run_address>
         <size>0xa</size>
         <input_file_ref idref="fl-ec"/>
      </object_component>
      <object_component id="oc-293">
         <name>.text:UARTFIFOEnable</name>
         <load_address>0x4282</load_address>
         <run_address>0x4282</run_address>
         <size>0xa</size>
         <input_file_ref idref="fl-ec"/>
      </object_component>
      <object_component id="oc-374">
         <name>.text:SSIBusy</name>
         <load_address>0x428c</load_address>
         <run_address>0x428c</run_address>
         <size>0x8</size>
         <input_file_ref idref="fl-e8"/>
      </object_component>
      <object_component id="oc-101">
         <name>.text:GPIOIntClear</name>
         <load_address>0x4294</load_address>
         <run_address>0x4294</run_address>
         <size>0x6</size>
         <input_file_ref idref="fl-e5"/>
      </object_component>
      <object_component id="oc-fb">
         <name>.text:GPIOPinRead</name>
         <load_address>0x429a</load_address>
         <run_address>0x429a</run_address>
         <size>0x6</size>
         <input_file_ref idref="fl-e5"/>
      </object_component>
      <object_component id="oc-368">
         <name>.text:GPIOPinWrite</name>
         <load_address>0x42a0</load_address>
         <run_address>0x42a0</run_address>
         <size>0x6</size>
         <input_file_ref idref="fl-e5"/>
      </object_component>
      <object_component id="oc-356">
         <name>.text:SSIClockSourceSet</name>
         <load_address>0x42a6</load_address>
         <run_address>0x42a6</run_address>
         <size>0x6</size>
         <input_file_ref idref="fl-e8"/>
      </object_component>
      <object_component id="oc-1ec">
         <name>.text:SysCtlDelay</name>
         <load_address>0x42ac</load_address>
         <run_address>0x42ac</run_address>
         <size>0x6</size>
         <input_file_ref idref="fl-e9"/>
      </object_component>
      <object_component id="oc-60">
         <name>.text</name>
         <load_address>0x42b2</load_address>
         <run_address>0x42b2</run_address>
         <size>0x4</size>
         <input_file_ref idref="fl-db"/>
      </object_component>
      <object_component id="oc-386">
         <name>.const:.string:rgbOledFont0</name>
         <load_address>0x42b8</load_address>
         <run_address>0x42b8</run_address>
         <size>0x300</size>
         <input_file_ref idref="fl-c"/>
      </object_component>
      <object_component id="oc-31f">
         <name>.const:g_ppui32GPIOIntMapSnowflake</name>
         <load_address>0x45b8</load_address>
         <run_address>0x45b8</run_address>
         <size>0xd8</size>
         <input_file_ref idref="fl-e5"/>
      </object_component>
      <object_component id="oc-31c">
         <name>.const:g_ppui32GPIOIntMapBlizzard</name>
         <load_address>0x4690</load_address>
         <run_address>0x4690</run_address>
         <size>0xc0</size>
         <input_file_ref idref="fl-e5"/>
      </object_component>
      <object_component id="oc-310">
         <name>.const:g_pui32GPIOBaseAddrs</name>
         <load_address>0x4750</load_address>
         <run_address>0x4750</run_address>
         <size>0x90</size>
         <input_file_ref idref="fl-e5"/>
      </object_component>
      <object_component id="oc-1ef">
         <name>.const:g_pui32Xtals</name>
         <load_address>0x47e0</load_address>
         <run_address>0x47e0</run_address>
         <size>0x6c</size>
         <input_file_ref idref="fl-e9"/>
      </object_component>
      <object_component id="oc-38c">
         <name>.const:.string:rgbFillPat</name>
         <load_address>0x484c</load_address>
         <run_address>0x484c</run_address>
         <size>0x40</size>
         <input_file_ref idref="fl-d"/>
      </object_component>
      <object_component id="oc-25b">
         <name>.const:g_psDaysToMonth</name>
         <load_address>0x488c</load_address>
         <run_address>0x488c</run_address>
         <size>0x30</size>
         <input_file_ref idref="fl-a"/>
      </object_component>
      <object_component id="oc-25e">
         <name>.const:g_pfExponents</name>
         <load_address>0x48bc</load_address>
         <run_address>0x48bc</run_address>
         <size>0x18</size>
         <input_file_ref idref="fl-a"/>
      </object_component>
      <object_component id="oc-308">
         <name>.const:g_pui32EnRegs</name>
         <load_address>0x48d4</load_address>
         <run_address>0x48d4</run_address>
         <size>0x14</size>
         <input_file_ref idref="fl-e6"/>
      </object_component>
      <object_component id="oc-32a">
         <name>.const:.string</name>
         <load_address>0x48e8</load_address>
         <run_address>0x48e8</run_address>
         <size>0x12</size>
         <input_file_ref idref="fl-a"/>
      </object_component>
      <object_component id="oc-258">
         <name>.const</name>
         <load_address>0x48fc</load_address>
         <run_address>0x48fc</run_address>
         <size>0x4</size>
         <input_file_ref idref="fl-a"/>
      </object_component>
      <object_component id="oc-429">
         <name>.cinit..data.load</name>
         <load_address>0x4900</load_address>
         <run_address>0x4900</run_address>
         <size>0x1e</size>
      </object_component>
      <object_component id="oc-426">
         <name>__TI_handler_table</name>
         <load_address>0x4920</load_address>
         <run_address>0x4920</run_address>
         <size>0xc</size>
      </object_component>
      <object_component id="oc-42a">
         <name>.cinit..bss.load</name>
         <load_address>0x4930</load_address>
         <run_address>0x4930</run_address>
         <size>0x8</size>
      </object_component>
      <object_component id="oc-428">
         <name>.cinit..vtable.load</name>
         <load_address>0x4938</load_address>
         <run_address>0x4938</run_address>
         <size>0x8</size>
      </object_component>
      <object_component id="oc-427">
         <name>__TI_cinit_table</name>
         <load_address>0x4940</load_address>
         <run_address>0x4940</run_address>
         <size>0x18</size>
      </object_component>
      <object_component id="oc-302">
         <name>.vtable</name>
         <uninitialized>true</uninitialized>
         <run_address>0x20000000</run_address>
         <size>0x26c</size>
         <input_file_ref idref="fl-e6"/>
      </object_component>
      <object_component id="oc-191">
         <name>.data</name>
         <load_address>0x20000a28</load_address>
         <run_address>0x20000a28</run_address>
         <size>0x6</size>
         <input_file_ref idref="fl-2"/>
      </object_component>
      <object_component id="oc-2d5">
         <name>.data</name>
         <load_address>0x20000a20</load_address>
         <run_address>0x20000a20</run_address>
         <size>0x8</size>
         <input_file_ref idref="fl-3"/>
      </object_component>
      <object_component id="oc-213">
         <name>.data</name>
         <load_address>0x20000a2e</load_address>
         <run_address>0x20000a2e</run_address>
         <size>0x1</size>
         <input_file_ref idref="fl-6"/>
      </object_component>
      <object_component id="oc-261">
         <name>.data</name>
         <load_address>0x20000a34</load_address>
         <run_address>0x20000a34</run_address>
         <size>0x4</size>
         <input_file_ref idref="fl-a"/>
      </object_component>
      <object_component id="oc-b6">
         <name>.data:$O1$$</name>
         <load_address>0x20000a00</load_address>
         <run_address>0x20000a00</run_address>
         <size>0xc</size>
         <input_file_ref idref="fl-d0"/>
      </object_component>
      <object_component id="oc-2eb">
         <name>.data:$O1$$</name>
         <load_address>0x20000a0c</load_address>
         <run_address>0x20000a0c</run_address>
         <size>0xc</size>
         <input_file_ref idref="fl-d8"/>
      </object_component>
      <object_component id="oc-78">
         <name>.data</name>
         <load_address>0x20000a30</load_address>
         <run_address>0x20000a30</run_address>
         <size>0x4</size>
         <input_file_ref idref="fl-dc"/>
      </object_component>
      <object_component id="oc-b9">
         <name>.data:$O1$$</name>
         <load_address>0x20000a18</load_address>
         <run_address>0x20000a18</run_address>
         <size>0x8</size>
         <input_file_ref idref="fl-de"/>
      </object_component>
      <object_component id="oc-194">
         <name>.bss:g_inBuffer</name>
         <uninitialized>true</uninitialized>
         <run_address>0x20000584</run_address>
         <size>0x10</size>
         <input_file_ref idref="fl-2"/>
      </object_component>
      <object_component id="oc-19d">
         <name>.bss</name>
         <uninitialized>true</uninitialized>
         <run_address>0x20000594</run_address>
         <size>0xc</size>
         <input_file_ref idref="fl-2"/>
      </object_component>
      <object_component id="oc-2d8">
         <name>.bss</name>
         <uninitialized>true</uninitialized>
         <run_address>0x20000570</run_address>
         <size>0x14</size>
         <input_file_ref idref="fl-3"/>
      </object_component>
      <object_component id="oc-2ac">
         <name>.bss:but_state</name>
         <uninitialized>true</uninitialized>
         <run_address>0x200005b8</run_address>
         <size>0x4</size>
         <input_file_ref idref="fl-4"/>
      </object_component>
      <object_component id="oc-2af">
         <name>.bss:but_count</name>
         <uninitialized>true</uninitialized>
         <run_address>0x200005ac</run_address>
         <size>0x4</size>
         <input_file_ref idref="fl-4"/>
      </object_component>
      <object_component id="oc-2b2">
         <name>.bss:but_flag</name>
         <uninitialized>true</uninitialized>
         <run_address>0x200005b0</run_address>
         <size>0x4</size>
         <input_file_ref idref="fl-4"/>
      </object_component>
      <object_component id="oc-2a9">
         <name>.bss:but_normal</name>
         <uninitialized>true</uninitialized>
         <run_address>0x200005b4</run_address>
         <size>0x4</size>
         <input_file_ref idref="fl-4"/>
      </object_component>
      <object_component id="oc-210">
         <name>.bss</name>
         <uninitialized>true</uninitialized>
         <run_address>0x200005a0</run_address>
         <size>0xc</size>
         <input_file_ref idref="fl-6"/>
      </object_component>
      <object_component id="oc-3c7">
         <name>.common:xcoOledCur</name>
         <uninitialized>true</uninitialized>
         <run_address>0x200005ec</run_address>
         <size>0x4</size>
      </object_component>
      <object_component id="oc-3c8">
         <name>.common:ycoOledCur</name>
         <uninitialized>true</uninitialized>
         <run_address>0x200005f8</run_address>
         <size>0x4</size>
      </object_component>
      <object_component id="oc-348">
         <name>.common:pbOledCur</name>
         <uninitialized>true</uninitialized>
         <run_address>0x200005d0</run_address>
         <size>0x4</size>
      </object_component>
      <object_component id="oc-3c9">
         <name>.common:bnOledCur</name>
         <uninitialized>true</uninitialized>
         <run_address>0x200005bc</run_address>
         <size>0x4</size>
      </object_component>
      <object_component id="oc-38a">
         <name>.common:clrOledCur</name>
         <uninitialized>true</uninitialized>
         <run_address>0x200005fc</run_address>
         <size>0x1</size>
      </object_component>
      <object_component id="oc-38b">
         <name>.common:pbOledPatCur</name>
         <uninitialized>true</uninitialized>
         <run_address>0x200005dc</run_address>
         <size>0x4</size>
      </object_component>
      <object_component id="oc-346">
         <name>.common:fOledCharUpdate</name>
         <uninitialized>true</uninitialized>
         <run_address>0x200005c8</run_address>
         <size>0x4</size>
      </object_component>
      <object_component id="oc-341">
         <name>.common:dxcoOledFontCur</name>
         <uninitialized>true</uninitialized>
         <run_address>0x200005c0</run_address>
         <size>0x4</size>
      </object_component>
      <object_component id="oc-344">
         <name>.common:dycoOledFontCur</name>
         <uninitialized>true</uninitialized>
         <run_address>0x200005c4</run_address>
         <size>0x4</size>
      </object_component>
      <object_component id="oc-347">
         <name>.common:pbOledFontCur</name>
         <uninitialized>true</uninitialized>
         <run_address>0x200005d4</run_address>
         <size>0x4</size>
      </object_component>
      <object_component id="oc-345">
         <name>.common:pbOledFontUser</name>
         <uninitialized>true</uninitialized>
         <run_address>0x200005d8</run_address>
         <size>0x4</size>
      </object_component>
      <object_component id="oc-38f">
         <name>.common:rgbOledBmp</name>
         <uninitialized>true</uninitialized>
         <run_address>0x20000270</run_address>
         <size>0x200</size>
      </object_component>
      <object_component id="oc-33f">
         <name>.common:xchOledCur</name>
         <uninitialized>true</uninitialized>
         <run_address>0x200005e4</run_address>
         <size>0x4</size>
      </object_component>
      <object_component id="oc-340">
         <name>.common:ychOledCur</name>
         <uninitialized>true</uninitialized>
         <run_address>0x200005f0</run_address>
         <size>0x4</size>
      </object_component>
      <object_component id="oc-33b">
         <name>.common:xchOledMax</name>
         <uninitialized>true</uninitialized>
         <run_address>0x200005e8</run_address>
         <size>0x4</size>
      </object_component>
      <object_component id="oc-33e">
         <name>.common:ychOledMax</name>
         <uninitialized>true</uninitialized>
         <run_address>0x200005f4</run_address>
         <size>0x4</size>
      </object_component>
      <object_component id="oc-389">
         <name>.common:rgbOledFontUser</name>
         <uninitialized>true</uninitialized>
         <run_address>0x20000470</run_address>
         <size>0x100</size>
      </object_component>
      <object_component id="oc-3cd">
         <name>.common:pfnDoRop</name>
         <uninitialized>true</uninitialized>
         <run_address>0x200005e0</run_address>
         <size>0x4</size>
      </object_component>
      <object_component id="oc-3ca">
         <name>.common:modOledCur</name>
         <uninitialized>true</uninitialized>
         <run_address>0x200005cc</run_address>
         <size>0x4</size>
      </object_component>
      <object_component id="oc-2b">
         <name>.sysmem</name>
         <uninitialized>true</uninitialized>
         <run_address>0x20000800</run_address>
         <size>0x8</size>
         <input_file_ref idref="fl-d8"/>
      </object_component>
      <object_component id="oc-42c">
         <name>.sysmem</name>
         <uninitialized>true</uninitialized>
         <run_address>0x20000800</run_address>
         <size>0x0</size>
      </object_component>
      <object_component id="oc-2a">
         <name>.stack</name>
         <uninitialized>true</uninitialized>
         <run_address>0x20000600</run_address>
         <size>0x0</size>
         <input_file_ref idref="fl-cc"/>
      </object_component>
      <object_component id="oc-42b">
         <name>.stack</name>
         <uninitialized>true</uninitialized>
         <run_address>0x20000600</run_address>
         <size>0x0</size>
      </object_component>
      <object_component id="oc-1b9">
         <name>.debug_info</name>
         <load_address>0x0</load_address>
         <run_address>0x0</run_address>
         <size>0xbb3</size>
         <input_file_ref idref="fl-2"/>
      </object_component>
      <object_component id="oc-195">
         <name>.debug_info</name>
         <load_address>0xbb3</load_address>
         <run_address>0xbb3</run_address>
         <size>0xc9</size>
         <input_file_ref idref="fl-2"/>
      </object_component>
      <object_component id="oc-19e">
         <name>.debug_info</name>
         <load_address>0xc7c</load_address>
         <run_address>0xc7c</run_address>
         <size>0x1a1</size>
         <input_file_ref idref="fl-2"/>
      </object_component>
      <object_component id="oc-192">
         <name>.debug_info</name>
         <load_address>0xe1d</load_address>
         <run_address>0xe1d</run_address>
         <size>0x127</size>
         <input_file_ref idref="fl-2"/>
      </object_component>
      <object_component id="oc-af">
         <name>.debug_info</name>
         <load_address>0xf44</load_address>
         <run_address>0xf44</run_address>
         <size>0x10a5</size>
         <input_file_ref idref="fl-2"/>
      </object_component>
      <object_component id="oc-282">
         <name>.debug_info</name>
         <load_address>0x1fe9</load_address>
         <run_address>0x1fe9</run_address>
         <size>0x86</size>
         <input_file_ref idref="fl-2"/>
      </object_component>
      <object_component id="oc-266">
         <name>.debug_info</name>
         <load_address>0x206f</load_address>
         <run_address>0x206f</run_address>
         <size>0x196</size>
         <input_file_ref idref="fl-2"/>
      </object_component>
      <object_component id="oc-cd">
         <name>.debug_info</name>
         <load_address>0x2205</load_address>
         <run_address>0x2205</run_address>
         <size>0x8b</size>
         <input_file_ref idref="fl-2"/>
      </object_component>
      <object_component id="oc-83">
         <name>.debug_info</name>
         <load_address>0x2290</load_address>
         <run_address>0x2290</run_address>
         <size>0x18b</size>
         <input_file_ref idref="fl-2"/>
      </object_component>
      <object_component id="oc-26b">
         <name>.debug_info</name>
         <load_address>0x241b</load_address>
         <run_address>0x241b</run_address>
         <size>0x4e</size>
         <input_file_ref idref="fl-2"/>
      </object_component>
      <object_component id="oc-2d6">
         <name>.debug_info</name>
         <load_address>0x2469</load_address>
         <run_address>0x2469</run_address>
         <size>0xe3</size>
         <input_file_ref idref="fl-3"/>
      </object_component>
      <object_component id="oc-2d9">
         <name>.debug_info</name>
         <load_address>0x254c</load_address>
         <run_address>0x254c</run_address>
         <size>0x10b</size>
         <input_file_ref idref="fl-3"/>
      </object_component>
      <object_component id="oc-1a7">
         <name>.debug_info</name>
         <load_address>0x2657</load_address>
         <run_address>0x2657</run_address>
         <size>0x51b</size>
         <input_file_ref idref="fl-3"/>
      </object_component>
      <object_component id="oc-3d">
         <name>.debug_info</name>
         <load_address>0x2b72</load_address>
         <run_address>0x2b72</run_address>
         <size>0x84</size>
         <input_file_ref idref="fl-3"/>
      </object_component>
      <object_component id="oc-2b6">
         <name>.debug_info</name>
         <load_address>0x2bf6</load_address>
         <run_address>0x2bf6</run_address>
         <size>0x348</size>
         <input_file_ref idref="fl-4"/>
      </object_component>
      <object_component id="oc-2ad">
         <name>.debug_info</name>
         <load_address>0x2f3e</load_address>
         <run_address>0x2f3e</run_address>
         <size>0xc4</size>
         <input_file_ref idref="fl-4"/>
      </object_component>
      <object_component id="oc-2b0">
         <name>.debug_info</name>
         <load_address>0x3002</load_address>
         <run_address>0x3002</run_address>
         <size>0xc4</size>
         <input_file_ref idref="fl-4"/>
      </object_component>
      <object_component id="oc-2b3">
         <name>.debug_info</name>
         <load_address>0x30c6</load_address>
         <run_address>0x30c6</run_address>
         <size>0xc2</size>
         <input_file_ref idref="fl-4"/>
      </object_component>
      <object_component id="oc-2aa">
         <name>.debug_info</name>
         <load_address>0x3188</load_address>
         <run_address>0x3188</run_address>
         <size>0xc6</size>
         <input_file_ref idref="fl-4"/>
      </object_component>
      <object_component id="oc-1a1">
         <name>.debug_info</name>
         <load_address>0x324e</load_address>
         <run_address>0x324e</run_address>
         <size>0x38c</size>
         <input_file_ref idref="fl-4"/>
      </object_component>
      <object_component id="oc-1e5">
         <name>.debug_info</name>
         <load_address>0x35da</load_address>
         <run_address>0x35da</run_address>
         <size>0x2bd</size>
         <input_file_ref idref="fl-5"/>
      </object_component>
      <object_component id="oc-f1">
         <name>.debug_info</name>
         <load_address>0x3897</load_address>
         <run_address>0x3897</run_address>
         <size>0x31a</size>
         <input_file_ref idref="fl-5"/>
      </object_component>
      <object_component id="oc-2f1">
         <name>.debug_info</name>
         <load_address>0x3bb1</load_address>
         <run_address>0x3bb1</run_address>
         <size>0x110</size>
         <input_file_ref idref="fl-5"/>
      </object_component>
      <object_component id="oc-211">
         <name>.debug_info</name>
         <load_address>0x3cc1</load_address>
         <run_address>0x3cc1</run_address>
         <size>0x125</size>
         <input_file_ref idref="fl-6"/>
      </object_component>
      <object_component id="oc-214">
         <name>.debug_info</name>
         <load_address>0x3de6</load_address>
         <run_address>0x3de6</run_address>
         <size>0xbb</size>
         <input_file_ref idref="fl-6"/>
      </object_component>
      <object_component id="oc-15c">
         <name>.debug_info</name>
         <load_address>0x3ea1</load_address>
         <run_address>0x3ea1</run_address>
         <size>0x38e</size>
         <input_file_ref idref="fl-6"/>
      </object_component>
      <object_component id="oc-162">
         <name>.debug_info</name>
         <load_address>0x422f</load_address>
         <run_address>0x422f</run_address>
         <size>0x51d</size>
         <input_file_ref idref="fl-7"/>
      </object_component>
      <object_component id="oc-2a6">
         <name>.debug_info</name>
         <load_address>0x474c</load_address>
         <run_address>0x474c</run_address>
         <size>0x422</size>
         <input_file_ref idref="fl-8"/>
      </object_component>
      <object_component id="oc-198">
         <name>.debug_info</name>
         <load_address>0x4b6e</load_address>
         <run_address>0x4b6e</run_address>
         <size>0x275</size>
         <input_file_ref idref="fl-8"/>
      </object_component>
      <object_component id="oc-36">
         <name>.debug_info</name>
         <load_address>0x4de3</load_address>
         <run_address>0x4de3</run_address>
         <size>0x28a</size>
         <input_file_ref idref="fl-9"/>
      </object_component>
      <object_component id="oc-10">
         <name>.debug_info</name>
         <load_address>0x506d</load_address>
         <run_address>0x506d</run_address>
         <size>0xdb</size>
         <input_file_ref idref="fl-9"/>
      </object_component>
      <object_component id="oc-30">
         <name>.debug_info</name>
         <load_address>0x5148</load_address>
         <run_address>0x5148</run_address>
         <size>0x257</size>
         <input_file_ref idref="fl-9"/>
      </object_component>
      <object_component id="oc-265">
         <name>.debug_info</name>
         <load_address>0x539f</load_address>
         <run_address>0x539f</run_address>
         <size>0x2cb</size>
         <input_file_ref idref="fl-a"/>
      </object_component>
      <object_component id="oc-259">
         <name>.debug_info</name>
         <load_address>0x566a</load_address>
         <run_address>0x566a</run_address>
         <size>0xe4</size>
         <input_file_ref idref="fl-a"/>
      </object_component>
      <object_component id="oc-25c">
         <name>.debug_info</name>
         <load_address>0x574e</load_address>
         <run_address>0x574e</run_address>
         <size>0xf5</size>
         <input_file_ref idref="fl-a"/>
      </object_component>
      <object_component id="oc-25f">
         <name>.debug_info</name>
         <load_address>0x5843</load_address>
         <run_address>0x5843</run_address>
         <size>0xf1</size>
         <input_file_ref idref="fl-a"/>
      </object_component>
      <object_component id="oc-262">
         <name>.debug_info</name>
         <load_address>0x5934</load_address>
         <run_address>0x5934</run_address>
         <size>0xf1</size>
         <input_file_ref idref="fl-a"/>
      </object_component>
      <object_component id="oc-186">
         <name>.debug_info</name>
         <load_address>0x5a25</load_address>
         <run_address>0x5a25</run_address>
         <size>0x134d</size>
         <input_file_ref idref="fl-a"/>
      </object_component>
      <object_component id="oc-27d">
         <name>.debug_info</name>
         <load_address>0x6d72</load_address>
         <run_address>0x6d72</run_address>
         <size>0x335</size>
         <input_file_ref idref="fl-b"/>
      </object_component>
      <object_component id="oc-18c">
         <name>.debug_info</name>
         <load_address>0x70a7</load_address>
         <run_address>0x70a7</run_address>
         <size>0x326</size>
         <input_file_ref idref="fl-b"/>
      </object_component>
      <object_component id="oc-3f2">
         <name>.debug_info</name>
         <load_address>0x73cd</load_address>
         <run_address>0x73cd</run_address>
         <size>0xdc</size>
         <input_file_ref idref="fl-c"/>
      </object_component>
      <object_component id="oc-387">
         <name>.debug_info</name>
         <load_address>0x74a9</load_address>
         <run_address>0x74a9</run_address>
         <size>0xf0</size>
         <input_file_ref idref="fl-c"/>
      </object_component>
      <object_component id="oc-3f5">
         <name>.debug_info</name>
         <load_address>0x7599</load_address>
         <run_address>0x7599</run_address>
         <size>0xd9</size>
         <input_file_ref idref="fl-d"/>
      </object_component>
      <object_component id="oc-38d">
         <name>.debug_info</name>
         <load_address>0x7672</load_address>
         <run_address>0x7672</run_address>
         <size>0xeb</size>
         <input_file_ref idref="fl-d"/>
      </object_component>
      <object_component id="oc-342">
         <name>.debug_info</name>
         <load_address>0x775d</load_address>
         <run_address>0x775d</run_address>
         <size>0x837</size>
         <input_file_ref idref="fl-e"/>
      </object_component>
      <object_component id="oc-27a">
         <name>.debug_info</name>
         <load_address>0x7f94</load_address>
         <run_address>0x7f94</run_address>
         <size>0xcc1</size>
         <input_file_ref idref="fl-e"/>
      </object_component>
      <object_component id="oc-33c">
         <name>.debug_info</name>
         <load_address>0x8c55</load_address>
         <run_address>0x8c55</run_address>
         <size>0x4b4</size>
         <input_file_ref idref="fl-f"/>
      </object_component>
      <object_component id="oc-274">
         <name>.debug_info</name>
         <load_address>0x9109</load_address>
         <run_address>0x9109</run_address>
         <size>0x994</size>
         <input_file_ref idref="fl-f"/>
      </object_component>
      <object_component id="oc-3cb">
         <name>.debug_info</name>
         <load_address>0x9a9d</load_address>
         <run_address>0x9a9d</run_address>
         <size>0x4a7</size>
         <input_file_ref idref="fl-10"/>
      </object_component>
      <object_component id="oc-338">
         <name>.debug_info</name>
         <load_address>0x9f44</load_address>
         <run_address>0x9f44</run_address>
         <size>0x1de6</size>
         <input_file_ref idref="fl-10"/>
      </object_component>
      <object_component id="oc-34b">
         <name>.debug_info</name>
         <load_address>0xbd2a</load_address>
         <run_address>0xbd2a</run_address>
         <size>0x271</size>
         <input_file_ref idref="fl-11"/>
      </object_component>
      <object_component id="oc-27">
         <name>.debug_info</name>
         <load_address>0xbf9b</load_address>
         <run_address>0xbf9b</run_address>
         <size>0x16b</size>
         <input_file_ref idref="fl-cc"/>
      </object_component>
      <object_component id="oc-8d">
         <name>.debug_info</name>
         <load_address>0xc106</load_address>
         <run_address>0xc106</run_address>
         <size>0x29e</size>
         <input_file_ref idref="fl-cd"/>
      </object_component>
      <object_component id="oc-13">
         <name>.debug_info</name>
         <load_address>0xc3a4</load_address>
         <run_address>0xc3a4</run_address>
         <size>0x250</size>
         <input_file_ref idref="fl-cd"/>
      </object_component>
      <object_component id="oc-38">
         <name>.debug_info</name>
         <load_address>0xc5f4</load_address>
         <run_address>0xc5f4</run_address>
         <size>0x60</size>
         <input_file_ref idref="fl-cd"/>
      </object_component>
      <object_component id="oc-88">
         <name>.debug_info</name>
         <load_address>0xc654</load_address>
         <run_address>0xc654</run_address>
         <size>0x46</size>
         <input_file_ref idref="fl-cd"/>
      </object_component>
      <object_component id="oc-4d">
         <name>.debug_info</name>
         <load_address>0xc69a</load_address>
         <run_address>0xc69a</run_address>
         <size>0x2e5</size>
         <input_file_ref idref="fl-ce"/>
      </object_component>
      <object_component id="oc-19">
         <name>.debug_info</name>
         <load_address>0xc97f</load_address>
         <run_address>0xc97f</run_address>
         <size>0x1ea</size>
         <input_file_ref idref="fl-ce"/>
      </object_component>
      <object_component id="oc-48">
         <name>.debug_info</name>
         <load_address>0xcb69</load_address>
         <run_address>0xcb69</run_address>
         <size>0x46</size>
         <input_file_ref idref="fl-ce"/>
      </object_component>
      <object_component id="oc-8f">
         <name>.debug_info</name>
         <load_address>0xcbaf</load_address>
         <run_address>0xcbaf</run_address>
         <size>0x2c</size>
         <input_file_ref idref="fl-ce"/>
      </object_component>
      <object_component id="oc-59">
         <name>.debug_info</name>
         <load_address>0xcbdb</load_address>
         <run_address>0xcbdb</run_address>
         <size>0x2d4</size>
         <input_file_ref idref="fl-cf"/>
      </object_component>
      <object_component id="oc-1f">
         <name>.debug_info</name>
         <load_address>0xceaf</load_address>
         <run_address>0xceaf</run_address>
         <size>0x1b5</size>
         <input_file_ref idref="fl-cf"/>
      </object_component>
      <object_component id="oc-54">
         <name>.debug_info</name>
         <load_address>0xd064</load_address>
         <run_address>0xd064</run_address>
         <size>0x46</size>
         <input_file_ref idref="fl-cf"/>
      </object_component>
      <object_component id="oc-97">
         <name>.debug_info</name>
         <load_address>0xd0aa</load_address>
         <run_address>0xd0aa</run_address>
         <size>0x2c</size>
         <input_file_ref idref="fl-cf"/>
      </object_component>
      <object_component id="oc-bd">
         <name>.debug_info</name>
         <load_address>0xd0d6</load_address>
         <run_address>0xd0d6</run_address>
         <size>0x3d9</size>
         <input_file_ref idref="fl-d0"/>
      </object_component>
      <object_component id="oc-b7">
         <name>.debug_info</name>
         <load_address>0xd4af</load_address>
         <run_address>0xd4af</run_address>
         <size>0x190</size>
         <input_file_ref idref="fl-d0"/>
      </object_component>
      <object_component id="oc-75">
         <name>.debug_info</name>
         <load_address>0xd63f</load_address>
         <run_address>0xd63f</run_address>
         <size>0x21f</size>
         <input_file_ref idref="fl-d0"/>
      </object_component>
      <object_component id="oc-2c4">
         <name>.debug_info</name>
         <load_address>0xd85e</load_address>
         <run_address>0xd85e</run_address>
         <size>0x14f</size>
         <input_file_ref idref="fl-d1"/>
      </object_component>
      <object_component id="oc-2cc">
         <name>.debug_info</name>
         <load_address>0xd9ad</load_address>
         <run_address>0xd9ad</run_address>
         <size>0x13d</size>
         <input_file_ref idref="fl-d2"/>
      </object_component>
      <object_component id="oc-2be">
         <name>.debug_info</name>
         <load_address>0xdaea</load_address>
         <run_address>0xdaea</run_address>
         <size>0x13d</size>
         <input_file_ref idref="fl-d3"/>
      </object_component>
      <object_component id="oc-2c8">
         <name>.debug_info</name>
         <load_address>0xdc27</load_address>
         <run_address>0xdc27</run_address>
         <size>0x131</size>
         <input_file_ref idref="fl-d4"/>
      </object_component>
      <object_component id="oc-2d3">
         <name>.debug_info</name>
         <load_address>0xdd58</load_address>
         <run_address>0xdd58</run_address>
         <size>0x13c</size>
         <input_file_ref idref="fl-d5"/>
      </object_component>
      <object_component id="oc-2b9">
         <name>.debug_info</name>
         <load_address>0xde94</load_address>
         <run_address>0xde94</run_address>
         <size>0x12f</size>
         <input_file_ref idref="fl-d6"/>
      </object_component>
      <object_component id="oc-43">
         <name>.debug_info</name>
         <load_address>0xdfc3</load_address>
         <run_address>0xdfc3</run_address>
         <size>0x11c</size>
         <input_file_ref idref="fl-d7"/>
      </object_component>
      <object_component id="oc-7e">
         <name>.debug_info</name>
         <load_address>0xe0df</load_address>
         <run_address>0xe0df</run_address>
         <size>0x3c7</size>
         <input_file_ref idref="fl-d8"/>
      </object_component>
      <object_component id="oc-2c">
         <name>.debug_info</name>
         <load_address>0xe4a6</load_address>
         <run_address>0xe4a6</run_address>
         <size>0x10c</size>
         <input_file_ref idref="fl-d8"/>
      </object_component>
      <object_component id="oc-2ec">
         <name>.debug_info</name>
         <load_address>0xe5b2</load_address>
         <run_address>0xe5b2</run_address>
         <size>0x157</size>
         <input_file_ref idref="fl-d8"/>
      </object_component>
      <object_component id="oc-1e2">
         <name>.debug_info</name>
         <load_address>0xe709</load_address>
         <run_address>0xe709</run_address>
         <size>0x890</size>
         <input_file_ref idref="fl-d8"/>
      </object_component>
      <object_component id="oc-c3">
         <name>.debug_info</name>
         <load_address>0xef99</load_address>
         <run_address>0xef99</run_address>
         <size>0x2c</size>
         <input_file_ref idref="fl-d8"/>
      </object_component>
      <object_component id="oc-c8">
         <name>.debug_info</name>
         <load_address>0xefc5</load_address>
         <run_address>0xefc5</run_address>
         <size>0x62</size>
         <input_file_ref idref="fl-d8"/>
      </object_component>
      <object_component id="oc-50">
         <name>.debug_info</name>
         <load_address>0xf027</load_address>
         <run_address>0xf027</run_address>
         <size>0x14a</size>
         <input_file_ref idref="fl-d9"/>
      </object_component>
      <object_component id="oc-5b">
         <name>.debug_info</name>
         <load_address>0xf171</load_address>
         <run_address>0xf171</run_address>
         <size>0x143</size>
         <input_file_ref idref="fl-da"/>
      </object_component>
      <object_component id="oc-62">
         <name>.debug_info</name>
         <load_address>0xf2b4</load_address>
         <run_address>0xf2b4</run_address>
         <size>0x153</size>
         <input_file_ref idref="fl-db"/>
      </object_component>
      <object_component id="oc-79">
         <name>.debug_info</name>
         <load_address>0xf407</load_address>
         <run_address>0xf407</run_address>
         <size>0x114</size>
         <input_file_ref idref="fl-dc"/>
      </object_component>
      <object_component id="oc-254">
         <name>.debug_info</name>
         <load_address>0xf51b</load_address>
         <run_address>0xf51b</run_address>
         <size>0x145</size>
         <input_file_ref idref="fl-dd"/>
      </object_component>
      <object_component id="oc-1cb">
         <name>.debug_info</name>
         <load_address>0xf660</load_address>
         <run_address>0xf660</run_address>
         <size>0x2c9</size>
         <input_file_ref idref="fl-de"/>
      </object_component>
      <object_component id="oc-ba">
         <name>.debug_info</name>
         <load_address>0xf929</load_address>
         <run_address>0xf929</run_address>
         <size>0x11e</size>
         <input_file_ref idref="fl-de"/>
      </object_component>
      <object_component id="oc-1c7">
         <name>.debug_info</name>
         <load_address>0xfa47</load_address>
         <run_address>0xfa47</run_address>
         <size>0x22a</size>
         <input_file_ref idref="fl-de"/>
      </object_component>
      <object_component id="oc-b5">
         <name>.debug_info</name>
         <load_address>0xfc71</load_address>
         <run_address>0xfc71</run_address>
         <size>0x30b</size>
         <input_file_ref idref="fl-df"/>
      </object_component>
      <object_component id="oc-70">
         <name>.debug_info</name>
         <load_address>0xff7c</load_address>
         <run_address>0xff7c</run_address>
         <size>0x172</size>
         <input_file_ref idref="fl-df"/>
      </object_component>
      <object_component id="oc-1bc">
         <name>.debug_info</name>
         <load_address>0x100ee</load_address>
         <run_address>0x100ee</run_address>
         <size>0x5e</size>
         <input_file_ref idref="fl-df"/>
      </object_component>
      <object_component id="oc-ad">
         <name>.debug_info</name>
         <load_address>0x1014c</load_address>
         <run_address>0x1014c</run_address>
         <size>0x48e</size>
         <input_file_ref idref="fl-e0"/>
      </object_component>
      <object_component id="oc-67">
         <name>.debug_info</name>
         <load_address>0x105da</load_address>
         <run_address>0x105da</run_address>
         <size>0x19b</size>
         <input_file_ref idref="fl-e0"/>
      </object_component>
      <object_component id="oc-d9">
         <name>.debug_info</name>
         <load_address>0x10775</load_address>
         <run_address>0x10775</run_address>
         <size>0x39</size>
         <input_file_ref idref="fl-e0"/>
      </object_component>
      <object_component id="oc-1d6">
         <name>.debug_info</name>
         <load_address>0x107ae</load_address>
         <run_address>0x107ae</run_address>
         <size>0x39</size>
         <input_file_ref idref="fl-e0"/>
      </object_component>
      <object_component id="oc-de">
         <name>.debug_info</name>
         <load_address>0x107e7</load_address>
         <run_address>0x107e7</run_address>
         <size>0xcd</size>
         <input_file_ref idref="fl-e0"/>
      </object_component>
      <object_component id="oc-d5">
         <name>.debug_info</name>
         <load_address>0x108b4</load_address>
         <run_address>0x108b4</run_address>
         <size>0x385</size>
         <input_file_ref idref="fl-e1"/>
      </object_component>
      <object_component id="oc-a1">
         <name>.debug_info</name>
         <load_address>0x10c39</load_address>
         <run_address>0x10c39</run_address>
         <size>0x18e</size>
         <input_file_ref idref="fl-e1"/>
      </object_component>
      <object_component id="oc-1d1">
         <name>.debug_info</name>
         <load_address>0x10dc7</load_address>
         <run_address>0x10dc7</run_address>
         <size>0x2c</size>
         <input_file_ref idref="fl-e1"/>
      </object_component>
      <object_component id="oc-324">
         <name>.debug_info</name>
         <load_address>0x10df3</load_address>
         <run_address>0x10df3</run_address>
         <size>0x152</size>
         <input_file_ref idref="fl-e2"/>
      </object_component>
      <object_component id="oc-a7">
         <name>.debug_info</name>
         <load_address>0x10f45</load_address>
         <run_address>0x10f45</run_address>
         <size>0x150</size>
         <input_file_ref idref="fl-e3"/>
      </object_component>
      <object_component id="oc-1dc">
         <name>.debug_info</name>
         <load_address>0x11095</load_address>
         <run_address>0x11095</run_address>
         <size>0x356</size>
         <input_file_ref idref="fl-e4"/>
      </object_component>
      <object_component id="oc-144">
         <name>.debug_info</name>
         <load_address>0x113eb</load_address>
         <run_address>0x113eb</run_address>
         <size>0x29c</size>
         <input_file_ref idref="fl-e4"/>
      </object_component>
      <object_component id="oc-14a">
         <name>.debug_info</name>
         <load_address>0x11687</load_address>
         <run_address>0x11687</run_address>
         <size>0x209</size>
         <input_file_ref idref="fl-e4"/>
      </object_component>
      <object_component id="oc-ea">
         <name>.debug_info</name>
         <load_address>0x11890</load_address>
         <run_address>0x11890</run_address>
         <size>0x268</size>
         <input_file_ref idref="fl-e4"/>
      </object_component>
      <object_component id="oc-13e">
         <name>.debug_info</name>
         <load_address>0x11af8</load_address>
         <run_address>0x11af8</run_address>
         <size>0x28f</size>
         <input_file_ref idref="fl-e4"/>
      </object_component>
      <object_component id="oc-e4">
         <name>.debug_info</name>
         <load_address>0x11d87</load_address>
         <run_address>0x11d87</run_address>
         <size>0x20d</size>
         <input_file_ref idref="fl-e4"/>
      </object_component>
      <object_component id="oc-203">
         <name>.debug_info</name>
         <load_address>0x11f94</load_address>
         <run_address>0x11f94</run_address>
         <size>0x228</size>
         <input_file_ref idref="fl-e4"/>
      </object_component>
      <object_component id="oc-151">
         <name>.debug_info</name>
         <load_address>0x121bc</load_address>
         <run_address>0x121bc</run_address>
         <size>0x248</size>
         <input_file_ref idref="fl-e4"/>
      </object_component>
      <object_component id="oc-157">
         <name>.debug_info</name>
         <load_address>0x12404</load_address>
         <run_address>0x12404</run_address>
         <size>0x1ff</size>
         <input_file_ref idref="fl-e4"/>
      </object_component>
      <object_component id="oc-f7">
         <name>.debug_info</name>
         <load_address>0x12603</load_address>
         <run_address>0x12603</run_address>
         <size>0x1fd</size>
         <input_file_ref idref="fl-e4"/>
      </object_component>
      <object_component id="oc-1e8">
         <name>.debug_info</name>
         <load_address>0x12800</load_address>
         <run_address>0x12800</run_address>
         <size>0x385</size>
         <input_file_ref idref="fl-e5"/>
      </object_component>
      <object_component id="oc-31d">
         <name>.debug_info</name>
         <load_address>0x12b85</load_address>
         <run_address>0x12b85</run_address>
         <size>0x11e</size>
         <input_file_ref idref="fl-e5"/>
      </object_component>
      <object_component id="oc-320">
         <name>.debug_info</name>
         <load_address>0x12ca3</load_address>
         <run_address>0x12ca3</run_address>
         <size>0x120</size>
         <input_file_ref idref="fl-e5"/>
      </object_component>
      <object_component id="oc-311">
         <name>.debug_info</name>
         <load_address>0x12dc3</load_address>
         <run_address>0x12dc3</run_address>
         <size>0x112</size>
         <input_file_ref idref="fl-e5"/>
      </object_component>
      <object_component id="oc-36a">
         <name>.debug_info</name>
         <load_address>0x12ed5</load_address>
         <run_address>0x12ed5</run_address>
         <size>0x20c</size>
         <input_file_ref idref="fl-e5"/>
      </object_component>
      <object_component id="oc-244">
         <name>.debug_info</name>
         <load_address>0x130e1</load_address>
         <run_address>0x130e1</run_address>
         <size>0x21c</size>
         <input_file_ref idref="fl-e5"/>
      </object_component>
      <object_component id="oc-16f">
         <name>.debug_info</name>
         <load_address>0x132fd</load_address>
         <run_address>0x132fd</run_address>
         <size>0x27f</size>
         <input_file_ref idref="fl-e5"/>
      </object_component>
      <object_component id="oc-289">
         <name>.debug_info</name>
         <load_address>0x1357c</load_address>
         <run_address>0x1357c</run_address>
         <size>0x1fb</size>
         <input_file_ref idref="fl-e5"/>
      </object_component>
[...]
         <value>0xf53</value>
         <object_component_ref idref="oc-335"/>
      </symbol>
      <symbol id="sm-44c">
         <name>OrbitOledDrawRect</name>
         <value>0x112d</value>
         <object_component_ref idref="oc-335"/>
      </symbol>
      <symbol id="sm-44d">
         <name>OrbitOledClampYco</name>
         <value>0x1801</value>
         <object_component_ref idref="oc-335"/>
      </symbol>
      <symbol id="sm-44e">
         <name>OrbitOledGetPos</name>
         <value>0xf37</value>
         <object_component_ref idref="oc-335"/>
      </symbol>
      <symbol id="sm-44f">
         <name>OrbitOledRopSet</name>
         <value>0x16a1</value>
         <object_component_ref idref="oc-335"/>
      </symbol>
      <symbol id="sm-450">
         <name>OrbitOledRopXor</name>
         <value>0x1713</value>
         <object_component_ref idref="oc-335"/>
      </symbol>
      <symbol id="sm-451">
         <name>OrbitOledGetBmp</name>
         <value>0x12f5</value>
         <object_component_ref idref="oc-335"/>
      </symbol>
      <symbol id="sm-452">
         <name>OrbitOledMoveLeft</name>
         <value>0x17af</value>
         <object_component_ref idref="oc-335"/>
      </symbol>
      <symbol id="sm-453">
         <name>OrbitOledRopAnd</name>
         <value>0x16ef</value>
         <object_component_ref idref="oc-335"/>
      </symbol>
      <symbol id="sm-454">
         <name>OrbitOledPutBmp</name>
         <value>0x1455</value>
         <object_component_ref idref="oc-335"/>
      </symbol>
      <symbol id="sm-455">
         <name>OrbitOledSetDrawMode</name>
         <value>0xf8d</value>
         <object_component_ref idref="oc-335"/>
      </symbol>
      <symbol id="sm-456">
         <name>OrbitOledClampXco</name>
         <value>0x17e1</value>
         <object_component_ref idref="oc-335"/>
      </symbol>
      <symbol id="sm-457">
         <name>OrbitOledSetFillPattern</name>
         <value>0xf7d</value>
         <object_component_ref idref="oc-335"/>
      </symbol>
      <symbol id="sm-458">
         <name>OrbitOledRopOr</name>
         <value>0x16cb</value>
         <object_component_ref idref="oc-335"/>
      </symbol>
      <symbol id="sm-46a">
         <name>DelayMs</name>
         <value>0x3a4b</value>
         <object_component_ref idref="oc-34a"/>
      </symbol>
      <symbol id="sm-46b">
         <name>DelayInit</name>
         <value>0x3a31</value>
         <object_component_ref idref="oc-34a"/>
      </symbol>
      <symbol id="sm-47c">
         <name>_c_int00</name>
         <value>0x3ae5</value>
         <object_component_ref idref="oc-24"/>
      </symbol>
      <symbol id="sm-47d">
         <name>__stack</name>
         <value>0x20000600</value>
         <object_component_ref idref="oc-2a"/>
      </symbol>
      <symbol id="sm-49b">
         <name>__TI_decompress_lzss</name>
         <value>0x3969</value>
         <object_component_ref idref="oc-12"/>
      </symbol>
      <symbol id="sm-4b2">
         <name>__TI_decompress_none</name>
         <value>0x41fb</value>
         <object_component_ref idref="oc-18"/>
      </symbol>
      <symbol id="sm-4c9">
         <name>__TI_zero_init</name>
         <value>0x4239</value>
         <object_component_ref idref="oc-1e"/>
      </symbol>
      <symbol id="sm-4ea">
         <name>C$$EXIT</name>
         <value>0x3b39</value>
         <object_component_ref idref="oc-72"/>
      </symbol>
      <symbol id="sm-4eb">
         <name>abort</name>
         <value>0x3b3d</value>
         <object_component_ref idref="oc-72"/>
      </symbol>
      <symbol id="sm-4ec">
         <name>exit</name>
         <value>0x3b45</value>
         <object_component_ref idref="oc-72"/>
      </symbol>
      <symbol id="sm-4ed">
         <name>__TI_dtors_ptr</name>
         <value>0x20000a04</value>
         <object_component_ref idref="oc-b6"/>
      </symbol>
      <symbol id="sm-4ee">
         <name>__TI_cleanup_ptr</name>
         <value>0x20000a00</value>
         <object_component_ref idref="oc-b6"/>
      </symbol>
      <symbol id="sm-4ef">
         <name>__TI_enable_exit_profile_output</name>
         <value>0x20000a08</value>
         <object_component_ref idref="oc-b6"/>
      </symbol>
      <symbol id="sm-506">
         <name>__aeabi_dsub</name>
         <value>0x2c01</value>
         <object_component_ref idref="oc-2c1"/>
      </symbol>
      <symbol id="sm-507">
         <name>__aeabi_dadd</name>
         <value>0x2c0b</value>
         <object_component_ref idref="oc-2c1"/>
      </symbol>
      <symbol id="sm-51b">
         <name>__aeabi_ddiv</name>
         <value>0x2f41</value>
         <object_component_ref idref="oc-2cb"/>
      </symbol>
      <symbol id="sm-526">
         <name>__aeabi_dmul</name>
         <value>0x33e5</value>
         <object_component_ref idref="oc-2bc"/>
      </symbol>
      <symbol id="sm-530">
         <name>__aeabi_d2iz</name>
         <value>0x3d15</value>
         <object_component_ref idref="oc-2c6"/>
      </symbol>
      <symbol id="sm-53a">
         <name>__aeabi_d2uiz</name>
         <value>0x3e2d</value>
         <object_component_ref idref="oc-2d0"/>
      </symbol>
      <symbol id="sm-544">
         <name>__aeabi_i2d</name>
         <value>0x3f55</value>
         <object_component_ref idref="oc-2b7"/>
      </symbol>
      <symbol id="sm-55f">
         <name>memcpy</name>
         <value>0x368d</value>
         <object_component_ref idref="oc-42"/>
      </symbol>
      <symbol id="sm-560">
         <name>__aeabi_memcpy</name>
         <value>0x368d</value>
         <object_component_ref idref="oc-42"/>
      </symbol>
      <symbol id="sm-561">
         <name>__aeabi_memcpy8</name>
         <value>0x368d</value>
         <object_component_ref idref="oc-42"/>
      </symbol>
      <symbol id="sm-562">
         <name>__aeabi_memcpy4</name>
         <value>0x368d</value>
         <object_component_ref idref="oc-42"/>
      </symbol>
      <symbol id="sm-5d9">
         <name>_sys_memory</name>
         <value>0x20000800</value>
         <object_component_ref idref="oc-2b"/>
      </symbol>
      <symbol id="sm-5da">
         <name>free</name>
         <value>0x1f83</value>
         <object_component_ref idref="oc-1de"/>
      </symbol>
      <symbol id="sm-5db">
         <name>realloc</name>
         <value>0x2043</value>
         <object_component_ref idref="oc-1de"/>
      </symbol>
      <symbol id="sm-5dc">
         <name>memalign</name>
         <value>0x214d</value>
         <object_component_ref idref="oc-1de"/>
      </symbol>
      <symbol id="sm-5dd">
         <name>calloc</name>
         <value>0x2239</value>
         <object_component_ref idref="oc-1de"/>
      </symbol>
      <symbol id="sm-5de">
         <name>malloc</name>
         <value>0x1f19</value>
         <object_component_ref idref="oc-1de"/>
      </symbol>
      <symbol id="sm-5df">
         <name>minit</name>
         <value>0x1e99</value>
         <object_component_ref idref="oc-1de"/>
      </symbol>
      <symbol id="sm-5ee">
         <name>__aeabi_memset</name>
         <value>0x37a5</value>
         <object_component_ref idref="oc-4e"/>
      </symbol>
      <symbol id="sm-5ef">
         <name>memset</name>
         <value>0x37ab</value>
         <object_component_ref idref="oc-4e"/>
      </symbol>
      <symbol id="sm-5f0">
         <name>__aeabi_memset8</name>
         <value>0x37a5</value>
         <object_component_ref idref="oc-4e"/>
      </symbol>
      <symbol id="sm-5f1">
         <name>__aeabi_memset4</name>
         <value>0x37a5</value>
         <object_component_ref idref="oc-4e"/>
      </symbol>
      <symbol id="sm-5f2">
         <name>__aeabi_memclr8</name>
         <value>0x37a3</value>
         <object_component_ref idref="oc-4e"/>
      </symbol>
      <symbol id="sm-5f3">
         <name>__aeabi_memclr4</name>
         <value>0x37a3</value>
         <object_component_ref idref="oc-4e"/>
      </symbol>
      <symbol id="sm-5f4">
         <name>__aeabi_memclr</name>
         <value>0x37a3</value>
         <object_component_ref idref="oc-4e"/>
      </symbol>
      <symbol id="sm-5fe">
         <name>__mpu_init</name>
         <value>0x3da3</value>
         <object_component_ref idref="oc-5a"/>
      </symbol>
      <symbol id="sm-608">
         <name>_system_pre_init</name>
         <value>0x42b3</value>
         <object_component_ref idref="oc-60"/>
      </symbol>
      <symbol id="sm-610">
         <name>main_func_sp</name>
         <value>0x20000a30</value>
         <object_component_ref idref="oc-78"/>
      </symbol>
      <symbol id="sm-61f">
         <name>__aeabi_uidivmod</name>
         <value>0x3e71</value>
         <object_component_ref idref="oc-253"/>
      </symbol>
      <symbol id="sm-620">
         <name>__aeabi_uidiv</name>
         <value>0x3e71</value>
         <object_component_ref idref="oc-253"/>
      </symbol>
      <symbol id="sm-639">
         <name>_nop</name>
         <value>0x4177</value>
         <object_component_ref idref="oc-1c3"/>
      </symbol>
      <symbol id="sm-63a">
         <name>_lock</name>
         <value>0x20000a18</value>
         <object_component_ref idref="oc-b9"/>
      </symbol>
      <symbol id="sm-63b">
         <name>_unlock</name>
         <value>0x20000a1c</value>
         <object_component_ref idref="oc-b9"/>
      </symbol>
      <symbol id="sm-63c">
         <name>_register_lock</name>
         <value>0x416f</value>
         <object_component_ref idref="oc-1c3"/>
      </symbol>
      <symbol id="sm-63d">
         <name>_register_unlock</name>
         <value>0x4169</value>
         <object_component_ref idref="oc-1c3"/>
      </symbol>
      <symbol id="sm-651">
         <name>_args_main</name>
         <value>0x40a9</value>
         <object_component_ref idref="oc-6c"/>
      </symbol>
      <symbol id="sm-67b">
         <name>__TI_auto_init</name>
         <value>0x3891</value>
         <object_component_ref idref="oc-66"/>
      </symbol>
      <symbol id="sm-695">
         <name>copy_in</name>
         <value>0x3cc9</value>
         <object_component_ref idref="oc-a0"/>
      </symbol>
      <symbol id="sm-69f">
         <name>__aeabi_idiv0</name>
         <value>0x2db7</value>
         <object_component_ref idref="oc-323"/>
      </symbol>
      <symbol id="sm-6a9">
         <name>_system_post_cinit</name>
         <value>0x41bf</value>
         <object_component_ref idref="oc-a6"/>
      </symbol>
      <symbol id="sm-707">
         <name>ADCProcessorTrigger</name>
         <value>0x4061</value>
         <object_component_ref idref="oc-e3"/>
      </symbol>
      <symbol id="sm-708">
         <name>ADCSequenceEnable</name>
         <value>0x41d1</value>
         <object_component_ref idref="oc-149"/>
      </symbol>
      <symbol id="sm-709">
         <name>ADCSequenceConfigure</name>
         <value>0x3b8d</value>
         <object_component_ref idref="oc-13d"/>
      </symbol>
      <symbol id="sm-70a">
         <name>ADCIntEnable</name>
         <value>0x418f</value>
         <object_component_ref idref="oc-155"/>
      </symbol>
      <symbol id="sm-70b">
         <name>ADCSequenceStepConfigure</name>
         <value>0x3729</value>
         <object_component_ref idref="oc-143"/>
      </symbol>
      <symbol id="sm-70c">
         <name>ADCIntClear</name>
         <value>0x4251</value>
         <object_component_ref idref="oc-f5"/>
      </symbol>
      <symbol id="sm-70d">
         <name>ADCIntRegister</name>
         <value>0x4049</value>
         <object_component_ref idref="oc-14f"/>
      </symbol>
      <symbol id="sm-70e">
         <name>ADCSequenceDataGet</name>
         <value>0x3ff1</value>
         <object_component_ref idref="oc-e9"/>
      </symbol>
      <symbol id="sm-7b8">
         <name>GPIOPinTypePWM</name>
         <value>0x40d7</value>
         <object_component_ref idref="oc-21d"/>
      </symbol>
      <symbol id="sm-7b9">
         <name>GPIOIntRegister</name>
         <value>0x4079</value>
         <object_component_ref idref="oc-173"/>
      </symbol>
      <symbol id="sm-7ba">
         <name>GPIOPinConfigure</name>
         <value>0x3c7d</value>
         <object_component_ref idref="oc-217"/>
      </symbol>
      <symbol id="sm-7bb">
         <name>GPIOIntDisable</name>
         <value>0x41df</value>
         <object_component_ref idref="oc-1ac"/>
      </symbol>
      <symbol id="sm-7bc">
         <name>GPIOIntEnable</name>
         <value>0x4215</value>
         <object_component_ref idref="oc-179"/>
      </symbol>
      <symbol id="sm-7bd">
         <name>GPIOIntTypeSet</name>
         <value>0x3a8d</value>
         <object_component_ref idref="oc-17f"/>
      </symbol>
      <symbol id="sm-7be">
         <name>GPIOPinTypeGPIOInput</name>
         <value>0x40c1</value>
         <object_component_ref idref="oc-167"/>
      </symbol>
      <symbol id="sm-7bf">
         <name>GPIOIntClear</name>
         <value>0x4295</value>
         <object_component_ref idref="oc-101"/>
      </symbol>
      <symbol id="sm-7c0">
         <name>GPIOPinTypeUART</name>
         <value>0x4103</value>
         <object_component_ref idref="oc-287"/>
      </symbol>
      <symbol id="sm-7c1">
         <name>GPIOPinTypeGPIOOutput</name>
         <value>0x4091</value>
         <object_component_ref idref="oc-36e"/>
      </symbol>
      <symbol id="sm-7c2">
         <name>GPIOPinRead</name>
         <value>0x429b</value>
         <object_component_ref idref="oc-fb"/>
      </symbol>
      <symbol id="sm-7c3">
         <name>GPIODirModeSet</name>
         <value>0x3f83</value>
         <object_component_ref idref="oc-242"/>
      </symbol>
      <symbol id="sm-7c4">
         <name>GPIOPinWrite</name>
         <value>0x42a1</value>
         <object_component_ref idref="oc-368"/>
      </symbol>
      <symbol id="sm-7c5">
         <name>GPIOPadConfigSet</name>
         <value>0x3077</value>
         <object_component_ref idref="oc-16d"/>
      </symbol>
      <symbol id="sm-7c6">
         <name>GPIOPinTypeSSI</name>
         <value>0x40ed</value>
         <object_component_ref idref="oc-350"/>
      </symbol>
      <symbol id="sm-800">
         <name>IntEnable</name>
         <value>0x3901</value>
         <object_component_ref idref="oc-208"/>
      </symbol>
      <symbol id="sm-801">
         <name>IntRegister</name>
         <value>0x3eed</value>
         <object_component_ref idref="oc-1f5"/>
      </symbol>
      <symbol id="sm-802">
         <name>g_pfnRAMVectors</name>
         <value>0x20000000</value>
         <object_component_ref idref="oc-302"/>
      </symbol>
      <symbol id="sm-803">
         <name>IntMasterEnable</name>
         <value>0x419f</value>
         <object_component_ref idref="oc-1b2"/>
      </symbol>
      <symbol id="sm-830">
         <name>PWMGenPeriodSet</name>
         <value>0x41af</value>
         <object_component_ref idref="oc-235"/>
      </symbol>
      <symbol id="sm-831">
         <name>PWMPulseWidthSet</name>
         <value>0x400f</value>
         <object_component_ref idref="oc-23b"/>
      </symbol>
      <symbol id="sm-832">
         <name>PWMOutputState</name>
         <value>0x417d</value>
         <object_component_ref idref="oc-22f"/>
      </symbol>
      <symbol id="sm-833">
         <name>PWMGenEnable</name>
         <value>0x4221</value>
         <object_component_ref idref="oc-229"/>
      </symbol>
      <symbol id="sm-834">
         <name>PWMGenConfigure</name>
         <value>0x3faf</value>
         <object_component_ref idref="oc-223"/>
      </symbol>
      <symbol id="sm-86c">
         <name>SSIDataPut</name>
         <value>0x425b</value>
         <object_component_ref idref="oc-37a"/>
      </symbol>
      <symbol id="sm-86d">
         <name>SSIDataGet</name>
         <value>0x422d</value>
         <object_component_ref idref="oc-380"/>
      </symbol>
      <symbol id="sm-86e">
         <name>SSIConfigSetExpClk</name>
         <value>0x3eb1</value>
         <object_component_ref idref="oc-35c"/>
      </symbol>
      <symbol id="sm-86f">
         <name>SSIEnable</name>
         <value>0x4265</value>
         <object_component_ref idref="oc-362"/>
      </symbol>
      <symbol id="sm-870">
         <name>SSIClockSourceSet</name>
         <value>0x42a7</value>
         <object_component_ref idref="oc-356"/>
      </symbol>
      <symbol id="sm-871">
         <name>SSIBusy</name>
         <value>0x428d</value>
         <object_component_ref idref="oc-374"/>
      </symbol>
      <symbol id="sm-8d8">
         <name>SysCtlClockSet</name>
         <value>0x34e1</value>
         <object_component_ref idref="oc-10d"/>
      </symbol>
      <symbol id="sm-8d9">
         <name>SysCtlDelay</name>
         <value>0x42ad</value>
         <object_component_ref idref="oc-1ec"/>
      </symbol>
      <symbol id="sm-8da">
         <name>SysCtlPeripheralEnable</name>
         <value>0x3f21</value>
         <object_component_ref idref="oc-137"/>
      </symbol>
      <symbol id="sm-8db">
         <name>SysCtlClockGet</name>
         <value>0x32d5</value>
         <object_component_ref idref="oc-119"/>
      </symbol>
      <symbol id="sm-8dc">
         <name>SysCtlPWMClockSet</name>
         <value>0x4119</value>
         <object_component_ref idref="oc-113"/>
      </symbol>
      <symbol id="sm-8dd">
         <name>SysCtlPeripheralReset</name>
         <value>0x3bdd</value>
         <object_component_ref idref="oc-107"/>
      </symbol>
      <symbol id="sm-90a">
         <name>SysTickEnable</name>
         <value>0x412d</value>
         <object_component_ref idref="oc-131"/>
      </symbol>
      <symbol id="sm-90b">
         <name>SysTickIntRegister</name>
         <value>0x402d</value>
         <object_component_ref idref="oc-125"/>
      </symbol>
      <symbol id="sm-90c">
         <name>SysTickIntEnable</name>
         <value>0x4141</value>
         <object_component_ref idref="oc-12b"/>
      </symbol>
      <symbol id="sm-90d">
         <name>SysTickPeriodSet</name>
         <value>0x41c1</value>
         <object_component_ref idref="oc-11f"/>
      </symbol>
      <symbol id="sm-931">
         <name>TimerEnable</name>
         <value>0x41ed</value>
         <object_component_ref idref="oc-3d9"/>
      </symbol>
      <symbol id="sm-932">
         <name>TimerValueGet</name>
         <value>0x426f</value>
         <object_component_ref idref="oc-3df"/>
      </symbol>
      <symbol id="sm-933">
         <name>TimerConfigure</name>
         <value>0x39d1</value>
         <object_component_ref idref="oc-3d3"/>
      </symbol>
      <symbol id="sm-965">
         <name>UARTConfigSetExpClk</name>
         <value>0x3d5d</value>
         <object_component_ref idref="oc-28d"/>
      </symbol>
      <symbol id="sm-966">
         <name>UARTDisable</name>
         <value>0x3fd1</value>
         <object_component_ref idref="oc-394"/>
      </symbol>
      <symbol id="sm-967">
         <name>UARTCharPut</name>
         <value>0x4279</value>
         <object_component_ref idref="oc-29f"/>
      </symbol>
      <symbol id="sm-968">
         <name>UARTEnable</name>
         <value>0x4155</value>
         <object_component_ref idref="oc-299"/>
      </symbol>
      <symbol id="sm-969">
         <name>UARTFIFOEnable</name>
         <value>0x4283</value>
         <object_component_ref idref="oc-293"/>
      </symbol>
      <symbol id="sm-973">
         <name>CPUcpsie</name>
         <value>0x4209</value>
         <object_component_ref idref="oc-2dd"/>
      </symbol>
      <symbol id="sm-974">
         <name>__TI_static_base__</name>
         <value>0x0</value>
      </symbol>
      <symbol id="sm-977">
         <name>SHT$$INIT_ARRAY$$Limit</name>
         <value>0x0</value>
      </symbol>
      <symbol id="sm-978">
         <name>SHT$$INIT_ARRAY$$Base</name>
         <value>0x0</value>
      </symbol>
   </symbol_table>
   <title>Link successful</title>
</link_info>
