******************************************************************************
                  TI ARM Linker PC v16.9.9                     
******************************************************************************
>> Linked Fri May 31 14:29:50 2019

OUTPUT FILE NAME:   <Heli_Project.out>
ENTRY POINT SYMBOL: "_c_int00"  address: 00003ae5


MEMORY CONFIGURATION

         name            origin    length      used     unused   attr    fill
----------------------  --------  ---------  --------  --------  ----  --------
  FLASH                 00000000   00040000  00004956  0003b6aa  R  X
  SRAM                  20000000   00008000  00000a31  000075cf  RW X


SEGMENT ALLOCATION MAP

run origin  load origin   length   init length attrs members
----------  ----------- ---------- ----------- ----- -------
00000000    00000000    00004958   00004958    r-x
  00000000    00000000    0000026c   0000026c    r-- .intvecs
  0000026c    0000026c    0000404a   0000404a    r-x .text
  000042b8    000042b8    00000648   00000648    r-- .const
  00004900    00004900    00000058   00000058    r-- .cinit
20000000    20000000    00000a38   00000000    rw-
  20000000    20000000    0000026c   00000000    rw- .vtable
  20000270    20000270    0000038d   00000000    rw- .bss
  20000600    20000600    00000200   00000000    rw- .stack
  20000800    20000800    00000200   00000000    rw- .sysmem
  20000a00    20000a00    00000038   00000000    rw- .data


SECTION ALLOCATION MAP

 output                                  attributes/
section   page    origin      length       input sections
--------  ----  ----------  ----------   ----------------
.intvecs   0    00000000    0000026c     
                  00000000    0000026c     tm4c123gh6pm_startup_ccs.obj (.intvecs)

.text      0    0000026c    0000404a     
                  0000026c    00000c84     ustdlib.obj (.text)
                  00000ef0    00000950     OrbitOledGrph.obj (.text)
                  00001840    00000658     HeliProject.obj (.text)
                  00001e98    000003d0     rtsv7M4_T_le_v4SPD16_eabi.lib : memory.obj (.text)
                  00002268    0000037c     OrbitOled.obj (.text)
                  000025e4    00000220     buttons4.obj (.text)
                  00002804    00000204     OrbitOledChar.obj (.text)
                  00002a08    000001f8     PIDController.obj (.text)
                  00002c00    000001b6     rtsv7M4_T_le_v4SPD16_eabi.lib : fd_add_t2.obj (.text)
                  00002db6    00000002                                   : i_div0.obj (.text)
                  00002db8    00000188     heliYaw.obj (.text)
                  00002f40    00000136     rtsv7M4_T_le_v4SPD16_eabi.lib : fd_div_t2.obj (.text)
                  00003076    00000132     driverlib.lib : gpio.obj (.text:GPIOPadConfigSet)
                  000031a8    0000012c     motorControl.obj (.text)
                  000032d4    00000110     driverlib.lib : sysctl.obj (.text:SysCtlClockGet)
                  000033e4    000000fc     rtsv7M4_T_le_v4SPD16_eabi.lib : fd_mul_t2.obj (.text)
                  000034e0    000000f4     driverlib.lib : sysctl.obj (.text:SysCtlClockSet)
                  000035d4    000000b8     circBufT.obj (.text)
                  0000368c    0000009c     rtsv7M4_T_le_v4SPD16_eabi.lib : memcpy_t2.obj (.text)
                  00003728    0000007a     driverlib.lib : adc.obj (.text:ADCSequenceStepConfigure)
                  000037a2    0000007a     rtsv7M4_T_le_v4SPD16_eabi.lib : memset_t2.obj (.text)
                  0000381c    00000074     serialCom.obj (.text)
                  00003890    00000070     rtsv7M4_T_le_v4SPD16_eabi.lib : autoinit.obj (.text)
                  00003900    00000068     driverlib.lib : interrupt.obj (.text:IntEnable)
                  00003968    00000068     rtsv7M4_T_le_v4SPD16_eabi.lib : copy_decompress_lzss.obj (.text:decompress:lzss)
                  000039d0    00000060     driverlib.lib : timer.obj (.text:TimerConfigure)
                  00003a30    0000005c     delay.obj (.text)
                  00003a8c    00000058     driverlib.lib : gpio.obj (.text:GPIOIntTypeSet)
                  00003ae4    00000054     rtsv7M4_T_le_v4SPD16_eabi.lib : boot.obj (.text)
                  00003b38    00000054                                   : exit.obj (.text)
                  00003b8c    00000050     driverlib.lib : adc.obj (.text:ADCSequenceConfigure)
                  00003bdc    00000050                   : sysctl.obj (.text:SysCtlPeripheralReset)
                  00003c2c    00000050                   : adc.obj (.text:_ADCIntNumberGet)
                  00003c7c    0000004c                   : gpio.obj (.text:GPIOPinConfigure)
                  00003cc8    0000004c     rtsv7M4_T_le_v4SPD16_eabi.lib : cpy_tbl.obj (.text)
                  00003d14    00000048                                   : fd_toi_t2.obj (.text)
                  00003d5c    00000046     driverlib.lib : uart.obj (.text:UARTConfigSetExpClk)
                  00003da2    00000002     rtsv7M4_T_le_v4SPD16_eabi.lib : mpu_init.obj (.text)
                  00003da4    00000044     OrbitOLEDInterface.obj (.text)
                  00003de8    00000044     driverlib.lib : gpio.obj (.text:_GPIOIntNumberGet)
                  00003e2c    00000044     rtsv7M4_T_le_v4SPD16_eabi.lib : fd_tou_t2.obj (.text)
                  00003e70    00000040                                   : u_divt2.obj (.text)
                  00003eb0    0000003c     driverlib.lib : ssi.obj (.text:SSIConfigSetExpClk)
                  00003eec    00000034                   : interrupt.obj (.text:IntRegister)
                  00003f20    00000034                   : sysctl.obj (.text:SysCtlPeripheralEnable)
                  00003f54    0000002e     rtsv7M4_T_le_v4SPD16_eabi.lib : i_tofd_t2.obj (.text)
                  00003f82    0000002c     driverlib.lib : gpio.obj (.text:GPIODirModeSet)
                  00003fae    00000022                   : pwm.obj (.text:PWMGenConfigure)
                  00003fd0    00000020                   : uart.obj (.text:UARTDisable)
                  00003ff0    0000001e                   : adc.obj (.text:ADCSequenceDataGet)
                  0000400e    0000001e                   : pwm.obj (.text:PWMPulseWidthSet)
                  0000402c    0000001c                   : systick.obj (.text:SysTickIntRegister)
                  00004048    00000018                   : adc.obj (.text:ADCIntRegister)
                  00004060    00000018                   : adc.obj (.text:ADCProcessorTrigger)
                  00004078    00000018                   : gpio.obj (.text:GPIOIntRegister)
                  00004090    00000018                   : gpio.obj (.text:GPIOPinTypeGPIOOutput)
                  000040a8    00000018     rtsv7M4_T_le_v4SPD16_eabi.lib : args_main.obj (.text)
                  000040c0    00000016     driverlib.lib : gpio.obj (.text:GPIOPinTypeGPIOInput)
                  000040d6    00000016                   : gpio.obj (.text:GPIOPinTypePWM)
                  000040ec    00000016                   : gpio.obj (.text:GPIOPinTypeSSI)
                  00004102    00000016                   : gpio.obj (.text:GPIOPinTypeUART)
                  00004118    00000014                   : sysctl.obj (.text:SysCtlPWMClockSet)
                  0000412c    00000014                   : systick.obj (.text:SysTickEnable)
                  00004140    00000014                   : systick.obj (.text:SysTickIntEnable)
                  00004154    00000014                   : uart.obj (.text:UARTEnable)
                  00004168    00000014     rtsv7M4_T_le_v4SPD16_eabi.lib : _lock.obj (.text)
                  0000417c    00000012     driverlib.lib : pwm.obj (.text:PWMOutputState)
                  0000418e    00000010                   : adc.obj (.text:ADCIntEnable)
                  0000419e    00000010                   : interrupt.obj (.text:IntMasterEnable)
                  000041ae    00000010                   : pwm.obj (.text:PWMGenPeriodSet)
                  000041be    00000002     rtsv7M4_T_le_v4SPD16_eabi.lib : startup.obj (.text)
                  000041c0    00000010     driverlib.lib : systick.obj (.text:SysTickPeriodSet)
                  000041d0    0000000e                   : adc.obj (.text:ADCSequenceEnable)
                  000041de    0000000e                   : gpio.obj (.text:GPIOIntDisable)
                  000041ec    0000000e                   : timer.obj (.text:TimerEnable)
                  000041fa    0000000e     rtsv7M4_T_le_v4SPD16_eabi.lib : copy_decompress_none.obj (.text:decompress:none)
                  00004208    0000000c     driverlib.lib : cpu.obj (.text:CPUcpsie)
                  00004214    0000000c                   : gpio.obj (.text:GPIOIntEnable)
                  00004220    0000000c                   : pwm.obj (.text:PWMGenEnable)
                  0000422c    0000000c                   : ssi.obj (.text:SSIDataGet)
                  00004238    0000000c     rtsv7M4_T_le_v4SPD16_eabi.lib : copy_zero_init.obj (.text:decompress:ZI)
                  00004244    0000000c     tm4c123gh6pm_startup_ccs.obj (.text)
                  00004250    0000000a     driverlib.lib : adc.obj (.text:ADCIntClear)
                  0000425a    0000000a                   : ssi.obj (.text:SSIDataPut)
                  00004264    0000000a                   : ssi.obj (.text:SSIEnable)
                  0000426e    0000000a                   : timer.obj (.text:TimerValueGet)
                  00004278    0000000a                   : uart.obj (.text:UARTCharPut)
                  00004282    0000000a                   : uart.obj (.text:UARTFIFOEnable)
                  0000428c    00000008                   : ssi.obj (.text:SSIBusy)
                  00004294    00000006                   : gpio.obj (.text:GPIOIntClear)
                  0000429a    00000006                   : gpio.obj (.text:GPIOPinRead)
                  000042a0    00000006                   : gpio.obj (.text:GPIOPinWrite)
                  000042a6    00000006                   : ssi.obj (.text:SSIClockSourceSet)
                  000042ac    00000006                   : sysctl.obj (.text:SysCtlDelay)
                  000042b2    00000004     rtsv7M4_T_le_v4SPD16_eabi.lib : pre_init.obj (.text)

.const     0    000042b8    00000648     
                  000042b8    00000300     ChrFont0.obj (.const:.string:rgbOledFont0)
                  000045b8    000000d8     driverlib.lib : gpio.obj (.const:g_ppui32GPIOIntMapSnowflake)
                  00004690    000000c0                   : gpio.obj (.const:g_ppui32GPIOIntMapBlizzard)
                  00004750    00000090                   : gpio.obj (.const:g_pui32GPIOBaseAddrs)
                  000047e0    0000006c                   : sysctl.obj (.const:g_pui32Xtals)
                  0000484c    00000040     FillPat.obj (.const:.string:rgbFillPat)
                  0000488c    00000030     ustdlib.obj (.const:g_psDaysToMonth)
                  000048bc    00000018     ustdlib.obj (.const:g_pfExponents)
                  000048d4    00000014     driverlib.lib : interrupt.obj (.const:g_pui32EnRegs)
                  000048e8    00000012     ustdlib.obj (.const:.string)
                  000048fa    00000002     --HOLE-- [fill = 0]
                  000048fc    00000004     ustdlib.obj (.const)

.cinit     0    00004900    00000058     
                  00004900    0000001e     (.cinit..data.load) [load image, compression = lzss]
                  0000491e    00000002     --HOLE-- [fill = 0]
                  00004920    0000000c     (__TI_handler_table)
                  0000492c    00000004     --HOLE-- [fill = 0]
                  00004930    00000008     (.cinit..bss.load) [load image, compression = zero_init]
                  00004938    00000008     (.cinit..vtable.load) [load image, compression = zero_init]
                  00004940    00000018     (__TI_cinit_table)

.init_array 
*          0    00000000    00000000     UNINITIALIZED

.vtable    0    20000000    0000026c     UNINITIALIZED
                  20000000    0000026c     driverlib.lib : interrupt.obj (.vtable)

.bss       0    20000270    0000038d     UNINITIALIZED
                  20000270    00000200     (.common:rgbOledBmp)
                  20000470    00000100     (.common:rgbOledFontUser)
                  20000570    00000014     PIDController.obj (.bss)
                  20000584    00000010     HeliProject.obj (.bss:g_inBuffer)
                  20000594    0000000c     HeliProject.obj (.bss)
                  200005a0    0000000c     heliYaw.obj (.bss)
                  200005ac    00000004     buttons4.obj (.bss:but_count)
                  200005b0    00000004     buttons4.obj (.bss:but_flag)
                  200005b4    00000004     buttons4.obj (.bss:but_normal)
                  200005b8    00000004     buttons4.obj (.bss:but_state)
                  200005bc    00000004     (.common:bnOledCur)
                  200005c0    00000004     (.common:dxcoOledFontCur)
                  200005c4    00000004     (.common:dycoOledFontCur)
                  200005c8    00000004     (.common:fOledCharUpdate)
                  200005cc    00000004     (.common:modOledCur)
                  200005d0    00000004     (.common:pbOledCur)
                  200005d4    00000004     (.common:pbOledFontCur)
                  200005d8    00000004     (.common:pbOledFontUser)
                  200005dc    00000004     (.common:pbOledPatCur)
                  200005e0    00000004     (.common:pfnDoRop)
                  200005e4    00000004     (.common:xchOledCur)
                  200005e8    00000004     (.common:xchOledMax)
                  200005ec    00000004     (.common:xcoOledCur)
                  200005f0    00000004     (.common:ychOledCur)
                  200005f4    00000004     (.common:ychOledMax)
                  200005f8    00000004     (.common:ycoOledCur)
                  200005fc    00000001     (.common:clrOledCur)

.stack     0    20000600    00000200     UNINITIALIZED
                  20000600    00000200     --HOLE--

.sysmem    0    20000800    00000200     UNINITIALIZED
                  20000800    00000008     rtsv7M4_T_le_v4SPD16_eabi.lib : memory.obj (.sysmem)
                  20000808    000001f8     --HOLE--

.data      0    20000a00    00000038     UNINITIALIZED
                  20000a00    0000000c     rtsv7M4_T_le_v4SPD16_eabi.lib : exit.obj (.data:$O1$$)
                  20000a0c    0000000c                                   : memory.obj (.data:$O1$$)
                  20000a18    00000008                                   : _lock.obj (.data:$O1$$)
                  20000a20    00000008     PIDController.obj (.data)
                  20000a28    00000006     HeliProject.obj (.data)
                  20000a2e    00000001     heliYaw.obj (.data)
                  20000a2f    00000001     --HOLE--
                  20000a30    00000004     rtsv7M4_T_le_v4SPD16_eabi.lib : stkdepth_vars.obj (.data)
                  20000a34    00000004     ustdlib.obj (.data)

MODULE SUMMARY

       Module                         code    ro data   rw data
       ------                         ----    -------   -------
    .\
       ustdlib.obj                    3204    94        4      
       HeliProject.obj                1624    0         34     
       tm4c123gh6pm_startup_ccs.obj   12      620       0      
       buttons4.obj                   544     0         16     
       PIDController.obj              504     0         28     
       heliYaw.obj                    392     0         13     
       motorControl.obj               300     0         0      
       circBufT.obj                   184     0         0      
       serialCom.obj                  116     0         0      
    +--+------------------------------+-------+---------+---------+
       Total:                         6880    714       95     
                                                               
    .\OrbitOLED\
       OrbitOLEDInterface.obj         68      0         0      
    +--+------------------------------+-------+---------+---------+
       Total:                         68      0         0      
                                                               
    .\OrbitOLED\lib_OrbitOled\
       OrbitOledGrph.obj              2384    0         8      
       OrbitOled.obj                  892     0         553    
       OrbitOledChar.obj              516     0         272    
       ChrFont0.obj                   0       768       0      
       delay.obj                      92      0         0      
       FillPat.obj                    0       64        0      
    +--+------------------------------+-------+---------+---------+
       Total:                         3884    832       833    
                                                               
    C:/ti/TivaWare_C_Series-2.1.4.178/driverlib/ccs/Debug/driverlib.lib
       gpio.obj                       762     552       0      
       interrupt.obj                  172     20        620    
       sysctl.obj                     674     108       0      
       adc.obj                        400     0         0      
       uart.obj                       142     0         0      
       timer.obj                      120     0         0      
       pwm.obj                        110     0         0      
       ssi.obj                        106     0         0      
       systick.obj                    84      0         0      
       cpu.obj                        12      0         0      
    +--+------------------------------+-------+---------+---------+
       Total:                         2582    680       620    
                                                               
    C:\ti\ccsv7\tools\compiler\ti-cgt-arm_16.9.9.LTS\lib\rtsv7M4_T_le_v4SPD16_eabi.lib
       memory.obj                     976     0         12     
       fd_add_t2.obj                  438     0         0      
       fd_div_t2.obj                  310     0         0      
       fd_mul_t2.obj                  252     0         0      
       memcpy_t2.obj                  156     0         0      
       memset_t2.obj                  122     0         0      
       autoinit.obj                   112     0         0      
       copy_decompress_lzss.obj       104     0         0      
       exit.obj                       84      0         12     
       boot.obj                       84      0         0      
       cpy_tbl.obj                    76      0         0      
       fd_toi_t2.obj                  72      0         0      
       fd_tou_t2.obj                  68      0         0      
       u_divt2.obj                    64      0         0      
       i_tofd_t2.obj                  46      0         0      
       _lock.obj                      20      0         8      
       args_main.obj                  24      0         0      
       copy_decompress_none.obj       14      0         0      
       copy_zero_init.obj             12      0         0      
       pre_init.obj                   4       0         0      
       stkdepth_vars.obj              0       0         4      
       i_div0.obj                     2       0         0      
       mpu_init.obj                   2       0         0      
       startup.obj                    2       0         0      
    +--+------------------------------+-------+---------+---------+
       Total:                         3044    0         36     
                                                               
       Heap:                          0       0         512    
       Stack:                         0       0         512    
       Linker Generated:              0       82        0      
    +--+------------------------------+-------+---------+---------+
       Grand Total:                   16458   2308      2608   


LINKER GENERATED COPY TABLES

__TI_cinit_table @ 00004940 records: 3, size/record: 8, table size: 24
	.data: load addr=00004900, load size=0000001e bytes, run addr=20000a00, run size=00000038 bytes, compression=lzss
	.bss: load addr=00004930, load size=00000008 bytes, run addr=20000270, run size=0000038d bytes, compression=zero_init
	.vtable: load addr=00004938, load size=00000008 bytes, run addr=20000000, run size=0000026c bytes, compression=zero_init


LINKER GENERATED HANDLER TABLE

__TI_handler_table @ 00004920 records: 3, size/record: 4, table size: 12
	index: 0, handler: __TI_zero_init
	index: 1, handler: __TI_decompress_lzss
	index: 2, handler: __TI_decompress_none


GLOBAL SYMBOLS: SORTED ALPHABETICALLY BY Name 

address   name                           
-------   ----                           
00004251  ADCIntClear                    
0000418f  ADCIntEnable                   
00001871  ADCIntHandler                  
00004049  ADCIntRegister                 
00004061  ADCProcessorTrigger            
00003b8d  ADCSequenceConfigure           
00003ff1  ADCSequenceDataGet             
000041d1  ADCSequenceEnable              
00003729  ADCSequenceStepConfigure       
00003b39  C$$EXIT                        
00004209  CPUcpsie                       
00003a31  DelayInit                      
00003a4b  DelayMs                        
00003f83  GPIODirModeSet                 
00004295  GPIOIntClear                   
000041df  GPIOIntDisable                 
00004215  GPIOIntEnable                  
00004079  GPIOIntRegister                
00003a8d  GPIOIntTypeSet                 
00003077  GPIOPadConfigSet               
00003c7d  GPIOPinConfigure               
0000429b  GPIOPinRead                    
000040c1  GPIOPinTypeGPIOInput           
00004091  GPIOPinTypeGPIOOutput          
000040d7  GPIOPinTypePWM                 
000040ed  GPIOPinTypeSSI                 
00004103  GPIOPinTypeUART                
000042a1  GPIOPinWrite                   
00003901  IntEnable                      
0000419f  IntMasterEnable                
00003eed  IntRegister                    
00003dcb  OLEDInitialise                 
00003da5  OLEDStringDraw                 
0000299d  OrbitOledAdvanceCursor         
000017e1  OrbitOledClampXco              
00001801  OrbitOledClampYco              
00002445  OrbitOledClear                 
00002451  OrbitOledClearBuffer           
0000286d  OrbitOledDefUserChar           
000023c1  OrbitOledDevInit               
00001623  OrbitOledDrawChar              
00002925  OrbitOledDrawGlyph             
00000fe7  OrbitOledDrawPixel             
0000112d  OrbitOledDrawRect              
00001683  OrbitOledDrawString            
00002347  OrbitOledDvrInit               
000011b1  OrbitOledFillRect              
000012f5  OrbitOledGetBmp                
000028d5  OrbitOledGetCharUpdate         
00002851  OrbitOledGetCursor             
00000fe1  OrbitOledGetDrawMode           
00001013  OrbitOledGetPixel              
00000f37  OrbitOledGetPos                
00000f6b  OrbitOledGetStdPattern         
0000227d  OrbitOledHostInit              
00002269  OrbitOledInit                  
0000102d  OrbitOledLineTo                
00001779  OrbitOledMoveDown              
000017af  OrbitOledMoveLeft              
000017c7  OrbitOledMoveRight             
00000ef1  OrbitOledMoveTo                
00001741  OrbitOledMoveUp                
00001455  OrbitOledPutBmp                
000024db  OrbitOledPutBuffer             
000028db  OrbitOledPutChar               
000028f9  OrbitOledPutString             
000016ef  OrbitOledRopAnd                
000016cb  OrbitOledRopOr                 
000016a1  OrbitOledRopSet                
00001713  OrbitOledRopXor                
000028bd  OrbitOledSetCharUpdate         
00002805  OrbitOledSetCursor             
00000f53  OrbitOledSetDrawColor          
00000f8d  OrbitOledSetDrawMode           
00000f7d  OrbitOledSetFillPattern        
00002481  OrbitOledUpdate                
00002a09  PIDMainControl                 
00002b07  PIDTailControl                 
00003faf  PWMGenConfigure                
00004221  PWMGenEnable                   
000041af  PWMGenPeriodSet                
0000417d  PWMOutputState                 
0000400f  PWMPulseWidthSet               
00004245  ResetISR                       
UNDEFED   SHT$$INIT_ARRAY$$Base          
UNDEFED   SHT$$INIT_ARRAY$$Limit         
0000428d  SSIBusy                        
000042a7  SSIClockSourceSet              
00003eb1  SSIConfigSetExpClk             
0000422d  SSIDataGet                     
0000425b  SSIDataPut                     
00004265  SSIEnable                      
0000188f  SWIntHandler                   
00002541  Ssi3PutByte                    
000032d5  SysCtlClockGet                 
000034e1  SysCtlClockSet                 
000042ad  SysCtlDelay                    
00004119  SysCtlPWMClockSet              
00003f21  SysCtlPeripheralEnable         
00003bdd  SysCtlPeripheralReset          
0000412d  SysTickEnable                  
00004141  SysTickIntEnable               
00001841  SysTickIntHandler              
0000402d  SysTickIntRegister             
000041c1  SysTickPeriodSet               
000039d1  TimerConfigure                 
000041ed  TimerEnable                    
0000426f  TimerValueGet                  
00004279  UARTCharPut                    
00003d5d  UARTConfigSetExpClk            
00003fd1  UARTDisable                    
00004155  UARTEnable                     
00004283  UARTFIFOEnable                 
00003863  UARTSend                       
20000800  __STACK_END                    
00000200  __STACK_SIZE                   
20000800  __STACK_TOP                    
00000200  __SYSMEM_SIZE                  
00004940  __TI_CINIT_Base                
00004958  __TI_CINIT_Limit               
00004920  __TI_Handler_Table_Base        
0000492c  __TI_Handler_Table_Limit       
00003891  __TI_auto_init                 
20000a00  __TI_cleanup_ptr               
00003969  __TI_decompress_lzss           
000041fb  __TI_decompress_none           
20000a04  __TI_dtors_ptr                 
20000a08  __TI_enable_exit_profile_output
ffffffff  __TI_pprof_out_hndl            
ffffffff  __TI_prof_data_size            
ffffffff  __TI_prof_data_start           
00000000  __TI_static_base__             
00004239  __TI_zero_init                 
00003d15  __aeabi_d2iz                   
00003e2d  __aeabi_d2uiz                  
00002c0b  __aeabi_dadd                   
00002f41  __aeabi_ddiv                   
000033e5  __aeabi_dmul                   
00002c01  __aeabi_dsub                   
00003f55  __aeabi_i2d                    
00002db7  __aeabi_idiv0                  
000037a3  __aeabi_memclr                 
000037a3  __aeabi_memclr4                
000037a3  __aeabi_memclr8                
0000368d  __aeabi_memcpy                 
0000368d  __aeabi_memcpy4                
0000368d  __aeabi_memcpy8                
000037a5  __aeabi_memset                 
000037a5  __aeabi_memset4                
000037a5  __aeabi_memset8                
00003e71  __aeabi_uidiv                  
00003e71  __aeabi_uidivmod               
ffffffff  __binit__                      
ffffffff  __c_args__                     
00003da3  __mpu_init                     
20000600  __stack                        
000040a9  _args_main                     
00003ae5  _c_int00                       
20000a18  _lock                          
00004177  _nop                           
0000416f  _register_lock                 
00004169  _register_unlock               
20000800  _sys_memory                    
000041bf  _system_post_cinit             
000042b3  _system_pre_init               
20000a1c  _unlock                        
00003b3d  abort                          
ffffffff  binit                          
200005bc  bnOledCur                      
00001969  calcHeightADC                  
00002239  calloc                         
00002787  checkButton                    
200005fc  clrOledCur                     
00003cc9  copy_in                        
200005c0  dxcoOledFontCur                
200005c4  dycoOledFontCur                
00003295  enablePWMOutput                
00003b45  exit                           
200005c8  fOledCharUpdate                
00001d51  flySortie                      
00001f83  free                           
00003667  freeCircBuf                    
20000000  g_pfnRAMVectors                
00000000  g_pfnVectors                   
00002eaf  getCurrentYaw                  
00001be1  getHeliPos                     
00001ce1  heliLanding                    
00002e8f  homeIntHandler                 
0000192d  initADC                        
000025e5  initButtons                    
000035d5  initCircBuf                    
000018ff  initClock                      
000019af  initHeli                       
000031a9  initMainPWM                    
00001c99  initPeripherals                
000019cf  initSW1                        
000031ed  initTailPWM                    
00002eb7  initYaw                        
0000381d  initialiseUSB_UART             
00002e87  isHomed                        
00001ddb  main                           
20000a30  main_func_sp                   
00001f19  malloc                         
0000214d  memalign                       
0000368d  memcpy                         
000037ab  memset                         
00001e99  minit                          
200005cc  modOledCur                     
200005d0  pbOledCur                      
200005d4  pbOledFontCur                  
200005d8  pbOledFontUser                 
200005dc  pbOledPatCur                   
200005e0  pfnDoRop                       
00001b7d  pollButtons                    
00003633  readCircBuf                    
00002043  realloc                        
000018c5  resetPeripherals               
0000484c  rgbFillPat                     
20000270  rgbOledBmp                     
000042b8  rgbOledFont0                   
20000470  rgbOledFontUser                
00001c41  runHeli                        
0000322d  setPWMMain                     
00003263  setPWMTail                     
00001cc1  toggleSW1Interrupt             
00000751  ulocaltime                     
0000094f  umktime                        
000026b3  updateButtons                  
00001a11  updateDisplay                  
00001aa5  updateSerial                   
00000ec9  urand                          
00000721  usnprintf                      
000006ef  usprintf                       
00000eb9  usrand                         
00000e31  ustrcasecmp                    
00000ea5  ustrcmp                        
00000d35  ustrlen                        
00000d8d  ustrncasecmp                   
00000e45  ustrncmp                       
0000026d  ustrncpy                       
00000d57  ustrstr                        
00000afd  ustrtof                        
000009c5  ustrtoul                       
000002c5  uvsnprintf                     
000035ff  writeCircBuf                   
200005e4  xchOledCur                     
200005e8  xchOledMax                     
200005ec  xcoOledCur                     
00002db9  yawIntHandler                  
200005f0  ychOledCur                     
200005f4  ychOledMax                     
200005f8  ycoOledCur                     


GLOBAL SYMBOLS: SORTED BY Symbol Address 

address   name                           
-------   ----                           
00000000  __TI_static_base__             
00000000  g_pfnVectors                   
00000200  __STACK_SIZE                   
00000200  __SYSMEM_SIZE                  
0000026d  ustrncpy                       
000002c5  uvsnprintf                     
000006ef  usprintf                       
00000721  usnprintf                      
00000751  ulocaltime                     
0000094f  umktime                        
000009c5  ustrtoul                       
00000afd  ustrtof                        
00000d35  ustrlen                        
00000d57  ustrstr                        
00000d8d  ustrncasecmp                   
00000e31  ustrcasecmp                    
00000e45  ustrncmp                       
00000ea5  ustrcmp                        
00000eb9  usrand                         
00000ec9  urand                          
00000ef1  OrbitOledMoveTo                
00000f37  OrbitOledGetPos                
00000f53  OrbitOledSetDrawColor          
00000f6b  OrbitOledGetStdPattern         
00000f7d  OrbitOledSetFillPattern        
00000f8d  OrbitOledSetDrawMode           
00000fe1  OrbitOledGetDrawMode           
00000fe7  OrbitOledDrawPixel             
00001013  OrbitOledGetPixel              
0000102d  OrbitOledLineTo                
0000112d  OrbitOledDrawRect              
000011b1  OrbitOledFillRect              
000012f5  OrbitOledGetBmp                
00001455  OrbitOledPutBmp                
00001623  OrbitOledDrawChar              
00001683  OrbitOledDrawString            
000016a1  OrbitOledRopSet                
000016cb  OrbitOledRopOr                 
000016ef  OrbitOledRopAnd                
00001713  OrbitOledRopXor                
00001741  OrbitOledMoveUp                
00001779  OrbitOledMoveDown              
000017af  OrbitOledMoveLeft              
000017c7  OrbitOledMoveRight             
000017e1  OrbitOledClampXco              
00001801  OrbitOledClampYco              
00001841  SysTickIntHandler              
00001871  ADCIntHandler                  
0000188f  SWIntHandler                   
000018c5  resetPeripherals               
000018ff  initClock                      
0000192d  initADC                        
00001969  calcHeightADC                  
000019af  initHeli                       
000019cf  initSW1                        
00001a11  updateDisplay                  
00001aa5  updateSerial                   
00001b7d  pollButtons                    
00001be1  getHeliPos                     
00001c41  runHeli                        
00001c99  initPeripherals                
00001cc1  toggleSW1Interrupt             
00001ce1  heliLanding                    
00001d51  flySortie                      
00001ddb  main                           
00001e99  minit                          
00001f19  malloc                         
00001f83  free                           
00002043  realloc                        
0000214d  memalign                       
00002239  calloc                         
00002269  OrbitOledInit                  
0000227d  OrbitOledHostInit              
00002347  OrbitOledDvrInit               
000023c1  OrbitOledDevInit               
00002445  OrbitOledClear                 
00002451  OrbitOledClearBuffer           
00002481  OrbitOledUpdate                
000024db  OrbitOledPutBuffer             
00002541  Ssi3PutByte                    
000025e5  initButtons                    
000026b3  updateButtons                  
00002787  checkButton                    
00002805  OrbitOledSetCursor             
00002851  OrbitOledGetCursor             
0000286d  OrbitOledDefUserChar           
000028bd  OrbitOledSetCharUpdate         
000028d5  OrbitOledGetCharUpdate         
000028db  OrbitOledPutChar               
000028f9  OrbitOledPutString             
00002925  OrbitOledDrawGlyph             
0000299d  OrbitOledAdvanceCursor         
00002a09  PIDMainControl                 
00002b07  PIDTailControl                 
00002c01  __aeabi_dsub                   
00002c0b  __aeabi_dadd                   
00002db7  __aeabi_idiv0                  
00002db9  yawIntHandler                  
00002e87  isHomed                        
00002e8f  homeIntHandler                 
00002eaf  getCurrentYaw                  
00002eb7  initYaw                        
00002f41  __aeabi_ddiv                   
00003077  GPIOPadConfigSet               
000031a9  initMainPWM                    
000031ed  initTailPWM                    
0000322d  setPWMMain                     
00003263  setPWMTail                     
00003295  enablePWMOutput                
000032d5  SysCtlClockGet                 
000033e5  __aeabi_dmul                   
000034e1  SysCtlClockSet                 
000035d5  initCircBuf                    
000035ff  writeCircBuf                   
00003633  readCircBuf                    
00003667  freeCircBuf                    
0000368d  __aeabi_memcpy                 
0000368d  __aeabi_memcpy4                
0000368d  __aeabi_memcpy8                
0000368d  memcpy                         
00003729  ADCSequenceStepConfigure       
000037a3  __aeabi_memclr                 
000037a3  __aeabi_memclr4                
000037a3  __aeabi_memclr8                
000037a5  __aeabi_memset                 
000037a5  __aeabi_memset4                
000037a5  __aeabi_memset8                
000037ab  memset                         
0000381d  initialiseUSB_UART             
00003863  UARTSend                       
00003891  __TI_auto_init                 
00003901  IntEnable                      
00003969  __TI_decompress_lzss           
000039d1  TimerConfigure                 
00003a31  DelayInit                      
00003a4b  DelayMs                        
00003a8d  GPIOIntTypeSet                 
00003ae5  _c_int00                       
00003b39  C$$EXIT                        
00003b3d  abort                          
00003b45  exit                           
00003b8d  ADCSequenceConfigure           
00003bdd  SysCtlPeripheralReset          
00003c7d  GPIOPinConfigure               
00003cc9  copy_in                        
00003d15  __aeabi_d2iz                   
00003d5d  UARTConfigSetExpClk            
00003da3  __mpu_init                     
00003da5  OLEDStringDraw                 
00003dcb  OLEDInitialise                 
00003e2d  __aeabi_d2uiz                  
00003e71  __aeabi_uidiv                  
00003e71  __aeabi_uidivmod               
00003eb1  SSIConfigSetExpClk             
00003eed  IntRegister                    
00003f21  SysCtlPeripheralEnable         
00003f55  __aeabi_i2d                    
00003f83  GPIODirModeSet                 
00003faf  PWMGenConfigure                
00003fd1  UARTDisable                    
00003ff1  ADCSequenceDataGet             
0000400f  PWMPulseWidthSet               
0000402d  SysTickIntRegister             
00004049  ADCIntRegister                 
00004061  ADCProcessorTrigger            
00004079  GPIOIntRegister                
00004091  GPIOPinTypeGPIOOutput          
000040a9  _args_main                     
000040c1  GPIOPinTypeGPIOInput           
000040d7  GPIOPinTypePWM                 
000040ed  GPIOPinTypeSSI                 
00004103  GPIOPinTypeUART                
00004119  SysCtlPWMClockSet              
0000412d  SysTickEnable                  
00004141  SysTickIntEnable               
00004155  UARTEnable                     
00004169  _register_unlock               
0000416f  _register_lock                 
00004177  _nop                           
0000417d  PWMOutputState                 
0000418f  ADCIntEnable                   
0000419f  IntMasterEnable                
000041af  PWMGenPeriodSet                
000041bf  _system_post_cinit             
000041c1  SysTickPeriodSet               
000041d1  ADCSequenceEnable              
000041df  GPIOIntDisable                 
000041ed  TimerEnable                    
000041fb  __TI_decompress_none           
00004209  CPUcpsie                       
00004215  GPIOIntEnable                  
00004221  PWMGenEnable                   
0000422d  SSIDataGet                     
00004239  __TI_zero_init                 
00004245  ResetISR                       
00004251  ADCIntClear                    
0000425b  SSIDataPut                     
00004265  SSIEnable                      
0000426f  TimerValueGet                  
00004279  UARTCharPut                    
00004283  UARTFIFOEnable                 
0000428d  SSIBusy                        
00004295  GPIOIntClear                   
0000429b  GPIOPinRead                    
000042a1  GPIOPinWrite                   
000042a7  SSIClockSourceSet              
000042ad  SysCtlDelay                    
000042b3  _system_pre_init               
000042b8  rgbOledFont0                   
0000484c  rgbFillPat                     
00004920  __TI_Handler_Table_Base        
0000492c  __TI_Handler_Table_Limit       
00004940  __TI_CINIT_Base                
00004958  __TI_CINIT_Limit               
20000000  g_pfnRAMVectors                
20000270  rgbOledBmp                     
20000470  rgbOledFontUser                
200005bc  bnOledCur                      
200005c0  dxcoOledFontCur                
200005c4  dycoOledFontCur                
200005c8  fOledCharUpdate                
200005cc  modOledCur                     
200005d0  pbOledCur                      
200005d4  pbOledFontCur                  
200005d8  pbOledFontUser                 
200005dc  pbOledPatCur                   
200005e0  pfnDoRop                       
200005e4  xchOledCur                     
200005e8  xchOledMax                     
200005ec  xcoOledCur                     
200005f0  ychOledCur                     
200005f4  ychOledMax                     
200005f8  ycoOledCur                     
200005fc  clrOledCur                     
20000600  __stack                        
20000800  __STACK_END                    
20000800  __STACK_TOP                    
20000800  _sys_memory                    
20000a00  __TI_cleanup_ptr               
20000a04  __TI_dtors_ptr                 
20000a08  __TI_enable_exit_profile_output
20000a18  _lock                          
20000a1c  _unlock                        
20000a30  main_func_sp                   
ffffffff  __TI_pprof_out_hndl            
ffffffff  __TI_prof_data_size            
ffffffff  __TI_prof_data_start           
ffffffff  __binit__                      
ffffffff  __c_args__                     
ffffffff  binit                          
UNDEFED   SHT$$INIT_ARRAY$$Base          
UNDEFED   SHT$$INIT_ARRAY$$Limit         

[252 symbols]
