******************************************************************************
                  TI ARM Linker PC v16.9.9                     
******************************************************************************
>> Linked Tue May 21 16:48:13 2019

OUTPUT FILE NAME:   <Project_Milestone_1.out>
ENTRY POINT SYMBOL: "_c_int00"  address: 00003bb5


MEMORY CONFIGURATION

         name            origin    length      used     unused   attr    fill
----------------------  --------  ---------  --------  --------  ----  --------
  FLASH                 00000000   00040000  00004a4e  0003b5b2  R  X
  SRAM                  20000000   00008000  00000a45  000075bb  RW X


SEGMENT ALLOCATION MAP

run origin  load origin   length   init length attrs members
----------  ----------- ---------- ----------- ----- -------
00000000    00000000    00004a50   00004a50    r-x
  00000000    00000000    0000026c   0000026c    r-- .intvecs
  0000026c    0000026c    0000413a   0000413a    r-x .text
  000043a8    000043a8    00000648   00000648    r-- .const
  000049f0    000049f0    00000060   00000060    r-- .cinit
20000000    20000000    00000a50   00000000    rw-
  20000000    20000000    0000026c   00000000    rw- .vtable
  20000270    20000270    00000399   00000000    rw- .bss
  2000060c    2000060c    00000200   00000000    rw- .stack
  20000810    20000810    00000200   00000000    rw- .sysmem
  20000a10    20000a10    00000040   00000000    rw- .data


SECTION ALLOCATION MAP

 output                                  attributes/
section   page    origin      length       input sections
--------  ----  ----------  ----------   ----------------
.intvecs   0    00000000    0000026c     
                  00000000    0000026c     tm4c123gh6pm_startup_ccs.obj (.intvecs)

.text      0    0000026c    0000413a     
                  0000026c    00000c84     ustdlib.obj (.text)
                  00000ef0    00000aa8     Milestone_1.obj (.text)
                  00001998    00000950     OrbitOledGrph.obj (.text)
                  000022e8    000003d0     rtsv7M4_T_le_v4SPD16_eabi.lib : memory.obj (.text)
                  000026b8    0000037c     OrbitOled.obj (.text)
                  00002a34    00000220     buttons4.obj (.text)
                  00002c54    00000204     OrbitOledChar.obj (.text)
                  00002e58    000001b6     rtsv7M4_T_le_v4SPD16_eabi.lib : fd_add_t2.obj (.text)
                  0000300e    00000136                                   : fd_div_t2.obj (.text)
                  00003144    00000132     driverlib.lib : gpio.obj (.text:GPIOPadConfigSet)
                  00003276    00000002     rtsv7M4_T_le_v4SPD16_eabi.lib : i_div0.obj (.text)
                  00003278    0000012c     motorControl.obj (.text)
                  000033a4    00000110     driverlib.lib : sysctl.obj (.text:SysCtlClockGet)
                  000034b4    000000fc     rtsv7M4_T_le_v4SPD16_eabi.lib : fd_mul_t2.obj (.text)
                  000035b0    000000f4     driverlib.lib : sysctl.obj (.text:SysCtlClockSet)
                  000036a4    000000b8     circBufT.obj (.text)
                  0000375c    0000009c     rtsv7M4_T_le_v4SPD16_eabi.lib : memcpy_t2.obj (.text)
                  000037f8    0000007a     driverlib.lib : adc.obj (.text:ADCSequenceStepConfigure)
                  00003872    0000007a     rtsv7M4_T_le_v4SPD16_eabi.lib : memset_t2.obj (.text)
                  000038ec    00000074     serialCom.obj (.text)
                  00003960    00000070     rtsv7M4_T_le_v4SPD16_eabi.lib : autoinit.obj (.text)
                  000039d0    00000068     driverlib.lib : interrupt.obj (.text:IntEnable)
                  00003a38    00000068     rtsv7M4_T_le_v4SPD16_eabi.lib : copy_decompress_lzss.obj (.text:decompress:lzss)
                  00003aa0    00000060     driverlib.lib : timer.obj (.text:TimerConfigure)
                  00003b00    0000005c     delay.obj (.text)
                  00003b5c    00000058     driverlib.lib : gpio.obj (.text:GPIOIntTypeSet)
                  00003bb4    00000054     rtsv7M4_T_le_v4SPD16_eabi.lib : boot.obj (.text)
                  00003c08    00000054                                   : exit.obj (.text)
                  00003c5c    00000050     driverlib.lib : adc.obj (.text:ADCSequenceConfigure)
                  00003cac    00000050                   : sysctl.obj (.text:SysCtlPeripheralReset)
                  00003cfc    00000050                   : adc.obj (.text:_ADCIntNumberGet)
                  00003d4c    0000004c                   : gpio.obj (.text:GPIOPinConfigure)
                  00003d98    0000004c     rtsv7M4_T_le_v4SPD16_eabi.lib : cpy_tbl.obj (.text)
                  00003de4    00000048                                   : fd_toi_t2.obj (.text)
                  00003e2c    00000046     driverlib.lib : uart.obj (.text:UARTConfigSetExpClk)
                  00003e72    00000002     rtsv7M4_T_le_v4SPD16_eabi.lib : mpu_init.obj (.text)
                  00003e74    00000044     OrbitOLEDInterface.obj (.text)
                  00003eb8    00000044     driverlib.lib : gpio.obj (.text:_GPIOIntNumberGet)
                  00003efc    00000044     rtsv7M4_T_le_v4SPD16_eabi.lib : fd_tou_t2.obj (.text)
                  00003f40    00000040                                   : u_divt2.obj (.text)
                  00003f80    0000003c     driverlib.lib : ssi.obj (.text:SSIConfigSetExpClk)
                  00003fbc    00000034                   : interrupt.obj (.text:IntRegister)
                  00003ff0    00000034                   : sysctl.obj (.text:SysCtlPeripheralEnable)
                  00004024    0000002e     rtsv7M4_T_le_v4SPD16_eabi.lib : i_tofd_t2.obj (.text)
                  00004052    0000002c     driverlib.lib : gpio.obj (.text:GPIODirModeSet)
                  0000407e    00000022                   : pwm.obj (.text:PWMGenConfigure)
                  000040a0    00000020                   : uart.obj (.text:UARTDisable)
                  000040c0    00000020     rtsv7M4_T_le_v4SPD16_eabi.lib : u_tofd_t2.obj (.text)
                  000040e0    0000001e     driverlib.lib : adc.obj (.text:ADCSequenceDataGet)
                  000040fe    0000001e                   : pwm.obj (.text:PWMPulseWidthSet)
                  0000411c    0000001c                   : systick.obj (.text:SysTickIntRegister)
                  00004138    00000018                   : adc.obj (.text:ADCIntRegister)
                  00004150    00000018                   : adc.obj (.text:ADCProcessorTrigger)
                  00004168    00000018                   : gpio.obj (.text:GPIOIntRegister)
                  00004180    00000018                   : gpio.obj (.text:GPIOPinTypeGPIOOutput)
                  00004198    00000018     rtsv7M4_T_le_v4SPD16_eabi.lib : args_main.obj (.text)
                  000041b0    00000016     driverlib.lib : gpio.obj (.text:GPIOPinTypeGPIOInput)
                  000041c6    00000016                   : gpio.obj (.text:GPIOPinTypePWM)
                  000041dc    00000016                   : gpio.obj (.text:GPIOPinTypeSSI)
                  000041f2    00000016                   : gpio.obj (.text:GPIOPinTypeUART)
                  00004208    00000014                   : sysctl.obj (.text:SysCtlPWMClockSet)
                  0000421c    00000014                   : systick.obj (.text:SysTickEnable)
                  00004230    00000014                   : systick.obj (.text:SysTickIntEnable)
                  00004244    00000014                   : uart.obj (.text:UARTEnable)
                  00004258    00000014     rtsv7M4_T_le_v4SPD16_eabi.lib : _lock.obj (.text)
                  0000426c    00000012     driverlib.lib : pwm.obj (.text:PWMOutputState)
                  0000427e    00000010                   : adc.obj (.text:ADCIntEnable)
                  0000428e    00000010                   : interrupt.obj (.text:IntMasterEnable)
                  0000429e    00000010                   : pwm.obj (.text:PWMGenPeriodSet)
                  000042ae    00000002     rtsv7M4_T_le_v4SPD16_eabi.lib : startup.obj (.text)
                  000042b0    00000010     driverlib.lib : systick.obj (.text:SysTickPeriodSet)
                  000042c0    0000000e                   : adc.obj (.text:ADCSequenceEnable)
                  000042ce    0000000e                   : gpio.obj (.text:GPIOIntDisable)
                  000042dc    0000000e                   : timer.obj (.text:TimerEnable)
                  000042ea    0000000e     rtsv7M4_T_le_v4SPD16_eabi.lib : copy_decompress_none.obj (.text:decompress:none)
                  000042f8    0000000c     driverlib.lib : cpu.obj (.text:CPUcpsie)
                  00004304    0000000c                   : gpio.obj (.text:GPIOIntEnable)
                  00004310    0000000c                   : pwm.obj (.text:PWMGenEnable)
                  0000431c    0000000c                   : ssi.obj (.text:SSIDataGet)
                  00004328    0000000c     rtsv7M4_T_le_v4SPD16_eabi.lib : copy_zero_init.obj (.text:decompress:ZI)
                  00004334    0000000c     tm4c123gh6pm_startup_ccs.obj (.text)
                  00004340    0000000a     driverlib.lib : adc.obj (.text:ADCIntClear)
                  0000434a    0000000a                   : ssi.obj (.text:SSIDataPut)
                  00004354    0000000a                   : ssi.obj (.text:SSIEnable)
                  0000435e    0000000a                   : timer.obj (.text:TimerValueGet)
                  00004368    0000000a                   : uart.obj (.text:UARTCharPut)
                  00004372    0000000a                   : uart.obj (.text:UARTFIFOEnable)
                  0000437c    00000008                   : ssi.obj (.text:SSIBusy)
                  00004384    00000006                   : gpio.obj (.text:GPIOIntClear)
                  0000438a    00000006                   : gpio.obj (.text:GPIOPinRead)
                  00004390    00000006                   : gpio.obj (.text:GPIOPinWrite)
                  00004396    00000006                   : ssi.obj (.text:SSIClockSourceSet)
                  0000439c    00000006                   : sysctl.obj (.text:SysCtlDelay)
                  000043a2    00000004     rtsv7M4_T_le_v4SPD16_eabi.lib : pre_init.obj (.text)

.const     0    000043a8    00000648     
                  000043a8    00000300     ChrFont0.obj (.const:.string:rgbOledFont0)
                  000046a8    000000d8     driverlib.lib : gpio.obj (.const:g_ppui32GPIOIntMapSnowflake)
                  00004780    000000c0                   : gpio.obj (.const:g_ppui32GPIOIntMapBlizzard)
                  00004840    00000090                   : gpio.obj (.const:g_pui32GPIOBaseAddrs)
                  000048d0    0000006c                   : sysctl.obj (.const:g_pui32Xtals)
                  0000493c    00000040     FillPat.obj (.const:.string:rgbFillPat)
                  0000497c    00000030     ustdlib.obj (.const:g_psDaysToMonth)
                  000049ac    00000018     ustdlib.obj (.const:g_pfExponents)
                  000049c4    00000014     driverlib.lib : interrupt.obj (.const:g_pui32EnRegs)
                  000049d8    00000012     ustdlib.obj (.const:.string)
                  000049ea    00000002     --HOLE-- [fill = 0]
                  000049ec    00000004     ustdlib.obj (.const)

.cinit     0    000049f0    00000060     
                  000049f0    00000025     (.cinit..data.load) [load image, compression = lzss]
                  00004a15    00000003     --HOLE-- [fill = 0]
                  00004a18    0000000c     (__TI_handler_table)
                  00004a24    00000004     --HOLE-- [fill = 0]
                  00004a28    00000008     (.cinit..bss.load) [load image, compression = zero_init]
                  00004a30    00000008     (.cinit..vtable.load) [load image, compression = zero_init]
                  00004a38    00000018     (__TI_cinit_table)

.init_array 
*          0    00000000    00000000     UNINITIALIZED

.vtable    0    20000000    0000026c     UNINITIALIZED
                  20000000    0000026c     driverlib.lib : interrupt.obj (.vtable)

.bss       0    20000270    00000399     UNINITIALIZED
                  20000270    00000200     (.common:rgbOledBmp)
                  20000470    00000100     (.common:rgbOledFontUser)
                  20000570    00000038     Milestone_1.obj (.bss)
                  200005a8    00000010     Milestone_1.obj (.bss:g_inBuffer)
                  200005b8    00000004     buttons4.obj (.bss:but_count)
                  200005bc    00000004     buttons4.obj (.bss:but_flag)
                  200005c0    00000004     buttons4.obj (.bss:but_normal)
                  200005c4    00000004     buttons4.obj (.bss:but_state)
                  200005c8    00000004     (.common:bnOledCur)
                  200005cc    00000004     (.common:dxcoOledFontCur)
                  200005d0    00000004     (.common:dycoOledFontCur)
                  200005d4    00000004     (.common:fOledCharUpdate)
                  200005d8    00000004     (.common:modOledCur)
                  200005dc    00000004     (.common:pbOledCur)
                  200005e0    00000004     (.common:pbOledFontCur)
                  200005e4    00000004     (.common:pbOledFontUser)
                  200005e8    00000004     (.common:pbOledPatCur)
                  200005ec    00000004     (.common:pfnDoRop)
                  200005f0    00000004     (.common:xchOledCur)
                  200005f4    00000004     (.common:xchOledMax)
                  200005f8    00000004     (.common:xcoOledCur)
                  200005fc    00000004     (.common:ychOledCur)
                  20000600    00000004     (.common:ychOledMax)
                  20000604    00000004     (.common:ycoOledCur)
                  20000608    00000001     (.common:clrOledCur)

.stack     0    2000060c    00000200     UNINITIALIZED
                  2000060c    00000200     --HOLE--

.sysmem    0    20000810    00000200     UNINITIALIZED
                  20000810    00000008     rtsv7M4_T_le_v4SPD16_eabi.lib : memory.obj (.sysmem)
                  20000818    000001f8     --HOLE--

.data      0    20000a10    00000040     UNINITIALIZED
                  20000a10    00000017     Milestone_1.obj (.data)
                  20000a27    00000001     --HOLE--
                  20000a28    0000000c     rtsv7M4_T_le_v4SPD16_eabi.lib : exit.obj (.data:$O1$$)
                  20000a34    0000000c                                   : memory.obj (.data:$O1$$)
                  20000a40    00000008                                   : _lock.obj (.data:$O1$$)
                  20000a48    00000004                                   : stkdepth_vars.obj (.data)
                  20000a4c    00000004     ustdlib.obj (.data)

MODULE SUMMARY

       Module                         code    ro data   rw data
       ------                         ----    -------   -------
    .\
       ustdlib.obj                    3204    94        4      
       Milestone_1.obj                2728    0         95     
       tm4c123gh6pm_startup_ccs.obj   12      620       0      
       buttons4.obj                   544     0         16     
       motorControl.obj               300     0         0      
       circBufT.obj                   184     0         0      
       serialCom.obj                  116     0         0      
    +--+------------------------------+-------+---------+---------+
       Total:                         7088    714       115    
                                                               
    .\OrbitOLED\
       OrbitOLEDInterface.obj         68      0         0      
    +--+------------------------------+-------+---------+---------+
       Total:                         68      0         0      
                                                               
    .\OrbitOLED\lib_OrbitOled\
       OrbitOledGrph.obj              2384    0         8      
       OrbitOled.obj                  892     0         553    
       OrbitOledChar.obj              516     0         272    
       ChrFont0.obj                   0       768       0      
       delay.obj                      92      0         0      
       FillPat.obj                    0       64        0      
    +--+------------------------------+-------+---------+---------+
       Total:                         3884    832       833    
                                                               
    C:/ti/TivaWare_C_Series-2.1.4.178/driverlib/ccs/Debug/driverlib.lib
       gpio.obj                       762     552       0      
       interrupt.obj                  172     20        620    
       sysctl.obj                     674     108       0      
       adc.obj                        400     0         0      
       uart.obj                       142     0         0      
       timer.obj                      120     0         0      
       pwm.obj                        110     0         0      
       ssi.obj                        106     0         0      
       systick.obj                    84      0         0      
       cpu.obj                        12      0         0      
    +--+------------------------------+-------+---------+---------+
       Total:                         2582    680       620    
                                                               
    C:\ti\ccsv7\tools\compiler\ti-cgt-arm_16.9.9.LTS\lib\rtsv7M4_T_le_v4SPD16_eabi.lib
       memory.obj                     976     0         12     
       fd_add_t2.obj                  438     0         0      
       fd_div_t2.obj                  310     0         0      
       fd_mul_t2.obj                  252     0         0      
       memcpy_t2.obj                  156     0         0      
       memset_t2.obj                  122     0         0      
       autoinit.obj                   112     0         0      
       copy_decompress_lzss.obj       104     0         0      
       exit.obj                       84      0         12     
       boot.obj                       84      0         0      
       cpy_tbl.obj                    76      0         0      
       fd_toi_t2.obj                  72      0         0      
       fd_tou_t2.obj                  68      0         0      
       u_divt2.obj                    64      0         0      
       i_tofd_t2.obj                  46      0         0      
       u_tofd_t2.obj                  32      0         0      
       _lock.obj                      20      0         8      
       args_main.obj                  24      0         0      
       copy_decompress_none.obj       14      0         0      
       copy_zero_init.obj             12      0         0      
       pre_init.obj                   4       0         0      
       stkdepth_vars.obj              0       0         4      
       i_div0.obj                     2       0         0      
       mpu_init.obj                   2       0         0      
       startup.obj                    2       0         0      
    +--+------------------------------+-------+---------+---------+
       Total:                         3076    0         36     
                                                               
       Heap:                          0       0         512    
       Stack:                         0       0         512    
       Linker Generated:              0       89        0      
    +--+------------------------------+-------+---------+---------+
       Grand Total:                   16698   2315      2628   


LINKER GENERATED COPY TABLES

__TI_cinit_table @ 00004a38 records: 3, size/record: 8, table size: 24
	.data: load addr=000049f0, load size=00000025 bytes, run addr=20000a10, run size=00000040 bytes, compression=lzss
	.bss: load addr=00004a28, load size=00000008 bytes, run addr=20000270, run size=00000399 bytes, compression=zero_init
	.vtable: load addr=00004a30, load size=00000008 bytes, run addr=20000000, run size=0000026c bytes, compression=zero_init


LINKER GENERATED HANDLER TABLE

__TI_handler_table @ 00004a18 records: 3, size/record: 4, table size: 12
	index: 0, handler: __TI_zero_init
	index: 1, handler: __TI_decompress_lzss
	index: 2, handler: __TI_decompress_none


GLOBAL SYMBOLS: SORTED ALPHABETICALLY BY Name 

address   name                           
-------   ----                           
00004341  ADCIntClear                    
0000427f  ADCIntEnable                   
00000f21  ADCIntHandler                  
00004139  ADCIntRegister                 
00004151  ADCProcessorTrigger            
00003c5d  ADCSequenceConfigure           
000040e1  ADCSequenceDataGet             
000042c1  ADCSequenceEnable              
000037f9  ADCSequenceStepConfigure       
00003c09  C$$EXIT                        
000042f9  CPUcpsie                       
00003b01  DelayInit                      
00003b1b  DelayMs                        
00004053  GPIODirModeSet                 
00004385  GPIOIntClear                   
000042cf  GPIOIntDisable                 
00004305  GPIOIntEnable                  
00004169  GPIOIntRegister                
00003b5d  GPIOIntTypeSet                 
00003145  GPIOPadConfigSet               
00003d4d  GPIOPinConfigure               
0000438b  GPIOPinRead                    
000041b1  GPIOPinTypeGPIOInput           
00004181  GPIOPinTypeGPIOOutput          
000041c7  GPIOPinTypePWM                 
000041dd  GPIOPinTypeSSI                 
000041f3  GPIOPinTypeUART                
00004391  GPIOPinWrite                   
00001037  HomeIntHandler                 
000039d1  IntEnable                      
0000428f  IntMasterEnable                
00003fbd  IntRegister                    
00003e9b  OLEDInitialise                 
00003e75  OLEDStringDraw                 
00002ded  OrbitOledAdvanceCursor         
00002289  OrbitOledClampXco              
000022a9  OrbitOledClampYco              
00002895  OrbitOledClear                 
000028a1  OrbitOledClearBuffer           
00002cbd  OrbitOledDefUserChar           
00002811  OrbitOledDevInit               
000020cb  OrbitOledDrawChar              
00002d75  OrbitOledDrawGlyph             
00001a8f  OrbitOledDrawPixel             
00001bd5  OrbitOledDrawRect              
0000212b  OrbitOledDrawString            
00002797  OrbitOledDvrInit               
00001c59  OrbitOledFillRect              
00001d9d  OrbitOledGetBmp                
00002d25  OrbitOledGetCharUpdate         
00002ca1  OrbitOledGetCursor             
00001a89  OrbitOledGetDrawMode           
00001abb  OrbitOledGetPixel              
000019df  OrbitOledGetPos                
00001a13  OrbitOledGetStdPattern         
000026cd  OrbitOledHostInit              
000026b9  OrbitOledInit                  
00001ad5  OrbitOledLineTo                
00002221  OrbitOledMoveDown              
00002257  OrbitOledMoveLeft              
0000226f  OrbitOledMoveRight             
00001999  OrbitOledMoveTo                
000021e9  OrbitOledMoveUp                
00001efd  OrbitOledPutBmp                
0000292b  OrbitOledPutBuffer             
00002d2b  OrbitOledPutChar               
00002d49  OrbitOledPutString             
00002197  OrbitOledRopAnd                
00002173  OrbitOledRopOr                 
00002149  OrbitOledRopSet                
000021bb  OrbitOledRopXor                
00002d0d  OrbitOledSetCharUpdate         
00002c55  OrbitOledSetCursor             
000019fb  OrbitOledSetDrawColor          
00001a35  OrbitOledSetDrawMode           
00001a25  OrbitOledSetFillPattern        
000028d1  OrbitOledUpdate                
000015b5  PIDMainControl                 
00001759  PIDTailControl                 
0000407f  PWMGenConfigure                
00004311  PWMGenEnable                   
0000429f  PWMGenPeriodSet                
0000426d  PWMOutputState                 
000040ff  PWMPulseWidthSet               
00004335  ResetISR                       
UNDEFED   SHT$$INIT_ARRAY$$Base          
UNDEFED   SHT$$INIT_ARRAY$$Limit         
0000437d  SSIBusy                        
00004397  SSIClockSourceSet              
00003f81  SSIConfigSetExpClk             
0000431d  SSIDataGet                     
0000434b  SSIDataPut                     
00004355  SSIEnable                      
0000100d  SWIntHandler                   
00002991  Ssi3PutByte                    
000033a5  SysCtlClockGet                 
000035b1  SysCtlClockSet                 
0000439d  SysCtlDelay                    
00004209  SysCtlPWMClockSet              
00003ff1  SysCtlPeripheralEnable         
00003cad  SysCtlPeripheralReset          
0000421d  SysTickEnable                  
00004231  SysTickIntEnable               
00000ef1  SysTickIntHandler              
0000411d  SysTickIntRegister             
000042b1  SysTickPeriodSet               
00003aa1  TimerConfigure                 
000042dd  TimerEnable                    
0000435f  TimerValueGet                  
00004369  UARTCharPut                    
00003e2d  UARTConfigSetExpClk            
000040a1  UARTDisable                    
00004245  UARTEnable                     
00004373  UARTFIFOEnable                 
00003933  UARTSend                       
00000f3f  YawIntHandler                  
2000080c  __STACK_END                    
00000200  __STACK_SIZE                   
2000080c  __STACK_TOP                    
00000200  __SYSMEM_SIZE                  
00004a38  __TI_CINIT_Base                
00004a50  __TI_CINIT_Limit               
00004a18  __TI_Handler_Table_Base        
00004a24  __TI_Handler_Table_Limit       
00003961  __TI_auto_init                 
20000a28  __TI_cleanup_ptr               
00003a39  __TI_decompress_lzss           
000042eb  __TI_decompress_none           
20000a2c  __TI_dtors_ptr                 
20000a30  __TI_enable_exit_profile_output
ffffffff  __TI_pprof_out_hndl            
ffffffff  __TI_prof_data_size            
ffffffff  __TI_prof_data_start           
00000000  __TI_static_base__             
00004329  __TI_zero_init                 
00003de5  __aeabi_d2iz                   
00003efd  __aeabi_d2uiz                  
00002e63  __aeabi_dadd                   
0000300f  __aeabi_ddiv                   
000034b5  __aeabi_dmul                   
00002e59  __aeabi_dsub                   
00004025  __aeabi_i2d                    
00003277  __aeabi_idiv0                  
00003873  __aeabi_memclr                 
00003873  __aeabi_memclr4                
00003873  __aeabi_memclr8                
0000375d  __aeabi_memcpy                 
0000375d  __aeabi_memcpy4                
0000375d  __aeabi_memcpy8                
00003875  __aeabi_memset                 
00003875  __aeabi_memset4                
00003875  __aeabi_memset8                
000040c1  __aeabi_ui2d                   
00003f41  __aeabi_uidiv                  
00003f41  __aeabi_uidivmod               
ffffffff  __binit__                      
ffffffff  __c_args__                     
00003e73  __mpu_init                     
2000060c  __stack                        
00004199  _args_main                     
00003bb5  _c_int00                       
20000a40  _lock                          
00004267  _nop                           
0000425f  _register_lock                 
00004259  _register_unlock               
20000810  _sys_memory                    
000042af  _system_post_cinit             
000043a3  _system_pre_init               
20000a44  _unlock                        
00003c0d  abort                          
ffffffff  binit                          
200005c8  bnOledCur                      
0000148d  calcHeight                     
00001171  calcHeightADC                  
00002689  calloc                         
00002bd7  checkButton                    
20000608  clrOledCur                     
00003d99  copy_in                        
200005cc  dxcoOledFontCur                
200005d0  dycoOledFontCur                
00003365  enablePWMOutput                
00003c15  exit                           
200005d4  fOledCharUpdate                
000023d3  free                           
00003737  freeCircBuf                    
20000000  g_pfnRAMVectors                
00000000  g_pfnVectors                   
000010cb  initADC                        
00002a35  initButtons                    
000036a5  initCircBuf                    
0000109d  initClock                      
00001107  initDisplay                    
000011b7  initHeli                       
00003279  initMainPWM                    
000011d7  initSW1                        
000032bd  initTailPWM                    
0000110f  initYaw                        
000038ed  initialiseUSB_UART             
00001885  main                           
20000a48  main_func_sp                   
00002369  malloc                         
0000259d  memalign                       
0000375d  memcpy                         
0000387b  memset                         
000022e9  minit                          
200005d8  modOledCur                     
200005dc  pbOledCur                      
200005e0  pbOledFontCur                  
200005e4  pbOledFontUser                 
200005e8  pbOledPatCur                   
200005ec  pfnDoRop                       
00001421  pollButtons                    
00003703  readCircBuf                    
00002493  realloc                        
00001063  resetPeripherals               
0000493c  rgbFillPat                     
20000270  rgbOledBmp                     
000043a8  rgbOledFont0                   
20000470  rgbOledFontUser                
0000185b  runHeli                        
000032fd  setPWMMain                     
00003333  setPWMTail                     
00000751  ulocaltime                     
0000094f  umktime                        
00002b03  updateButtons                  
00001239  updateDisplay                  
00001339  updateSerial                   
00000ec9  urand                          
00000721  usnprintf                      
000006ef  usprintf                       
00000eb9  usrand                         
00000e31  ustrcasecmp                    
00000ea5  ustrcmp                        
00000d35  ustrlen                        
00000d8d  ustrncasecmp                   
00000e45  ustrncmp                       
0000026d  ustrncpy                       
00000d57  ustrstr                        
00000afd  ustrtof                        
000009c5  ustrtoul                       
000002c5  uvsnprintf                     
000036cf  writeCircBuf                   
200005f0  xchOledCur                     
200005f4  xchOledMax                     
200005f8  xcoOledCur                     
200005fc  ychOledCur                     
20000600  ychOledMax                     
20000604  ycoOledCur                     


GLOBAL SYMBOLS: SORTED BY Symbol Address 

address   name                           
-------   ----                           
00000000  __TI_static_base__             
00000000  g_pfnVectors                   
00000200  __STACK_SIZE                   
00000200  __SYSMEM_SIZE                  
0000026d  ustrncpy                       
000002c5  uvsnprintf                     
000006ef  usprintf                       
00000721  usnprintf                      
00000751  ulocaltime                     
0000094f  umktime                        
000009c5  ustrtoul                       
00000afd  ustrtof                        
00000d35  ustrlen                        
00000d57  ustrstr                        
00000d8d  ustrncasecmp                   
00000e31  ustrcasecmp                    
00000e45  ustrncmp                       
00000ea5  ustrcmp                        
00000eb9  usrand                         
00000ec9  urand                          
00000ef1  SysTickIntHandler              
00000f21  ADCIntHandler                  
00000f3f  YawIntHandler                  
0000100d  SWIntHandler                   
00001037  HomeIntHandler                 
00001063  resetPeripherals               
0000109d  initClock                      
000010cb  initADC                        
00001107  initDisplay                    
0000110f  initYaw                        
00001171  calcHeightADC                  
000011b7  initHeli                       
000011d7  initSW1                        
00001239  updateDisplay                  
00001339  updateSerial                   
00001421  pollButtons                    
0000148d  calcHeight                     
000015b5  PIDMainControl                 
00001759  PIDTailControl                 
0000185b  runHeli                        
00001885  main                           
00001999  OrbitOledMoveTo                
000019df  OrbitOledGetPos                
000019fb  OrbitOledSetDrawColor          
00001a13  OrbitOledGetStdPattern         
00001a25  OrbitOledSetFillPattern        
00001a35  OrbitOledSetDrawMode           
00001a89  OrbitOledGetDrawMode           
00001a8f  OrbitOledDrawPixel             
00001abb  OrbitOledGetPixel              
00001ad5  OrbitOledLineTo                
00001bd5  OrbitOledDrawRect              
00001c59  OrbitOledFillRect              
00001d9d  OrbitOledGetBmp                
00001efd  OrbitOledPutBmp                
000020cb  OrbitOledDrawChar              
0000212b  OrbitOledDrawString            
00002149  OrbitOledRopSet                
00002173  OrbitOledRopOr                 
00002197  OrbitOledRopAnd                
000021bb  OrbitOledRopXor                
000021e9  OrbitOledMoveUp                
00002221  OrbitOledMoveDown              
00002257  OrbitOledMoveLeft              
0000226f  OrbitOledMoveRight             
00002289  OrbitOledClampXco              
000022a9  OrbitOledClampYco              
000022e9  minit                          
00002369  malloc                         
000023d3  free                           
00002493  realloc                        
0000259d  memalign                       
00002689  calloc                         
000026b9  OrbitOledInit                  
000026cd  OrbitOledHostInit              
00002797  OrbitOledDvrInit               
00002811  OrbitOledDevInit               
00002895  OrbitOledClear                 
000028a1  OrbitOledClearBuffer           
000028d1  OrbitOledUpdate                
0000292b  OrbitOledPutBuffer             
00002991  Ssi3PutByte                    
00002a35  initButtons                    
00002b03  updateButtons                  
00002bd7  checkButton                    
00002c55  OrbitOledSetCursor             
00002ca1  OrbitOledGetCursor             
00002cbd  OrbitOledDefUserChar           
00002d0d  OrbitOledSetCharUpdate         
00002d25  OrbitOledGetCharUpdate         
00002d2b  OrbitOledPutChar               
00002d49  OrbitOledPutString             
00002d75  OrbitOledDrawGlyph             
00002ded  OrbitOledAdvanceCursor         
00002e59  __aeabi_dsub                   
00002e63  __aeabi_dadd                   
0000300f  __aeabi_ddiv                   
00003145  GPIOPadConfigSet               
00003277  __aeabi_idiv0                  
00003279  initMainPWM                    
000032bd  initTailPWM                    
000032fd  setPWMMain                     
00003333  setPWMTail                     
00003365  enablePWMOutput                
000033a5  SysCtlClockGet                 
000034b5  __aeabi_dmul                   
000035b1  SysCtlClockSet                 
000036a5  initCircBuf                    
000036cf  writeCircBuf                   
00003703  readCircBuf                    
00003737  freeCircBuf                    
0000375d  __aeabi_memcpy                 
0000375d  __aeabi_memcpy4                
0000375d  __aeabi_memcpy8                
0000375d  memcpy                         
000037f9  ADCSequenceStepConfigure       
00003873  __aeabi_memclr                 
00003873  __aeabi_memclr4                
00003873  __aeabi_memclr8                
00003875  __aeabi_memset                 
00003875  __aeabi_memset4                
00003875  __aeabi_memset8                
0000387b  memset                         
000038ed  initialiseUSB_UART             
00003933  UARTSend                       
00003961  __TI_auto_init                 
000039d1  IntEnable                      
00003a39  __TI_decompress_lzss           
00003aa1  TimerConfigure                 
00003b01  DelayInit                      
00003b1b  DelayMs                        
00003b5d  GPIOIntTypeSet                 
00003bb5  _c_int00                       
00003c09  C$$EXIT                        
00003c0d  abort                          
00003c15  exit                           
00003c5d  ADCSequenceConfigure           
00003cad  SysCtlPeripheralReset          
00003d4d  GPIOPinConfigure               
00003d99  copy_in                        
00003de5  __aeabi_d2iz                   
00003e2d  UARTConfigSetExpClk            
00003e73  __mpu_init                     
00003e75  OLEDStringDraw                 
00003e9b  OLEDInitialise                 
00003efd  __aeabi_d2uiz                  
00003f41  __aeabi_uidiv                  
00003f41  __aeabi_uidivmod               
00003f81  SSIConfigSetExpClk             
00003fbd  IntRegister                    
00003ff1  SysCtlPeripheralEnable         
00004025  __aeabi_i2d                    
00004053  GPIODirModeSet                 
0000407f  PWMGenConfigure                
000040a1  UARTDisable                    
000040c1  __aeabi_ui2d                   
000040e1  ADCSequenceDataGet             
000040ff  PWMPulseWidthSet               
0000411d  SysTickIntRegister             
00004139  ADCIntRegister                 
00004151  ADCProcessorTrigger            
00004169  GPIOIntRegister                
00004181  GPIOPinTypeGPIOOutput          
00004199  _args_main                     
000041b1  GPIOPinTypeGPIOInput           
000041c7  GPIOPinTypePWM                 
000041dd  GPIOPinTypeSSI                 
000041f3  GPIOPinTypeUART                
00004209  SysCtlPWMClockSet              
0000421d  SysTickEnable                  
00004231  SysTickIntEnable               
00004245  UARTEnable                     
00004259  _register_unlock               
0000425f  _register_lock                 
00004267  _nop                           
0000426d  PWMOutputState                 
0000427f  ADCIntEnable                   
0000428f  IntMasterEnable                
0000429f  PWMGenPeriodSet                
000042af  _system_post_cinit             
000042b1  SysTickPeriodSet               
000042c1  ADCSequenceEnable              
000042cf  GPIOIntDisable                 
000042dd  TimerEnable                    
000042eb  __TI_decompress_none           
000042f9  CPUcpsie                       
00004305  GPIOIntEnable                  
00004311  PWMGenEnable                   
0000431d  SSIDataGet                     
00004329  __TI_zero_init                 
00004335  ResetISR                       
00004341  ADCIntClear                    
0000434b  SSIDataPut                     
00004355  SSIEnable                      
0000435f  TimerValueGet                  
00004369  UARTCharPut                    
00004373  UARTFIFOEnable                 
0000437d  SSIBusy                        
00004385  GPIOIntClear                   
0000438b  GPIOPinRead                    
00004391  GPIOPinWrite                   
00004397  SSIClockSourceSet              
0000439d  SysCtlDelay                    
000043a3  _system_pre_init               
000043a8  rgbOledFont0                   
0000493c  rgbFillPat                     
00004a18  __TI_Handler_Table_Base        
00004a24  __TI_Handler_Table_Limit       
00004a38  __TI_CINIT_Base                
00004a50  __TI_CINIT_Limit               
20000000  g_pfnRAMVectors                
20000270  rgbOledBmp                     
20000470  rgbOledFontUser                
200005c8  bnOledCur                      
200005cc  dxcoOledFontCur                
200005d0  dycoOledFontCur                
200005d4  fOledCharUpdate                
200005d8  modOledCur                     
200005dc  pbOledCur                      
200005e0  pbOledFontCur                  
200005e4  pbOledFontUser                 
200005e8  pbOledPatCur                   
200005ec  pfnDoRop                       
200005f0  xchOledCur                     
200005f4  xchOledMax                     
200005f8  xcoOledCur                     
200005fc  ychOledCur                     
20000600  ychOledMax                     
20000604  ycoOledCur                     
20000608  clrOledCur                     
2000060c  __stack                        
2000080c  __STACK_END                    
2000080c  __STACK_TOP                    
20000810  _sys_memory                    
20000a28  __TI_cleanup_ptr               
20000a2c  __TI_dtors_ptr                 
20000a30  __TI_enable_exit_profile_output
20000a40  _lock                          
20000a44  _unlock                        
20000a48  main_func_sp                   
ffffffff  __TI_pprof_out_hndl            
ffffffff  __TI_prof_data_size            
ffffffff  __TI_prof_data_start           
ffffffff  __binit__                      
ffffffff  __c_args__                     
ffffffff  binit                          
UNDEFED   SHT$$INIT_ARRAY$$Base          
UNDEFED   SHT$$INIT_ARRAY$$Limit         

[248 symbols]
