<?xml version="1.0"?>
<link_info>
   <banner>TI ARM Linker PC v16.9.9.LTS</banner>
   <copyright>Copyright (c) 1996-2017 Texas Instruments Incorporated</copyright>
   <link_time>0x5ce3830d</link_time>
   <link_errors>0x0</link_errors>
   <output_file>Project_Milestone_1.out</output_file>
   <entry_point>
      <name>_c_int00</name>
      <address>0x3bb5</address>
   </entry_point>
   <input_file_list>
      <input_file id="fl-2">
         <path>.\</path>
         <kind>object</kind>
         <file>Milestone_1.obj</file>
         <name>Milestone_1.obj</name>
      </input_file>
      <input_file id="fl-3">
         <path>.\</path>
         <kind>object</kind>
         <file>buttons4.obj</file>
         <name>buttons4.obj</name>
      </input_file>
      <input_file id="fl-4">
         <path>.\</path>
         <kind>object</kind>
         <file>circBufT.obj</file>
         <name>circBufT.obj</name>
      </input_file>
      <input_file id="fl-5">
         <path>.\</path>
         <kind>object</kind>
         <file>motorControl.obj</file>
         <name>motorControl.obj</name>
      </input_file>
      <input_file id="fl-6">
         <path>.\</path>
         <kind>object</kind>
         <file>serialCom.obj</file>
         <name>serialCom.obj</name>
      </input_file>
      <input_file id="fl-7">
         <path>.\</path>
         <kind>object</kind>
         <file>tm4c123gh6pm_startup_ccs.obj</file>
         <name>tm4c123gh6pm_startup_ccs.obj</name>
      </input_file>
      <input_file id="fl-8">
         <path>.\</path>
         <kind>object</kind>
         <file>ustdlib.obj</file>
         <name>ustdlib.obj</name>
      </input_file>
      <input_file id="fl-9">
         <path>.\OrbitOLED\</path>
         <kind>object</kind>
         <file>OrbitOLEDInterface.obj</file>
         <name>OrbitOLEDInterface.obj</name>
      </input_file>
      <input_file id="fl-a">
         <path>.\OrbitOLED\lib_OrbitOled\</path>
         <kind>object</kind>
         <file>ChrFont0.obj</file>
         <name>ChrFont0.obj</name>
      </input_file>
      <input_file id="fl-b">
         <path>.\OrbitOLED\lib_OrbitOled\</path>
         <kind>object</kind>
         <file>FillPat.obj</file>
         <name>FillPat.obj</name>
      </input_file>
      <input_file id="fl-c">
         <path>.\OrbitOLED\lib_OrbitOled\</path>
         <kind>object</kind>
         <file>OrbitOled.obj</file>
         <name>OrbitOled.obj</name>
      </input_file>
      <input_file id="fl-d">
         <path>.\OrbitOLED\lib_OrbitOled\</path>
         <kind>object</kind>
         <file>OrbitOledChar.obj</file>
         <name>OrbitOledChar.obj</name>
      </input_file>
      <input_file id="fl-e">
         <path>.\OrbitOLED\lib_OrbitOled\</path>
         <kind>object</kind>
         <file>OrbitOledGrph.obj</file>
         <name>OrbitOledGrph.obj</name>
      </input_file>
      <input_file id="fl-f">
         <path>.\OrbitOLED\lib_OrbitOled\</path>
         <kind>object</kind>
         <file>delay.obj</file>
         <name>delay.obj</name>
      </input_file>
      <input_file id="fl-14">
         <kind>object</kind>
         <file>&lt;internal&gt;</file>
         <name>&lt;internal&gt;</name>
      </input_file>
      <input_file id="fl-ca">
         <path>C:\ti\ccsv7\tools\compiler\ti-cgt-arm_16.9.9.LTS\lib\</path>
         <kind>archive</kind>
         <file>rtsv7M4_T_le_v4SPD16_eabi.lib</file>
         <name>boot.obj</name>
      </input_file>
      <input_file id="fl-cb">
         <path>C:\ti\ccsv7\tools\compiler\ti-cgt-arm_16.9.9.LTS\lib\</path>
         <kind>archive</kind>
         <file>rtsv7M4_T_le_v4SPD16_eabi.lib</file>
         <name>copy_decompress_lzss.obj</name>
      </input_file>
      <input_file id="fl-cc">
         <path>C:\ti\ccsv7\tools\compiler\ti-cgt-arm_16.9.9.LTS\lib\</path>
         <kind>archive</kind>
         <file>rtsv7M4_T_le_v4SPD16_eabi.lib</file>
         <name>copy_decompress_none.obj</name>
      </input_file>
      <input_file id="fl-cd">
         <path>C:\ti\ccsv7\tools\compiler\ti-cgt-arm_16.9.9.LTS\lib\</path>
         <kind>archive</kind>
         <file>rtsv7M4_T_le_v4SPD16_eabi.lib</file>
         <name>copy_zero_init.obj</name>
      </input_file>
      <input_file id="fl-ce">
         <path>C:\ti\ccsv7\tools\compiler\ti-cgt-arm_16.9.9.LTS\lib\</path>
         <kind>archive</kind>
         <file>rtsv7M4_T_le_v4SPD16_eabi.lib</file>
         <name>exit.obj</name>
      </input_file>
      <input_file id="fl-cf">
         <path>C:\ti\ccsv7\tools\compiler\ti-cgt-arm_16.9.9.LTS\lib\</path>
         <kind>archive</kind>
         <file>rtsv7M4_T_le_v4SPD16_eabi.lib</file>
         <name>fd_add_t2.obj</name>
      </input_file>
      <input_file id="fl-d0">
         <path>C:\ti\ccsv7\tools\compiler\ti-cgt-arm_16.9.9.LTS\lib\</path>
         <kind>archive</kind>
         <file>rtsv7M4_T_le_v4SPD16_eabi.lib</file>
         <name>fd_div_t2.obj</name>
      </input_file>
      <input_file id="fl-d1">
         <path>C:\ti\ccsv7\tools\compiler\ti-cgt-arm_16.9.9.LTS\lib\</path>
         <kind>archive</kind>
         <file>rtsv7M4_T_le_v4SPD16_eabi.lib</file>
         <name>fd_mul_t2.obj</name>
      </input_file>
      <input_file id="fl-d2">
         <path>C:\ti\ccsv7\tools\compiler\ti-cgt-arm_16.9.9.LTS\lib\</path>
         <kind>archive</kind>
         <file>rtsv7M4_T_le_v4SPD16_eabi.lib</file>
         <name>fd_toi_t2.obj</name>
      </input_file>
      <input_file id="fl-d3">
         <path>C:\ti\ccsv7\tools\compiler\ti-cgt-arm_16.9.9.LTS\lib\</path>
         <kind>archive</kind>
         <file>rtsv7M4_T_le_v4SPD16_eabi.lib</file>
         <name>fd_tou_t2.obj</name>
      </input_file>
      <input_file id="fl-d4">
         <path>C:\ti\ccsv7\tools\compiler\ti-cgt-arm_16.9.9.LTS\lib\</path>
         <kind>archive</kind>
         <file>rtsv7M4_T_le_v4SPD16_eabi.lib</file>
         <name>i_tofd_t2.obj</name>
      </input_file>
      <input_file id="fl-d5">
         <path>C:\ti\ccsv7\tools\compiler\ti-cgt-arm_16.9.9.LTS\lib\</path>
         <kind>archive</kind>
         <file>rtsv7M4_T_le_v4SPD16_eabi.lib</file>
         <name>memcpy_t2.obj</name>
      </input_file>
      <input_file id="fl-d6">
         <path>C:\ti\ccsv7\tools\compiler\ti-cgt-arm_16.9.9.LTS\lib\</path>
         <kind>archive</kind>
         <file>rtsv7M4_T_le_v4SPD16_eabi.lib</file>
         <name>memory.obj</name>
      </input_file>
      <input_file id="fl-d7">
         <path>C:\ti\ccsv7\tools\compiler\ti-cgt-arm_16.9.9.LTS\lib\</path>
         <kind>archive</kind>
         <file>rtsv7M4_T_le_v4SPD16_eabi.lib</file>
         <name>memset_t2.obj</name>
      </input_file>
      <input_file id="fl-d8">
         <path>C:\ti\ccsv7\tools\compiler\ti-cgt-arm_16.9.9.LTS\lib\</path>
         <kind>archive</kind>
         <file>rtsv7M4_T_le_v4SPD16_eabi.lib</file>
         <name>mpu_init.obj</name>
      </input_file>
      <input_file id="fl-d9">
         <path>C:\ti\ccsv7\tools\compiler\ti-cgt-arm_16.9.9.LTS\lib\</path>
         <kind>archive</kind>
         <file>rtsv7M4_T_le_v4SPD16_eabi.lib</file>
         <name>pre_init.obj</name>
      </input_file>
      <input_file id="fl-da">
         <path>C:\ti\ccsv7\tools\compiler\ti-cgt-arm_16.9.9.LTS\lib\</path>
         <kind>archive</kind>
         <file>rtsv7M4_T_le_v4SPD16_eabi.lib</file>
         <name>stkdepth_vars.obj</name>
      </input_file>
      <input_file id="fl-db">
         <path>C:\ti\ccsv7\tools\compiler\ti-cgt-arm_16.9.9.LTS\lib\</path>
         <kind>archive</kind>
         <file>rtsv7M4_T_le_v4SPD16_eabi.lib</file>
         <name>u_divt2.obj</name>
      </input_file>
      <input_file id="fl-dc">
         <path>C:\ti\ccsv7\tools\compiler\ti-cgt-arm_16.9.9.LTS\lib\</path>
         <kind>archive</kind>
         <file>rtsv7M4_T_le_v4SPD16_eabi.lib</file>
         <name>u_tofd_t2.obj</name>
      </input_file>
      <input_file id="fl-dd">
         <path>C:\ti\ccsv7\tools\compiler\ti-cgt-arm_16.9.9.LTS\lib\</path>
         <kind>archive</kind>
         <file>rtsv7M4_T_le_v4SPD16_eabi.lib</file>
         <name>_lock.obj</name>
      </input_file>
      <input_file id="fl-de">
         <path>C:\ti\ccsv7\tools\compiler\ti-cgt-arm_16.9.9.LTS\lib\</path>
         <kind>archive</kind>
         <file>rtsv7M4_T_le_v4SPD16_eabi.lib</file>
         <name>args_main.obj</name>
      </input_file>
      <input_file id="fl-df">
         <path>C:\ti\ccsv7\tools\compiler\ti-cgt-arm_16.9.9.LTS\lib\</path>
         <kind>archive</kind>
         <file>rtsv7M4_T_le_v4SPD16_eabi.lib</file>
         <name>autoinit.obj</name>
      </input_file>
      <input_file id="fl-e0">
         <path>C:\ti\ccsv7\tools\compiler\ti-cgt-arm_16.9.9.LTS\lib\</path>
         <kind>archive</kind>
         <file>rtsv7M4_T_le_v4SPD16_eabi.lib</file>
         <name>cpy_tbl.obj</name>
      </input_file>
      <input_file id="fl-e1">
         <path>C:\ti\ccsv7\tools\compiler\ti-cgt-arm_16.9.9.LTS\lib\</path>
         <kind>archive</kind>
         <file>rtsv7M4_T_le_v4SPD16_eabi.lib</file>
         <name>i_div0.obj</name>
      </input_file>
      <input_file id="fl-e2">
         <path>C:\ti\ccsv7\tools\compiler\ti-cgt-arm_16.9.9.LTS\lib\</path>
         <kind>archive</kind>
         <file>rtsv7M4_T_le_v4SPD16_eabi.lib</file>
         <name>startup.obj</name>
      </input_file>
      <input_file id="fl-e3">
         <path>C:\ti\TivaWare_C_Series-2.1.4.178\driverlib\ccs\Debug\</path>
         <kind>archive</kind>
         <file>driverlib.lib</file>
         <name>adc.obj</name>
      </input_file>
      <input_file id="fl-e4">
         <path>C:\ti\TivaWare_C_Series-2.1.4.178\driverlib\ccs\Debug\</path>
         <kind>archive</kind>
         <file>driverlib.lib</file>
         <name>gpio.obj</name>
      </input_file>
      <input_file id="fl-e5">
         <path>C:\ti\TivaWare_C_Series-2.1.4.178\driverlib\ccs\Debug\</path>
         <kind>archive</kind>
         <file>driverlib.lib</file>
         <name>interrupt.obj</name>
      </input_file>
      <input_file id="fl-e6">
         <path>C:\ti\TivaWare_C_Series-2.1.4.178\driverlib\ccs\Debug\</path>
         <kind>archive</kind>
         <file>driverlib.lib</file>
         <name>pwm.obj</name>
      </input_file>
      <input_file id="fl-e7">
         <path>C:\ti\TivaWare_C_Series-2.1.4.178\driverlib\ccs\Debug\</path>
         <kind>archive</kind>
         <file>driverlib.lib</file>
         <name>ssi.obj</name>
      </input_file>
      <input_file id="fl-e8">
         <path>C:\ti\TivaWare_C_Series-2.1.4.178\driverlib\ccs\Debug\</path>
         <kind>archive</kind>
         <file>driverlib.lib</file>
         <name>sysctl.obj</name>
      </input_file>
      <input_file id="fl-e9">
         <path>C:\ti\TivaWare_C_Series-2.1.4.178\driverlib\ccs\Debug\</path>
         <kind>archive</kind>
         <file>driverlib.lib</file>
         <name>systick.obj</name>
      </input_file>
      <input_file id="fl-ea">
         <path>C:\ti\TivaWare_C_Series-2.1.4.178\driverlib\ccs\Debug\</path>
         <kind>archive</kind>
         <file>driverlib.lib</file>
         <name>timer.obj</name>
      </input_file>
      <input_file id="fl-eb">
         <path>C:\ti\TivaWare_C_Series-2.1.4.178\driverlib\ccs\Debug\</path>
         <kind>archive</kind>
         <file>driverlib.lib</file>
         <name>uart.obj</name>
      </input_file>
      <input_file id="fl-ec">
         <path>C:\ti\TivaWare_C_Series-2.1.4.178\driverlib\ccs\Debug\</path>
         <kind>archive</kind>
         <file>driverlib.lib</file>
         <name>cpu.obj</name>
      </input_file>
   </input_file_list>
   <object_component_list>
      <object_component id="oc-f">
         <name>.intvecs</name>
         <load_address>0x0</load_address>
         <run_address>0x0</run_address>
         <size>0x26c</size>
         <input_file_ref idref="fl-7"/>
      </object_component>
      <object_component id="oc-194">
         <name>.text</name>
         <load_address>0x26c</load_address>
         <run_address>0x26c</run_address>
         <size>0xc84</size>
         <input_file_ref idref="fl-8"/>
      </object_component>
      <object_component id="oc-ae">
         <name>.text</name>
         <load_address>0xef0</load_address>
         <run_address>0xef0</run_address>
         <size>0xaa8</size>
         <input_file_ref idref="fl-2"/>
      </object_component>
      <object_component id="oc-2fe">
         <name>.text</name>
         <load_address>0x1998</load_address>
         <run_address>0x1998</run_address>
         <size>0x950</size>
         <input_file_ref idref="fl-e"/>
      </object_component>
      <object_component id="oc-1f5">
         <name>.text</name>
         <load_address>0x22e8</load_address>
         <run_address>0x22e8</run_address>
         <size>0x3d0</size>
         <input_file_ref idref="fl-d6"/>
      </object_component>
      <object_component id="oc-22e">
         <name>.text</name>
         <load_address>0x26b8</load_address>
         <run_address>0x26b8</run_address>
         <size>0x37c</size>
         <input_file_ref idref="fl-c"/>
      </object_component>
      <object_component id="oc-1a0">
         <name>.text</name>
         <load_address>0x2a34</load_address>
         <run_address>0x2a34</run_address>
         <size>0x220</size>
         <input_file_ref idref="fl-3"/>
      </object_component>
      <object_component id="oc-228">
         <name>.text</name>
         <load_address>0x2c54</load_address>
         <run_address>0x2c54</run_address>
         <size>0x204</size>
         <input_file_ref idref="fl-d"/>
      </object_component>
      <object_component id="oc-1bf">
         <name>.text</name>
         <load_address>0x2e58</load_address>
         <run_address>0x2e58</run_address>
         <size>0x1b6</size>
         <input_file_ref idref="fl-cf"/>
      </object_component>
      <object_component id="oc-1ab">
         <name>.text</name>
         <load_address>0x300e</load_address>
         <run_address>0x300e</run_address>
         <size>0x136</size>
         <input_file_ref idref="fl-d0"/>
      </object_component>
      <object_component id="oc-16d">
         <name>.text:GPIOPadConfigSet</name>
         <load_address>0x3144</load_address>
         <run_address>0x3144</run_address>
         <size>0x132</size>
         <input_file_ref idref="fl-e4"/>
      </object_component>
      <object_component id="oc-36f">
         <name>.text</name>
         <load_address>0x3276</load_address>
         <run_address>0x3276</run_address>
         <size>0x2</size>
         <input_file_ref idref="fl-e1"/>
      </object_component>
      <object_component id="oc-185">
         <name>.text</name>
         <load_address>0x3278</load_address>
         <run_address>0x3278</run_address>
         <size>0x12c</size>
         <input_file_ref idref="fl-5"/>
      </object_component>
      <object_component id="oc-11f">
         <name>.text:SysCtlClockGet</name>
         <load_address>0x33a4</load_address>
         <run_address>0x33a4</run_address>
         <size>0x110</size>
         <input_file_ref idref="fl-e8"/>
      </object_component>
      <object_component id="oc-1ba">
         <name>.text</name>
         <load_address>0x34b4</load_address>
         <run_address>0x34b4</run_address>
         <size>0xfc</size>
         <input_file_ref idref="fl-d1"/>
      </object_component>
      <object_component id="oc-113">
         <name>.text:SysCtlClockSet</name>
         <load_address>0x35b0</load_address>
         <run_address>0x35b0</run_address>
         <size>0xf4</size>
         <input_file_ref idref="fl-e8"/>
      </object_component>
      <object_component id="oc-ef">
         <name>.text</name>
         <load_address>0x36a4</load_address>
         <run_address>0x36a4</run_address>
         <size>0xb8</size>
         <input_file_ref idref="fl-4"/>
      </object_component>
      <object_component id="oc-42">
         <name>.text</name>
         <load_address>0x375c</load_address>
         <run_address>0x375c</run_address>
         <size>0x9c</size>
         <input_file_ref idref="fl-d5"/>
      </object_component>
      <object_component id="oc-149">
         <name>.text:ADCSequenceStepConfigure</name>
         <load_address>0x37f8</load_address>
         <run_address>0x37f8</run_address>
         <size>0x7a</size>
         <input_file_ref idref="fl-e3"/>
      </object_component>
      <object_component id="oc-4e">
         <name>.text</name>
         <load_address>0x3872</load_address>
         <run_address>0x3872</run_address>
         <size>0x7a</size>
         <input_file_ref idref="fl-d7"/>
      </object_component>
      <object_component id="oc-19a">
         <name>.text</name>
         <load_address>0x38ec</load_address>
         <run_address>0x38ec</run_address>
         <size>0x74</size>
         <input_file_ref idref="fl-6"/>
      </object_component>
      <object_component id="oc-66">
         <name>.text</name>
         <load_address>0x3960</load_address>
         <run_address>0x3960</run_address>
         <size>0x70</size>
         <input_file_ref idref="fl-df"/>
      </object_component>
      <object_component id="oc-220">
         <name>.text:IntEnable</name>
         <load_address>0x39d0</load_address>
         <run_address>0x39d0</run_address>
         <size>0x68</size>
         <input_file_ref idref="fl-e5"/>
      </object_component>
      <object_component id="oc-12">
         <name>.text:decompress:lzss</name>
         <load_address>0x3a38</load_address>
         <run_address>0x3a38</run_address>
         <size>0x68</size>
         <input_file_ref idref="fl-cb"/>
      </object_component>
      <object_component id="oc-3ae">
         <name>.text:TimerConfigure</name>
         <load_address>0x3aa0</load_address>
         <run_address>0x3aa0</run_address>
         <size>0x60</size>
         <input_file_ref idref="fl-ea"/>
      </object_component>
      <object_component id="oc-313">
         <name>.text</name>
         <load_address>0x3b00</load_address>
         <run_address>0x3b00</run_address>
         <size>0x5c</size>
         <input_file_ref idref="fl-f"/>
      </object_component>
      <object_component id="oc-17f">
         <name>.text:GPIOIntTypeSet</name>
         <load_address>0x3b5c</load_address>
         <run_address>0x3b5c</run_address>
         <size>0x58</size>
         <input_file_ref idref="fl-e4"/>
      </object_component>
      <object_component id="oc-24">
         <name>.text</name>
         <load_address>0x3bb4</load_address>
         <run_address>0x3bb4</run_address>
         <size>0x54</size>
         <input_file_ref idref="fl-ca"/>
      </object_component>
      <object_component id="oc-72">
         <name>.text</name>
         <load_address>0x3c08</load_address>
         <run_address>0x3c08</run_address>
         <size>0x54</size>
         <input_file_ref idref="fl-ce"/>
      </object_component>
      <object_component id="oc-143">
         <name>.text:ADCSequenceConfigure</name>
         <load_address>0x3c5c</load_address>
         <run_address>0x3c5c</run_address>
         <size>0x50</size>
         <input_file_ref idref="fl-e3"/>
      </object_component>
      <object_component id="oc-10d">
         <name>.text:SysCtlPeripheralReset</name>
         <load_address>0x3cac</load_address>
         <run_address>0x3cac</run_address>
         <size>0x50</size>
         <input_file_ref idref="fl-e8"/>
      </object_component>
      <object_component id="oc-21a">
         <name>.text:_ADCIntNumberGet</name>
         <load_address>0x3cfc</load_address>
         <run_address>0x3cfc</run_address>
         <size>0x50</size>
         <input_file_ref idref="fl-e3"/>
      </object_component>
      <object_component id="oc-247">
         <name>.text:GPIOPinConfigure</name>
         <load_address>0x3d4c</load_address>
         <run_address>0x3d4c</run_address>
         <size>0x4c</size>
         <input_file_ref idref="fl-e4"/>
      </object_component>
      <object_component id="oc-a0">
         <name>.text</name>
         <load_address>0x3d98</load_address>
         <run_address>0x3d98</run_address>
         <size>0x4c</size>
         <input_file_ref idref="fl-e0"/>
      </object_component>
      <object_component id="oc-1c4">
         <name>.text</name>
         <load_address>0x3de4</load_address>
         <run_address>0x3de4</run_address>
         <size>0x48</size>
         <input_file_ref idref="fl-d2"/>
      </object_component>
      <object_component id="oc-2a0">
         <name>.text:UARTConfigSetExpClk</name>
         <load_address>0x3e2c</load_address>
         <run_address>0x3e2c</run_address>
         <size>0x46</size>
         <input_file_ref idref="fl-eb"/>
      </object_component>
      <object_component id="oc-5a">
         <name>.text</name>
         <load_address>0x3e72</load_address>
         <run_address>0x3e72</run_address>
         <size>0x2</size>
         <input_file_ref idref="fl-d8"/>
      </object_component>
      <object_component id="oc-161">
         <name>.text</name>
         <load_address>0x3e74</load_address>
         <run_address>0x3e74</run_address>
         <size>0x44</size>
         <input_file_ref idref="fl-9"/>
      </object_component>
      <object_component id="oc-23e">
         <name>.text:_GPIOIntNumberGet</name>
         <load_address>0x3eb8</load_address>
         <run_address>0x3eb8</run_address>
         <size>0x44</size>
         <input_file_ref idref="fl-e4"/>
      </object_component>
      <object_component id="oc-1b0">
         <name>.text</name>
         <load_address>0x3efc</load_address>
         <run_address>0x3efc</run_address>
         <size>0x44</size>
         <input_file_ref idref="fl-d3"/>
      </object_component>
      <object_component id="oc-27d">
         <name>.text</name>
         <load_address>0x3f40</load_address>
         <run_address>0x3f40</run_address>
         <size>0x40</size>
         <input_file_ref idref="fl-db"/>
      </object_component>
      <object_component id="oc-325">
         <name>.text:SSIConfigSetExpClk</name>
         <load_address>0x3f80</load_address>
         <run_address>0x3f80</run_address>
         <size>0x3c</size>
         <input_file_ref idref="fl-e7"/>
      </object_component>
      <object_component id="oc-20d">
         <name>.text:IntRegister</name>
         <load_address>0x3fbc</load_address>
         <run_address>0x3fbc</run_address>
         <size>0x34</size>
         <input_file_ref idref="fl-e5"/>
      </object_component>
      <object_component id="oc-13d">
         <name>.text:SysCtlPeripheralEnable</name>
         <load_address>0x3ff0</load_address>
         <run_address>0x3ff0</run_address>
         <size>0x34</size>
         <input_file_ref idref="fl-e8"/>
      </object_component>
      <object_component id="oc-1a6">
         <name>.text</name>
         <load_address>0x4024</load_address>
         <run_address>0x4024</run_address>
         <size>0x2e</size>
         <input_file_ref idref="fl-d4"/>
      </object_component>
      <object_component id="oc-236">
         <name>.text:GPIODirModeSet</name>
         <load_address>0x4052</load_address>
         <run_address>0x4052</run_address>
         <size>0x2c</size>
         <input_file_ref idref="fl-e4"/>
      </object_component>
      <object_component id="oc-253">
         <name>.text:PWMGenConfigure</name>
         <load_address>0x407e</load_address>
         <run_address>0x407e</run_address>
         <size>0x22</size>
         <input_file_ref idref="fl-e6"/>
      </object_component>
      <object_component id="oc-382">
         <name>.text:UARTDisable</name>
         <load_address>0x40a0</load_address>
         <run_address>0x40a0</run_address>
         <size>0x20</size>
         <input_file_ref idref="fl-eb"/>
      </object_component>
      <object_component id="oc-1b5">
         <name>.text</name>
         <load_address>0x40c0</load_address>
         <run_address>0x40c0</run_address>
         <size>0x20</size>
         <input_file_ref idref="fl-dc"/>
      </object_component>
      <object_component id="oc-e9">
         <name>.text:ADCSequenceDataGet</name>
         <load_address>0x40e0</load_address>
         <run_address>0x40e0</run_address>
         <size>0x1e</size>
         <input_file_ref idref="fl-e3"/>
      </object_component>
      <object_component id="oc-26b">
         <name>.text:PWMPulseWidthSet</name>
         <load_address>0x40fe</load_address>
         <run_address>0x40fe</run_address>
         <size>0x1e</size>
         <input_file_ref idref="fl-e6"/>
      </object_component>
      <object_component id="oc-12b">
         <name>.text:SysTickIntRegister</name>
         <load_address>0x411c</load_address>
         <run_address>0x411c</run_address>
         <size>0x1c</size>
         <input_file_ref idref="fl-e9"/>
      </object_component>
      <object_component id="oc-155">
         <name>.text:ADCIntRegister</name>
         <load_address>0x4138</load_address>
         <run_address>0x4138</run_address>
         <size>0x18</size>
         <input_file_ref idref="fl-e3"/>
      </object_component>
      <object_component id="oc-e3">
         <name>.text:ADCProcessorTrigger</name>
         <load_address>0x4150</load_address>
         <run_address>0x4150</run_address>
         <size>0x18</size>
         <input_file_ref idref="fl-e3"/>
      </object_component>
      <object_component id="oc-173">
         <name>.text:GPIOIntRegister</name>
         <load_address>0x4168</load_address>
         <run_address>0x4168</run_address>
         <size>0x18</size>
         <input_file_ref idref="fl-e4"/>
      </object_component>
      <object_component id="oc-337">
         <name>.text:GPIOPinTypeGPIOOutput</name>
         <load_address>0x4180</load_address>
         <run_address>0x4180</run_address>
         <size>0x18</size>
         <input_file_ref idref="fl-e4"/>
      </object_component>
      <object_component id="oc-6c">
         <name>.text</name>
         <load_address>0x4198</load_address>
         <run_address>0x4198</run_address>
         <size>0x18</size>
         <input_file_ref idref="fl-de"/>
      </object_component>
      <object_component id="oc-167">
         <name>.text:GPIOPinTypeGPIOInput</name>
         <load_address>0x41b0</load_address>
         <run_address>0x41b0</run_address>
         <size>0x16</size>
         <input_file_ref idref="fl-e4"/>
      </object_component>
      <object_component id="oc-24d">
         <name>.text:GPIOPinTypePWM</name>
         <load_address>0x41c6</load_address>
         <run_address>0x41c6</run_address>
         <size>0x16</size>
         <input_file_ref idref="fl-e4"/>
      </object_component>
      <object_component id="oc-319">
         <name>.text:GPIOPinTypeSSI</name>
         <load_address>0x41dc</load_address>
         <run_address>0x41dc</run_address>
         <size>0x16</size>
         <input_file_ref idref="fl-e4"/>
      </object_component>
      <object_component id="oc-29a">
         <name>.text:GPIOPinTypeUART</name>
         <load_address>0x41f2</load_address>
         <run_address>0x41f2</run_address>
         <size>0x16</size>
         <input_file_ref idref="fl-e4"/>
      </object_component>
      <object_component id="oc-119">
         <name>.text:SysCtlPWMClockSet</name>
         <load_address>0x4208</load_address>
         <run_address>0x4208</run_address>
         <size>0x14</size>
         <input_file_ref idref="fl-e8"/>
      </object_component>
      <object_component id="oc-137">
         <name>.text:SysTickEnable</name>
         <load_address>0x421c</load_address>
         <run_address>0x421c</run_address>
         <size>0x14</size>
         <input_file_ref idref="fl-e9"/>
      </object_component>
      <object_component id="oc-131">
         <name>.text:SysTickIntEnable</name>
         <load_address>0x4230</load_address>
         <run_address>0x4230</run_address>
         <size>0x14</size>
         <input_file_ref idref="fl-e9"/>
      </object_component>
      <object_component id="oc-2ac">
         <name>.text:UARTEnable</name>
         <load_address>0x4244</load_address>
         <run_address>0x4244</run_address>
         <size>0x14</size>
         <input_file_ref idref="fl-eb"/>
      </object_component>
      <object_component id="oc-1da">
         <name>.text</name>
         <load_address>0x4258</load_address>
         <run_address>0x4258</run_address>
         <size>0x14</size>
         <input_file_ref idref="fl-dd"/>
      </object_component>
      <object_component id="oc-25f">
         <name>.text:PWMOutputState</name>
         <load_address>0x426c</load_address>
         <run_address>0x426c</run_address>
         <size>0x12</size>
         <input_file_ref idref="fl-e6"/>
      </object_component>
      <object_component id="oc-15b">
         <name>.text:ADCIntEnable</name>
         <load_address>0x427e</load_address>
         <run_address>0x427e</run_address>
         <size>0x10</size>
         <input_file_ref idref="fl-e3"/>
      </object_component>
      <object_component id="oc-1c9">
         <name>.text:IntMasterEnable</name>
         <load_address>0x428e</load_address>
         <run_address>0x428e</run_address>
         <size>0x10</size>
         <input_file_ref idref="fl-e5"/>
      </object_component>
      <object_component id="oc-265">
         <name>.text:PWMGenPeriodSet</name>
         <load_address>0x429e</load_address>
         <run_address>0x429e</run_address>
         <size>0x10</size>
         <input_file_ref idref="fl-e6"/>
      </object_component>
      <object_component id="oc-a6">
         <name>.text</name>
         <load_address>0x42ae</load_address>
         <run_address>0x42ae</run_address>
         <size>0x2</size>
         <input_file_ref idref="fl-e2"/>
      </object_component>
      <object_component id="oc-125">
         <name>.text:SysTickPeriodSet</name>
         <load_address>0x42b0</load_address>
         <run_address>0x42b0</run_address>
         <size>0x10</size>
         <input_file_ref idref="fl-e9"/>
      </object_component>
      <object_component id="oc-14f">
         <name>.text:ADCSequenceEnable</name>
         <load_address>0x42c0</load_address>
         <run_address>0x42c0</run_address>
         <size>0xe</size>
         <input_file_ref idref="fl-e3"/>
      </object_component>
      <object_component id="oc-107">
         <name>.text:GPIOIntDisable</name>
         <load_address>0x42ce</load_address>
         <run_address>0x42ce</run_address>
         <size>0xe</size>
         <input_file_ref idref="fl-e4"/>
      </object_component>
      <object_component id="oc-3b4">
         <name>.text:TimerEnable</name>
         <load_address>0x42dc</load_address>
         <run_address>0x42dc</run_address>
         <size>0xe</size>
         <input_file_ref idref="fl-ea"/>
      </object_component>
      <object_component id="oc-18">
         <name>.text:decompress:none</name>
         <load_address>0x42ea</load_address>
         <run_address>0x42ea</run_address>
         <size>0xe</size>
         <input_file_ref idref="fl-cc"/>
      </object_component>
      <object_component id="oc-2cf">
         <name>.text:CPUcpsie</name>
         <load_address>0x42f8</load_address>
         <run_address>0x42f8</run_address>
         <size>0xc</size>
         <input_file_ref idref="fl-ec"/>
      </object_component>
      <object_component id="oc-179">
         <name>.text:GPIOIntEnable</name>
         <load_address>0x4304</load_address>
         <run_address>0x4304</run_address>
         <size>0xc</size>
         <input_file_ref idref="fl-e4"/>
      </object_component>
      <object_component id="oc-259">
         <name>.text:PWMGenEnable</name>
         <load_address>0x4310</load_address>
         <run_address>0x4310</run_address>
         <size>0xc</size>
         <input_file_ref idref="fl-e6"/>
      </object_component>
      <object_component id="oc-349">
         <name>.text:SSIDataGet</name>
         <load_address>0x431c</load_address>
         <run_address>0x431c</run_address>
         <size>0xc</size>
         <input_file_ref idref="fl-e7"/>
      </object_component>
      <object_component id="oc-1e">
         <name>.text:decompress:ZI</name>
         <load_address>0x4328</load_address>
         <run_address>0x4328</run_address>
         <size>0xc</size>
         <input_file_ref idref="fl-cd"/>
      </object_component>
      <object_component id="oc-2e">
         <name>.text</name>
         <load_address>0x4334</load_address>
         <run_address>0x4334</run_address>
         <size>0xc</size>
         <input_file_ref idref="fl-7"/>
      </object_component>
      <object_component id="oc-f5">
         <name>.text:ADCIntClear</name>
         <load_address>0x4340</load_address>
         <run_address>0x4340</run_address>
         <size>0xa</size>
         <input_file_ref idref="fl-e3"/>
      </object_component>
      <object_component id="oc-343">
         <name>.text:SSIDataPut</name>
         <load_address>0x434a</load_address>
         <run_address>0x434a</run_address>
         <size>0xa</size>
         <input_file_ref idref="fl-e7"/>
      </object_component>
      <object_component id="oc-32b">
         <name>.text:SSIEnable</name>
         <load_address>0x4354</load_address>
         <run_address>0x4354</run_address>
         <size>0xa</size>
         <input_file_ref idref="fl-e7"/>
      </object_component>
      <object_component id="oc-3ba">
         <name>.text:TimerValueGet</name>
         <load_address>0x435e</load_address>
         <run_address>0x435e</run_address>
         <size>0xa</size>
         <input_file_ref idref="fl-ea"/>
      </object_component>
      <object_component id="oc-2b2">
         <name>.text:UARTCharPut</name>
         <load_address>0x4368</load_address>
         <run_address>0x4368</run_address>
         <size>0xa</size>
         <input_file_ref idref="fl-eb"/>
      </object_component>
      <object_component id="oc-2a6">
         <name>.text:UARTFIFOEnable</name>
         <load_address>0x4372</load_address>
         <run_address>0x4372</run_address>
         <size>0xa</size>
         <input_file_ref idref="fl-eb"/>
      </object_component>
      <object_component id="oc-33d">
         <name>.text:SSIBusy</name>
         <load_address>0x437c</load_address>
         <run_address>0x437c</run_address>
         <size>0x8</size>
         <input_file_ref idref="fl-e7"/>
      </object_component>
      <object_component id="oc-101">
         <name>.text:GPIOIntClear</name>
         <load_address>0x4384</load_address>
         <run_address>0x4384</run_address>
         <size>0x6</size>
         <input_file_ref idref="fl-e4"/>
      </object_component>
      <object_component id="oc-fb">
         <name>.text:GPIOPinRead</name>
         <load_address>0x438a</load_address>
         <run_address>0x438a</run_address>
         <size>0x6</size>
         <input_file_ref idref="fl-e4"/>
      </object_component>
      <object_component id="oc-331">
         <name>.text:GPIOPinWrite</name>
         <load_address>0x4390</load_address>
         <run_address>0x4390</run_address>
         <size>0x6</size>
         <input_file_ref idref="fl-e4"/>
      </object_component>
      <object_component id="oc-31f">
         <name>.text:SSIClockSourceSet</name>
         <load_address>0x4396</load_address>
         <run_address>0x4396</run_address>
         <size>0x6</size>
         <input_file_ref idref="fl-e7"/>
      </object_component>
      <object_component id="oc-204">
         <name>.text:SysCtlDelay</name>
         <load_address>0x439c</load_address>
         <run_address>0x439c</run_address>
         <size>0x6</size>
         <input_file_ref idref="fl-e8"/>
      </object_component>
      <object_component id="oc-60">
         <name>.text</name>
         <load_address>0x43a2</load_address>
         <run_address>0x43a2</run_address>
         <size>0x4</size>
         <input_file_ref idref="fl-d9"/>
      </object_component>
      <object_component id="oc-34f">
         <name>.const:.string:rgbOledFont0</name>
         <load_address>0x43a8</load_address>
         <run_address>0x43a8</run_address>
         <size>0x300</size>
         <input_file_ref idref="fl-a"/>
      </object_component>
      <object_component id="oc-360">
         <name>.const:g_ppui32GPIOIntMapSnowflake</name>
         <load_address>0x46a8</load_address>
         <run_address>0x46a8</run_address>
         <size>0xd8</size>
         <input_file_ref idref="fl-e4"/>
      </object_component>
      <object_component id="oc-35d">
         <name>.const:g_ppui32GPIOIntMapBlizzard</name>
         <load_address>0x4780</load_address>
         <run_address>0x4780</run_address>
         <size>0xc0</size>
         <input_file_ref idref="fl-e4"/>
      </object_component>
      <object_component id="oc-364">
         <name>.const:g_pui32GPIOBaseAddrs</name>
         <load_address>0x4840</load_address>
         <run_address>0x4840</run_address>
         <size>0x90</size>
         <input_file_ref idref="fl-e4"/>
      </object_component>
      <object_component id="oc-207">
         <name>.const:g_pui32Xtals</name>
         <load_address>0x48d0</load_address>
         <run_address>0x48d0</run_address>
         <size>0x6c</size>
         <input_file_ref idref="fl-e8"/>
      </object_component>
      <object_component id="oc-355">
         <name>.const:.string:rgbFillPat</name>
         <load_address>0x493c</load_address>
         <run_address>0x493c</run_address>
         <size>0x40</size>
         <input_file_ref idref="fl-b"/>
      </object_component>
      <object_component id="oc-285">
         <name>.const:g_psDaysToMonth</name>
         <load_address>0x497c</load_address>
         <run_address>0x497c</run_address>
         <size>0x30</size>
         <input_file_ref idref="fl-8"/>
      </object_component>
      <object_component id="oc-288">
         <name>.const:g_pfExponents</name>
         <load_address>0x49ac</load_address>
         <run_address>0x49ac</run_address>
         <size>0x18</size>
         <input_file_ref idref="fl-8"/>
      </object_component>
      <object_component id="oc-2fa">
         <name>.const:g_pui32EnRegs</name>
         <load_address>0x49c4</load_address>
         <run_address>0x49c4</run_address>
         <size>0x14</size>
         <input_file_ref idref="fl-e5"/>
      </object_component>
      <object_component id="oc-376">
         <name>.const:.string</name>
         <load_address>0x49d8</load_address>
         <run_address>0x49d8</run_address>
         <size>0x12</size>
         <input_file_ref idref="fl-8"/>
      </object_component>
      <object_component id="oc-282">
         <name>.const</name>
         <load_address>0x49ec</load_address>
         <run_address>0x49ec</run_address>
         <size>0x4</size>
         <input_file_ref idref="fl-8"/>
      </object_component>
      <object_component id="oc-40d">
         <name>.cinit..data.load</name>
         <load_address>0x49f0</load_address>
         <run_address>0x49f0</run_address>
         <size>0x25</size>
      </object_component>
      <object_component id="oc-40a">
         <name>__TI_handler_table</name>
         <load_address>0x4a18</load_address>
         <run_address>0x4a18</run_address>
         <size>0xc</size>
      </object_component>
      <object_component id="oc-40e">
         <name>.cinit..bss.load</name>
         <load_address>0x4a28</load_address>
         <run_address>0x4a28</run_address>
         <size>0x8</size>
      </object_component>
      <object_component id="oc-40c">
         <name>.cinit..vtable.load</name>
         <load_address>0x4a30</load_address>
         <run_address>0x4a30</run_address>
         <size>0x8</size>
      </object_component>
      <object_component id="oc-40b">
         <name>__TI_cinit_table</name>
         <load_address>0x4a38</load_address>
         <run_address>0x4a38</run_address>
         <size>0x18</size>
      </object_component>
      <object_component id="oc-2f4">
         <name>.vtable</name>
         <uninitialized>true</uninitialized>
         <run_address>0x20000000</run_address>
         <size>0x26c</size>
         <input_file_ref idref="fl-e5"/>
      </object_component>
      <object_component id="oc-18b">
         <name>.data</name>
         <load_address>0x20000a10</load_address>
         <run_address>0x20000a10</run_address>
         <size>0x17</size>
         <input_file_ref idref="fl-2"/>
      </object_component>
      <object_component id="oc-28b">
         <name>.data</name>
         <load_address>0x20000a4c</load_address>
         <run_address>0x20000a4c</run_address>
         <size>0x4</size>
         <input_file_ref idref="fl-8"/>
      </object_component>
      <object_component id="oc-b6">
         <name>.data:$O1$$</name>
         <load_address>0x20000a28</load_address>
         <run_address>0x20000a28</run_address>
         <size>0xc</size>
         <input_file_ref idref="fl-ce"/>
      </object_component>
      <object_component id="oc-2dd">
         <name>.data:$O1$$</name>
         <load_address>0x20000a34</load_address>
         <run_address>0x20000a34</run_address>
         <size>0xc</size>
         <input_file_ref idref="fl-d6"/>
      </object_component>
      <object_component id="oc-78">
         <name>.data</name>
         <load_address>0x20000a48</load_address>
         <run_address>0x20000a48</run_address>
         <size>0x4</size>
         <input_file_ref idref="fl-da"/>
      </object_component>
      <object_component id="oc-b9">
         <name>.data:$O1$$</name>
         <load_address>0x20000a40</load_address>
         <run_address>0x20000a40</run_address>
         <size>0x8</size>
         <input_file_ref idref="fl-dd"/>
      </object_component>
      <object_component id="oc-18e">
         <name>.bss:g_inBuffer</name>
         <uninitialized>true</uninitialized>
         <run_address>0x200005a8</run_address>
         <size>0x10</size>
         <input_file_ref idref="fl-2"/>
      </object_component>
      <object_component id="oc-191">
         <name>.bss</name>
         <uninitialized>true</uninitialized>
         <run_address>0x20000570</run_address>
         <size>0x38</size>
         <input_file_ref idref="fl-2"/>
      </object_component>
      <object_component id="oc-2bd">
         <name>.bss:but_state</name>
         <uninitialized>true</uninitialized>
         <run_address>0x200005c4</run_address>
         <size>0x4</size>
         <input_file_ref idref="fl-3"/>
      </object_component>
      <object_component id="oc-2c0">
         <name>.bss:but_count</name>
         <uninitialized>true</uninitialized>
         <run_address>0x200005b8</run_address>
         <size>0x4</size>
         <input_file_ref idref="fl-3"/>
      </object_component>
      <object_component id="oc-2c3">
         <name>.bss:but_flag</name>
         <uninitialized>true</uninitialized>
         <run_address>0x200005bc</run_address>
         <size>0x4</size>
         <input_file_ref idref="fl-3"/>
      </object_component>
      <object_component id="oc-2ba">
         <name>.bss:but_normal</name>
         <uninitialized>true</uninitialized>
         <run_address>0x200005c0</run_address>
         <size>0x4</size>
         <input_file_ref idref="fl-3"/>
      </object_component>
      <object_component id="oc-3a2">
         <name>.common:xcoOledCur</name>
         <uninitialized>true</uninitialized>
         <run_address>0x200005f8</run_address>
         <size>0x4</size>
      </object_component>
      <object_component id="oc-3a3">
         <name>.common:ycoOledCur</name>
         <uninitialized>true</uninitialized>
         <run_address>0x20000604</run_address>
         <size>0x4</size>
      </object_component>
      <object_component id="oc-311">
         <name>.common:pbOledCur</name>
         <uninitialized>true</uninitialized>
         <run_address>0x200005dc</run_address>
         <size>0x4</size>
      </object_component>
      <object_component id="oc-3a4">
         <name>.common:bnOledCur</name>
         <uninitialized>true</uninitialized>
         <run_address>0x200005c8</run_address>
         <size>0x4</size>
      </object_component>
      <object_component id="oc-353">
         <name>.common:clrOledCur</name>
         <uninitialized>true</uninitialized>
         <run_address>0x20000608</run_address>
         <size>0x1</size>
      </object_component>
      <object_component id="oc-354">
         <name>.common:pbOledPatCur</name>
         <uninitialized>true</uninitialized>
         <run_address>0x200005e8</run_address>
         <size>0x4</size>
      </object_component>
      <object_component id="oc-30f">
         <name>.common:fOledCharUpdate</name>
         <uninitialized>true</uninitialized>
         <run_address>0x200005d4</run_address>
         <size>0x4</size>
      </object_component>
      <object_component id="oc-30a">
         <name>.common:dxcoOledFontCur</name>
         <uninitialized>true</uninitialized>
         <run_address>0x200005cc</run_address>
         <size>0x4</size>
      </object_component>
      <object_component id="oc-30d">
         <name>.common:dycoOledFontCur</name>
         <uninitialized>true</uninitialized>
         <run_address>0x200005d0</run_address>
         <size>0x4</size>
      </object_component>
      <object_component id="oc-310">
         <name>.common:pbOledFontCur</name>
         <uninitialized>true</uninitialized>
         <run_address>0x200005e0</run_address>
         <size>0x4</size>
      </object_component>
      <object_component id="oc-30e">
         <name>.common:pbOledFontUser</name>
         <uninitialized>true</uninitialized>
         <run_address>0x200005e4</run_address>
         <size>0x4</size>
      </object_component>
      <object_component id="oc-358">
         <name>.common:rgbOledBmp</name>
         <uninitialized>true</uninitialized>
         <run_address>0x20000270</run_address>
         <size>0x200</size>
      </object_component>
      <object_component id="oc-308">
         <name>.common:xchOledCur</name>
         <uninitialized>true</uninitialized>
         <run_address>0x200005f0</run_address>
         <size>0x4</size>
      </object_component>
      <object_component id="oc-309">
         <name>.common:ychOledCur</name>
         <uninitialized>true</uninitialized>
         <run_address>0x200005fc</run_address>
         <size>0x4</size>
      </object_component>
      <object_component id="oc-304">
         <name>.common:xchOledMax</name>
         <uninitialized>true</uninitialized>
         <run_address>0x200005f4</run_address>
         <size>0x4</size>
      </object_component>
      <object_component id="oc-307">
         <name>.common:ychOledMax</name>
         <uninitialized>true</uninitialized>
         <run_address>0x20000600</run_address>
         <size>0x4</size>
      </object_component>
      <object_component id="oc-352">
         <name>.common:rgbOledFontUser</name>
         <uninitialized>true</uninitialized>
         <run_address>0x20000470</run_address>
         <size>0x100</size>
      </object_component>
      <object_component id="oc-3a8">
         <name>.common:pfnDoRop</name>
         <uninitialized>true</uninitialized>
         <run_address>0x200005ec</run_address>
         <size>0x4</size>
      </object_component>
      <object_component id="oc-3a5">
         <name>.common:modOledCur</name>
         <uninitialized>true</uninitialized>
         <run_address>0x200005d8</run_address>
         <size>0x4</size>
      </object_component>
      <object_component id="oc-2b">
         <name>.sysmem</name>
         <uninitialized>true</uninitialized>
         <run_address>0x20000810</run_address>
         <size>0x8</size>
         <input_file_ref idref="fl-d6"/>
      </object_component>
      <object_component id="oc-410">
         <name>.sysmem</name>
         <uninitialized>true</uninitialized>
         <run_address>0x20000810</run_address>
         <size>0x0</size>
      </object_component>
      <object_component id="oc-2a">
         <name>.stack</name>
         <uninitialized>true</uninitialized>
         <run_address>0x2000060c</run_address>
         <size>0x0</size>
         <input_file_ref idref="fl-ca"/>
      </object_component>
      <object_component id="oc-40f">
         <name>.stack</name>
         <uninitialized>true</uninitialized>
         <run_address>0x2000060c</run_address>
         <size>0x0</size>
      </object_component>
      <object_component id="oc-1d0">
         <name>.debug_info</name>
         <load_address>0x0</load_address>
         <run_address>0x0</run_address>
         <size>0xaf9</size>
         <input_file_ref idref="fl-2"/>
      </object_component>
      <object_component id="oc-18f">
         <name>.debug_info</name>
         <load_address>0xaf9</load_address>
         <run_address>0xaf9</run_address>
         <size>0xd8</size>
         <input_file_ref idref="fl-2"/>
      </object_component>
      <object_component id="oc-192">
         <name>.debug_info</name>
         <load_address>0xbd1</load_address>
         <run_address>0xbd1</run_address>
         <size>0x2ba</size>
         <input_file_ref idref="fl-2"/>
      </object_component>
      <object_component id="oc-18c">
         <name>.debug_info</name>
         <load_address>0xe8b</load_address>
         <run_address>0xe8b</run_address>
         <size>0x190</size>
         <input_file_ref idref="fl-2"/>
      </object_component>
      <object_component id="oc-af">
         <name>.debug_info</name>
         <load_address>0x101b</load_address>
         <run_address>0x101b</run_address>
         <size>0x14db</size>
         <input_file_ref idref="fl-2"/>
      </object_component>
      <object_component id="oc-276">
         <name>.debug_info</name>
         <load_address>0x24f6</load_address>
         <run_address>0x24f6</run_address>
         <size>0x86</size>
         <input_file_ref idref="fl-2"/>
      </object_component>
      <object_component id="oc-290">
         <name>.debug_info</name>
         <load_address>0x257c</load_address>
         <run_address>0x257c</run_address>
         <size>0x196</size>
         <input_file_ref idref="fl-2"/>
      </object_component>
      <object_component id="oc-cd">
         <name>.debug_info</name>
         <load_address>0x2712</load_address>
         <run_address>0x2712</run_address>
         <size>0x8b</size>
         <input_file_ref idref="fl-2"/>
      </object_component>
      <object_component id="oc-83">
         <name>.debug_info</name>
         <load_address>0x279d</load_address>
         <run_address>0x279d</run_address>
         <size>0x18b</size>
         <input_file_ref idref="fl-2"/>
      </object_component>
      <object_component id="oc-295">
         <name>.debug_info</name>
         <load_address>0x2928</load_address>
         <run_address>0x2928</run_address>
         <size>0x4e</size>
         <input_file_ref idref="fl-2"/>
      </object_component>
      <object_component id="oc-2c7">
         <name>.debug_info</name>
         <load_address>0x2976</load_address>
         <run_address>0x2976</run_address>
         <size>0x357</size>
         <input_file_ref idref="fl-3"/>
      </object_component>
      <object_component id="oc-2be">
         <name>.debug_info</name>
         <load_address>0x2ccd</load_address>
         <run_address>0x2ccd</run_address>
         <size>0xd3</size>
         <input_file_ref idref="fl-3"/>
      </object_component>
      <object_component id="oc-2c1">
         <name>.debug_info</name>
         <load_address>0x2da0</load_address>
         <run_address>0x2da0</run_address>
         <size>0xd3</size>
         <input_file_ref idref="fl-3"/>
      </object_component>
      <object_component id="oc-2c4">
         <name>.debug_info</name>
         <load_address>0x2e73</load_address>
         <run_address>0x2e73</run_address>
         <size>0xd1</size>
         <input_file_ref idref="fl-3"/>
      </object_component>
      <object_component id="oc-2bb">
         <name>.debug_info</name>
         <load_address>0x2f44</load_address>
         <run_address>0x2f44</run_address>
         <size>0xd5</size>
         <input_file_ref idref="fl-3"/>
      </object_component>
      <object_component id="oc-1a1">
         <name>.debug_info</name>
         <load_address>0x3019</load_address>
         <run_address>0x3019</run_address>
         <size>0x39b</size>
         <input_file_ref idref="fl-3"/>
      </object_component>
      <object_component id="oc-1fc">
         <name>.debug_info</name>
         <load_address>0x33b4</load_address>
         <run_address>0x33b4</run_address>
         <size>0x2cc</size>
         <input_file_ref idref="fl-4"/>
      </object_component>
      <object_component id="oc-f1">
         <name>.debug_info</name>
         <load_address>0x3680</load_address>
         <run_address>0x3680</run_address>
         <size>0x329</size>
         <input_file_ref idref="fl-4"/>
      </object_component>
      <object_component id="oc-2e3">
         <name>.debug_info</name>
         <load_address>0x39a9</load_address>
         <run_address>0x39a9</run_address>
         <size>0x110</size>
         <input_file_ref idref="fl-4"/>
      </object_component>
      <object_component id="oc-3d">
         <name>.debug_info</name>
         <load_address>0x3ab9</load_address>
         <run_address>0x3ab9</run_address>
         <size>0x84</size>
         <input_file_ref idref="fl-4"/>
      </object_component>
      <object_component id="oc-186">
         <name>.debug_info</name>
         <load_address>0x3b3d</load_address>
         <run_address>0x3b3d</run_address>
         <size>0x52c</size>
         <input_file_ref idref="fl-5"/>
      </object_component>
      <object_component id="oc-2b9">
         <name>.debug_info</name>
         <load_address>0x4069</load_address>
         <run_address>0x4069</run_address>
         <size>0x431</size>
         <input_file_ref idref="fl-6"/>
      </object_component>
      <object_component id="oc-19d">
         <name>.debug_info</name>
         <load_address>0x449a</load_address>
         <run_address>0x449a</run_address>
         <size>0x284</size>
         <input_file_ref idref="fl-6"/>
      </object_component>
      <object_component id="oc-36">
         <name>.debug_info</name>
         <load_address>0x471e</load_address>
         <run_address>0x471e</run_address>
         <size>0x299</size>
         <input_file_ref idref="fl-7"/>
      </object_component>
      <object_component id="oc-10">
         <name>.debug_info</name>
         <load_address>0x49b7</load_address>
         <run_address>0x49b7</run_address>
         <size>0xea</size>
         <input_file_ref idref="fl-7"/>
      </object_component>
      <object_component id="oc-2f">
         <name>.debug_info</name>
         <load_address>0x4aa1</load_address>
         <run_address>0x4aa1</run_address>
         <size>0x266</size>
         <input_file_ref idref="fl-7"/>
      </object_component>
      <object_component id="oc-28f">
         <name>.debug_info</name>
         <load_address>0x4d07</load_address>
         <run_address>0x4d07</run_address>
         <size>0x2da</size>
         <input_file_ref idref="fl-8"/>
      </object_component>
      <object_component id="oc-283">
         <name>.debug_info</name>
         <load_address>0x4fe1</load_address>
         <run_address>0x4fe1</run_address>
         <size>0xf3</size>
         <input_file_ref idref="fl-8"/>
      </object_component>
      <object_component id="oc-286">
         <name>.debug_info</name>
         <load_address>0x50d4</load_address>
         <run_address>0x50d4</run_address>
         <size>0x104</size>
         <input_file_ref idref="fl-8"/>
      </object_component>
      <object_component id="oc-289">
         <name>.debug_info</name>
         <load_address>0x51d8</load_address>
         <run_address>0x51d8</run_address>
         <size>0x100</size>
         <input_file_ref idref="fl-8"/>
      </object_component>
      <object_component id="oc-28c">
         <name>.debug_info</name>
         <load_address>0x52d8</load_address>
         <run_address>0x52d8</run_address>
         <size>0x100</size>
         <input_file_ref idref="fl-8"/>
      </object_component>
      <object_component id="oc-197">
         <name>.debug_info</name>
         <load_address>0x53d8</load_address>
         <run_address>0x53d8</run_address>
         <size>0x135c</size>
         <input_file_ref idref="fl-8"/>
      </object_component>
      <object_component id="oc-235">
         <name>.debug_info</name>
         <load_address>0x6734</load_address>
         <run_address>0x6734</run_address>
         <size>0x34c</size>
         <input_file_ref idref="fl-9"/>
      </object_component>
      <object_component id="oc-165">
         <name>.debug_info</name>
         <load_address>0x6a80</load_address>
         <run_address>0x6a80</run_address>
         <size>0x35d</size>
         <input_file_ref idref="fl-9"/>
      </object_component>
      <object_component id="oc-3cd">
         <name>.debug_info</name>
         <load_address>0x6ddd</load_address>
         <run_address>0x6ddd</run_address>
         <size>0xf3</size>
         <input_file_ref idref="fl-a"/>
      </object_component>
      <object_component id="oc-350">
         <name>.debug_info</name>
         <load_address>0x6ed0</load_address>
         <run_address>0x6ed0</run_address>
         <size>0x107</size>
         <input_file_ref idref="fl-a"/>
      </object_component>
      <object_component id="oc-3d0">
         <name>.debug_info</name>
         <load_address>0x6fd7</load_address>
         <run_address>0x6fd7</run_address>
         <size>0xf0</size>
         <input_file_ref idref="fl-b"/>
      </object_component>
      <object_component id="oc-356">
         <name>.debug_info</name>
         <load_address>0x70c7</load_address>
         <run_address>0x70c7</run_address>
         <size>0x102</size>
         <input_file_ref idref="fl-b"/>
      </object_component>
      <object_component id="oc-30b">
         <name>.debug_info</name>
         <load_address>0x71c9</load_address>
         <run_address>0x71c9</run_address>
         <size>0x84e</size>
         <input_file_ref idref="fl-c"/>
      </object_component>
      <object_component id="oc-22f">
         <name>.debug_info</name>
         <load_address>0x7a17</load_address>
         <run_address>0x7a17</run_address>
         <size>0xd68</size>
         <input_file_ref idref="fl-c"/>
      </object_component>
      <object_component id="oc-305">
         <name>.debug_info</name>
         <load_address>0x877f</load_address>
         <run_address>0x877f</run_address>
         <size>0x4cb</size>
         <input_file_ref idref="fl-d"/>
      </object_component>
      <object_component id="oc-22a">
         <name>.debug_info</name>
         <load_address>0x8c4a</load_address>
         <run_address>0x8c4a</run_address>
         <size>0xa3b</size>
         <input_file_ref idref="fl-d"/>
      </object_component>
      <object_component id="oc-3a6">
         <name>.debug_info</name>
         <load_address>0x9685</load_address>
         <run_address>0x9685</run_address>
         <size>0x4be</size>
         <input_file_ref idref="fl-e"/>
      </object_component>
      <object_component id="oc-300">
         <name>.debug_info</name>
         <load_address>0x9b43</load_address>
         <run_address>0x9b43</run_address>
         <size>0x1f9d</size>
         <input_file_ref idref="fl-e"/>
      </object_component>
      <object_component id="oc-316">
         <name>.debug_info</name>
         <load_address>0xbae0</load_address>
         <run_address>0xbae0</run_address>
         <size>0x2a8</size>
         <input_file_ref idref="fl-f"/>
      </object_component>
      <object_component id="oc-27">
         <name>.debug_info</name>
         <load_address>0xbd88</load_address>
         <run_address>0xbd88</run_address>
         <size>0x16b</size>
         <input_file_ref idref="fl-ca"/>
      </object_component>
      <object_component id="oc-8d">
         <name>.debug_info</name>
         <load_address>0xbef3</load_address>
         <run_address>0xbef3</run_address>
         <size>0x29e</size>
         <input_file_ref idref="fl-cb"/>
      </object_component>
      <object_component id="oc-15">
         <name>.debug_info</name>
         <load_address>0xc191</load_address>
         <run_address>0xc191</run_address>
         <size>0x250</size>
         <input_file_ref idref="fl-cb"/>
      </object_component>
      <object_component id="oc-38">
         <name>.debug_info</name>
         <load_address>0xc3e1</load_address>
         <run_address>0xc3e1</run_address>
         <size>0x60</size>
         <input_file_ref idref="fl-cb"/>
      </object_component>
      <object_component id="oc-88">
         <name>.debug_info</name>
         <load_address>0xc441</load_address>
         <run_address>0xc441</run_address>
         <size>0x46</size>
         <input_file_ref idref="fl-cb"/>
      </object_component>
      <object_component id="oc-4d">
         <name>.debug_info</name>
         <load_address>0xc487</load_address>
         <run_address>0xc487</run_address>
         <size>0x2e5</size>
         <input_file_ref idref="fl-cc"/>
      </object_component>
      <object_component id="oc-1a">
         <name>.debug_info</name>
         <load_address>0xc76c</load_address>
         <run_address>0xc76c</run_address>
         <size>0x1ea</size>
         <input_file_ref idref="fl-cc"/>
      </object_component>
      <object_component id="oc-48">
         <name>.debug_info</name>
         <load_address>0xc956</load_address>
         <run_address>0xc956</run_address>
         <size>0x46</size>
         <input_file_ref idref="fl-cc"/>
      </object_component>
      <object_component id="oc-8f">
         <name>.debug_info</name>
         <load_address>0xc99c</load_address>
         <run_address>0xc99c</run_address>
         <size>0x2c</size>
         <input_file_ref idref="fl-cc"/>
      </object_component>
      <object_component id="oc-59">
         <name>.debug_info</name>
         <load_address>0xc9c8</load_address>
         <run_address>0xc9c8</run_address>
         <size>0x2d4</size>
         <input_file_ref idref="fl-cd"/>
      </object_component>
      <object_component id="oc-21">
         <name>.debug_info</name>
         <load_address>0xcc9c</load_address>
         <run_address>0xcc9c</run_address>
         <size>0x1b5</size>
         <input_file_ref idref="fl-cd"/>
      </object_component>
      <object_component id="oc-54">
         <name>.debug_info</name>
         <load_address>0xce51</load_address>
         <run_address>0xce51</run_address>
         <size>0x46</size>
         <input_file_ref idref="fl-cd"/>
      </object_component>
      <object_component id="oc-97">
         <name>.debug_info</name>
         <load_address>0xce97</load_address>
         <run_address>0xce97</run_address>
         <size>0x2c</size>
         <input_file_ref idref="fl-cd"/>
      </object_component>
      <object_component id="oc-bd">
         <name>.debug_info</name>
         <load_address>0xcec3</load_address>
         <run_address>0xcec3</run_address>
         <size>0x3d9</size>
         <input_file_ref idref="fl-ce"/>
      </object_component>
      <object_component id="oc-b7">
         <name>.debug_info</name>
         <load_address>0xd29c</load_address>
         <run_address>0xd29c</run_address>
         <size>0x190</size>
         <input_file_ref idref="fl-ce"/>
      </object_component>
      <object_component id="oc-74">
         <name>.debug_info</name>
         <load_address>0xd42c</load_address>
         <run_address>0xd42c</run_address>
         <size>0x21f</size>
         <input_file_ref idref="fl-ce"/>
      </object_component>
      <object_component id="oc-1c1">
         <name>.debug_info</name>
         <load_address>0xd64b</load_address>
         <run_address>0xd64b</run_address>
         <size>0x14f</size>
         <input_file_ref idref="fl-cf"/>
      </object_component>
      <object_component id="oc-1ae">
         <name>.debug_info</name>
         <load_address>0xd79a</load_address>
         <run_address>0xd79a</run_address>
         <size>0x13d</size>
         <input_file_ref idref="fl-d0"/>
      </object_component>
      <object_component id="oc-1bd">
         <name>.debug_info</name>
         <load_address>0xd8d7</load_address>
         <run_address>0xd8d7</run_address>
         <size>0x13d</size>
         <input_file_ref idref="fl-d1"/>
      </object_component>
      <object_component id="oc-1c7">
         <name>.debug_info</name>
         <load_address>0xda14</load_address>
         <run_address>0xda14</run_address>
         <size>0x131</size>
         <input_file_ref idref="fl-d2"/>
      </object_component>
      <object_component id="oc-1b3">
         <name>.debug_info</name>
         <load_address>0xdb45</load_address>
         <run_address>0xdb45</run_address>
         <size>0x13c</size>
         <input_file_ref idref="fl-d3"/>
      </object_component>
      <object_component id="oc-1a7">
         <name>.debug_info</name>
         <load_address>0xdc81</load_address>
         <run_address>0xdc81</run_address>
         <size>0x12f</size>
         <input_file_ref idref="fl-d4"/>
      </object_component>
      <object_component id="oc-44">
         <name>.debug_info</name>
         <load_address>0xddb0</load_address>
         <run_address>0xddb0</run_address>
         <size>0x11c</size>
         <input_file_ref idref="fl-d5"/>
      </object_component>
      <object_component id="oc-7e">
         <name>.debug_info</name>
         <load_address>0xdecc</load_address>
         <run_address>0xdecc</run_address>
         <size>0x3c7</size>
         <input_file_ref idref="fl-d6"/>
      </object_component>
      <object_component id="oc-2c">
         <name>.debug_info</name>
         <load_address>0xe293</load_address>
         <run_address>0xe293</run_address>
         <size>0x10c</size>
         <input_file_ref idref="fl-d6"/>
      </object_component>
      <object_component id="oc-2de">
         <name>.debug_info</name>
         <load_address>0xe39f</load_address>
         <run_address>0xe39f</run_address>
         <size>0x157</size>
         <input_file_ref idref="fl-d6"/>
      </object_component>
      <object_component id="oc-1f9">
         <name>.debug_info</name>
         <load_address>0xe4f6</load_address>
         <run_address>0xe4f6</run_address>
         <size>0x890</size>
         <input_file_ref idref="fl-d6"/>
      </object_component>
      <object_component id="oc-c3">
         <name>.debug_info</name>
         <load_address>0xed86</load_address>
         <run_address>0xed86</run_address>
         <size>0x2c</size>
         <input_file_ref idref="fl-d6"/>
      </object_component>
      <object_component id="oc-c8">
         <name>.debug_info</name>
         <load_address>0xedb2</load_address>
         <run_address>0xedb2</run_address>
         <size>0x62</size>
         <input_file_ref idref="fl-d6"/>
      </object_component>
      <object_component id="oc-4f">
         <name>.debug_info</name>
         <load_address>0xee14</load_address>
         <run_address>0xee14</run_address>
         <size>0x14a</size>
         <input_file_ref idref="fl-d7"/>
      </object_component>
      <object_component id="oc-5d">
         <name>.debug_info</name>
         <load_address>0xef5e</load_address>
         <run_address>0xef5e</run_address>
         <size>0x143</size>
         <input_file_ref idref="fl-d8"/>
      </object_component>
      <object_component id="oc-61">
         <name>.debug_info</name>
         <load_address>0xf0a1</load_address>
         <run_address>0xf0a1</run_address>
         <size>0x153</size>
         <input_file_ref idref="fl-d9"/>
      </object_component>
      <object_component id="oc-79">
         <name>.debug_info</name>
         <load_address>0xf1f4</load_address>
         <run_address>0xf1f4</run_address>
         <size>0x114</size>
         <input_file_ref idref="fl-da"/>
      </object_component>
      <object_component id="oc-280">
         <name>.debug_info</name>
         <load_address>0xf308</load_address>
         <run_address>0xf308</run_address>
         <size>0x145</size>
         <input_file_ref idref="fl-db"/>
      </object_component>
      <object_component id="oc-1b8">
         <name>.debug_info</name>
         <load_address>0xf44d</load_address>
         <run_address>0xf44d</run_address>
         <size>0x131</size>
         <input_file_ref idref="fl-dc"/>
      </object_component>
      <object_component id="oc-1e2">
         <name>.debug_info</name>
         <load_address>0xf57e</load_address>
         <run_address>0xf57e</run_address>
         <size>0x2c9</size>
         <input_file_ref idref="fl-dd"/>
      </object_component>
      <object_component id="oc-ba">
         <name>.debug_info</name>
         <load_address>0xf847</load_address>
         <run_address>0xf847</run_address>
         <size>0x11e</size>
         <input_file_ref idref="fl-dd"/>
      </object_component>
      <object_component id="oc-1db">
         <name>.debug_info</name>
         <load_address>0xf965</load_address>
         <run_address>0xf965</run_address>
         <size>0x22a</size>
         <input_file_ref idref="fl-dd"/>
      </object_component>
      <object_component id="oc-b5">
         <name>.debug_info</name>
         <load_address>0xfb8f</load_address>
         <run_address>0xfb8f</run_address>
         <size>0x30b</size>
         <input_file_ref idref="fl-de"/>
      </object_component>
      <object_component id="oc-70">
         <name>.debug_info</name>
         <load_address>0xfe9a</load_address>
         <run_address>0xfe9a</run_address>
         <size>0x172</size>
         <input_file_ref idref="fl-de"/>
      </object_component>
      <object_component id="oc-1d3">
         <name>.debug_info</name>
         <load_address>0x1000c</load_address>
         <run_address>0x1000c</run_address>
         <size>0x5e</size>
         <input_file_ref idref="fl-de"/>
      </object_component>
      <object_component id="oc-ad">
         <name>.debug_info</name>
         <load_address>0x1006a</load_address>
         <run_address>0x1006a</run_address>
         <size>0x48e</size>
         <input_file_ref idref="fl-df"/>
      </object_component>
      <object_component id="oc-6a">
         <name>.debug_info</name>
         <load_address>0x104f8</load_address>
         <run_address>0x104f8</run_address>
         <size>0x19b</size>
         <input_file_ref idref="fl-df"/>
      </object_component>
      <object_component id="oc-d9">
         <name>.debug_info</name>
         <load_address>0x10693</load_address>
         <run_address>0x10693</run_address>
         <size>0x39</size>
         <input_file_ref idref="fl-df"/>
      </object_component>
      <object_component id="oc-1ed">
         <name>.debug_info</name>
         <load_address>0x106cc</load_address>
         <run_address>0x106cc</run_address>
         <size>0x39</size>
         <input_file_ref idref="fl-df"/>
      </object_component>
      <object_component id="oc-de">
         <name>.debug_info</name>
         <load_address>0x10705</load_address>
         <run_address>0x10705</run_address>
         <size>0xcd</size>
         <input_file_ref idref="fl-df"/>
      </object_component>
      <object_component id="oc-d5">
         <name>.debug_info</name>
         <load_address>0x107d2</load_address>
         <run_address>0x107d2</run_address>
         <size>0x385</size>
         <input_file_ref idref="fl-e0"/>
      </object_component>
      <object_component id="oc-a1">
         <name>.debug_info</name>
         <load_address>0x10b57</load_address>
         <run_address>0x10b57</run_address>
         <size>0x18e</size>
         <input_file_ref idref="fl-e0"/>
      </object_component>
      <object_component id="oc-1e8">
         <name>.debug_info</name>
         <load_address>0x10ce5</load_address>
         <run_address>0x10ce5</run_address>
         <size>0x2c</size>
         <input_file_ref idref="fl-e0"/>
      </object_component>
      <object_component id="oc-371">
         <name>.debug_info</name>
         <load_address>0x10d11</load_address>
         <run_address>0x10d11</run_address>
         <size>0x152</size>
         <input_file_ref idref="fl-e1"/>
      </object_component>
      <object_component id="oc-a7">
         <name>.debug_info</name>
         <load_address>0x10e63</load_address>
         <run_address>0x10e63</run_address>
         <size>0x150</size>
         <input_file_ref idref="fl-e2"/>
      </object_component>
      <object_component id="oc-1f3">
         <name>.debug_info</name>
         <load_address>0x10fb3</load_address>
         <run_address>0x10fb3</run_address>
         <size>0x356</size>
         <input_file_ref idref="fl-e3"/>
      </object_component>
      <object_component id="oc-14b">
         <name>.debug_info</name>
         <load_address>0x11309</load_address>
         <run_address>0x11309</run_address>
         <size>0x29c</size>
         <input_file_ref idref="fl-e3"/>
      </object_component>
      <object_component id="oc-151">
         <name>.debug_info</name>
         <load_address>0x115a5</load_address>
         <run_address>0x115a5</run_address>
         <size>0x209</size>
         <input_file_ref idref="fl-e3"/>
      </object_component>
      <object_component id="oc-eb">
         <name>.debug_info</name>
         <load_address>0x117ae</load_address>
         <run_address>0x117ae</run_address>
         <size>0x268</size>
         <input_file_ref idref="fl-e3"/>
      </object_component>
      <object_component id="oc-145">
         <name>.debug_info</name>
         <load_address>0x11a16</load_address>
         <run_address>0x11a16</run_address>
         <size>0x28f</size>
         <input_file_ref idref="fl-e3"/>
      </object_component>
      <object_component id="oc-e5">
         <name>.debug_info</name>
         <load_address>0x11ca5</load_address>
         <run_address>0x11ca5</run_address>
         <size>0x20d</size>
         <input_file_ref idref="fl-e3"/>
      </object_component>
      <object_component id="oc-21c">
         <name>.debug_info</name>
         <load_address>0x11eb2</load_address>
         <run_address>0x11eb2</run_address>
         <size>0x228</size>
         <input_file_ref idref="fl-e3"/>
      </object_component>
      <object_component id="oc-157">
         <name>.debug_info</name>
         <load_address>0x120da</load_address>
         <run_address>0x120da</run_address>
         <size>0x248</size>
         <input_file_ref idref="fl-e3"/>
      </object_component>
      <object_component id="oc-15d">
         <name>.debug_info</name>
         <load_address>0x12322</load_address>
         <run_address>0x12322</run_address>
         <size>0x1ff</size>
         <input_file_ref idref="fl-e3"/>
      </object_component>
      <object_component id="oc-f7">
         <name>.debug_info</name>
         <load_address>0x12521</load_address>
         <run_address>0x12521</run_address>
         <size>0x1fd</size>
         <input_file_ref idref="fl-e3"/>
      </object_component>
      <object_component id="oc-1ff">
         <name>.debug_info</name>
         <load_address>0x1271e</load_address>
         <run_address>0x1271e</run_address>
         <size>0x385</size>
         <input_file_ref idref="fl-e4"/>
      </object_component>
      <object_component id="oc-35e">
         <name>.debug_info</name>
         <load_address>0x12aa3</load_address>
         <run_address>0x12aa3</run_address>
         <size>0x11e</size>
         <input_file_ref idref="fl-e4"/>
      </object_component>
      <object_component id="oc-361">
         <name>.debug_info</name>
         <load_address>0x12bc1</load_address>
         <run_address>0x12bc1</run_address>
         <size>0x120</size>
         <input_file_ref idref="fl-e4"/>
      </object_component>
      <object_component id="oc-365">
         <name>.debug_info</name>
         <load_address>0x12ce1</load_address>
         <run_address>0x12ce1</run_address>
         <size>0x112</size>
         <input_file_ref idref="fl-e4"/>
      </object_component>
      <object_component id="oc-334">
         <name>.debug_info</name>
         <load_address>0x12df3</load_address>
         <run_address>0x12df3</run_address>
         <size>0x20c</size>
         <input_file_ref idref="fl-e4"/>
      </object_component>
      <object_component id="oc-239">
         <name>.debug_info</name>
         <load_address>0x12fff</load_address>
         <run_address>0x12fff</run_address>
         <size>0x21c</size>
         <input_file_ref idref="fl-e4"/>
      </object_component>
      <object_component id="oc-170">
         <name>.debug_info</name>
         <load_address>0x1321b</load_address>
         <run_address>0x1321b</run_address>
         <size>0x27f</size>
         <input_file_ref idref="fl-e4"/>
      </object_component>
      <object_component id="oc-29d">
         <name>.debug_info</name>
         <load_address>0x1349a</load_address>
         <run_address>0x1349a</run_address>
         <size>0x1fb</size>
         <input_file_ref idref="fl-e4"/>
      </object_component>
      <object_component id="oc-31c">
         <name>.debug_info</name>
         <load_address>0x13695</load_address>
         <run_address>0x13695</run_address>
         <size>0x1f9</size>
         <input_file_ref idref="fl-e4"/>
      </object_component>
      <object_component id="oc-250">
         <name>.debug_info</name>
         <load_address>0x1388e</load_address>
         <run_address>0x1388e</run_address>
         <size>0x1f9</size>
         <input_file_ref idref="fl-e4"/>
      </object_component>
      <object_component id="oc-339">
         <name>.debug_info</name>
         <load_address>0x13a87</load_address>
         <run_address>0x13a87</run_address>
         <size>0x220</size>
         <input_file_ref idref="fl-e4"/>
      </object_component>
      <object_component id="oc-169">
         <name>.debug_info</name>
         <load_address>0x13ca7</load_address>
         <run_address>0x13ca7</run_address>
         <size>0x205</size>
         <input_file_ref idref="fl-e4"/>
      </object_component>
      <object_component id="oc-fc">
         <name>.debug_info</name>
         <load_address>0x13eac</load_address>
         <run_address>0x13eac</run_address>
         <size>0x1e4</size>
         <input_file_ref idref="fl-e4"/>
      </object_component>
      <object_component id="oc-248">
         <name>.debug_info</name>
         <load_address>0x14090</load_address>
         <run_address>0x14090</run_address>
         <size>0x1e9</size>
         <input_file_ref idref="fl-e4"/>
      </object_component>
      <object_component id="oc-23f">
         <name>.debug_info</name>
         <load_address>0x14279</load_address>
         <run_address>0x14279</run_address>
         <size>0x201</size>
         <input_file_ref idref="fl-e4"/>
      </object_component>
      <object_component id="oc-180">
         <name>.debug_info</name>
         <load_address>0x1447a</load_address>
         <run_address>0x1447a</run_address>
         <size>0x224</size>
         <input_file_ref idref="fl-e4"/>
      </object_component>
      <object_component id="oc-174">
         <name>.debug_info</name>
         <load_address>0x1469e</load_address>
         <run_address>0x1469e</run_address>
         <size>0x238</size>
         <input_file_ref idref="fl-e4"/>
      </object_component>
      <object_component id="oc-17a">
         <name>.debug_info</name>
         <load_address>0x148d6</load_address>
         <run_address>0x148d6</run_address>
         <size>0x1f8</size>
         <input_file_ref idref="fl-e4"/>
      </object_component>
      <object_component id="oc-108">
         <name>.debug_info</name>
[...]
         <value>0x1bd5</value>
         <object_component_ref idref="oc-2fe"/>
      </symbol>
      <symbol id="sm-434">
         <name>OrbitOledClampYco</name>
         <value>0x22a9</value>
         <object_component_ref idref="oc-2fe"/>
      </symbol>
      <symbol id="sm-435">
         <name>OrbitOledGetPos</name>
         <value>0x19df</value>
         <object_component_ref idref="oc-2fe"/>
      </symbol>
      <symbol id="sm-436">
         <name>OrbitOledRopSet</name>
         <value>0x2149</value>
         <object_component_ref idref="oc-2fe"/>
      </symbol>
      <symbol id="sm-437">
         <name>OrbitOledRopXor</name>
         <value>0x21bb</value>
         <object_component_ref idref="oc-2fe"/>
      </symbol>
      <symbol id="sm-438">
         <name>OrbitOledGetBmp</name>
         <value>0x1d9d</value>
         <object_component_ref idref="oc-2fe"/>
      </symbol>
      <symbol id="sm-439">
         <name>OrbitOledMoveLeft</name>
         <value>0x2257</value>
         <object_component_ref idref="oc-2fe"/>
      </symbol>
      <symbol id="sm-43a">
         <name>OrbitOledRopAnd</name>
         <value>0x2197</value>
         <object_component_ref idref="oc-2fe"/>
      </symbol>
      <symbol id="sm-43b">
         <name>OrbitOledPutBmp</name>
         <value>0x1efd</value>
         <object_component_ref idref="oc-2fe"/>
      </symbol>
      <symbol id="sm-43c">
         <name>OrbitOledSetDrawMode</name>
         <value>0x1a35</value>
         <object_component_ref idref="oc-2fe"/>
      </symbol>
      <symbol id="sm-43d">
         <name>OrbitOledClampXco</name>
         <value>0x2289</value>
         <object_component_ref idref="oc-2fe"/>
      </symbol>
      <symbol id="sm-43e">
         <name>OrbitOledSetFillPattern</name>
         <value>0x1a25</value>
         <object_component_ref idref="oc-2fe"/>
      </symbol>
      <symbol id="sm-43f">
         <name>OrbitOledRopOr</name>
         <value>0x2173</value>
         <object_component_ref idref="oc-2fe"/>
      </symbol>
      <symbol id="sm-451">
         <name>DelayMs</name>
         <value>0x3b1b</value>
         <object_component_ref idref="oc-313"/>
      </symbol>
      <symbol id="sm-452">
         <name>DelayInit</name>
         <value>0x3b01</value>
         <object_component_ref idref="oc-313"/>
      </symbol>
      <symbol id="sm-463">
         <name>_c_int00</name>
         <value>0x3bb5</value>
         <object_component_ref idref="oc-24"/>
      </symbol>
      <symbol id="sm-464">
         <name>__stack</name>
         <value>0x2000060c</value>
         <object_component_ref idref="oc-2a"/>
      </symbol>
      <symbol id="sm-482">
         <name>__TI_decompress_lzss</name>
         <value>0x3a39</value>
         <object_component_ref idref="oc-12"/>
      </symbol>
      <symbol id="sm-499">
         <name>__TI_decompress_none</name>
         <value>0x42eb</value>
         <object_component_ref idref="oc-18"/>
      </symbol>
      <symbol id="sm-4b0">
         <name>__TI_zero_init</name>
         <value>0x4329</value>
         <object_component_ref idref="oc-1e"/>
      </symbol>
      <symbol id="sm-4d1">
         <name>C$$EXIT</name>
         <value>0x3c09</value>
         <object_component_ref idref="oc-72"/>
      </symbol>
      <symbol id="sm-4d2">
         <name>abort</name>
         <value>0x3c0d</value>
         <object_component_ref idref="oc-72"/>
      </symbol>
      <symbol id="sm-4d3">
         <name>exit</name>
         <value>0x3c15</value>
         <object_component_ref idref="oc-72"/>
      </symbol>
      <symbol id="sm-4d4">
         <name>__TI_dtors_ptr</name>
         <value>0x20000a2c</value>
         <object_component_ref idref="oc-b6"/>
      </symbol>
      <symbol id="sm-4d5">
         <name>__TI_cleanup_ptr</name>
         <value>0x20000a28</value>
         <object_component_ref idref="oc-b6"/>
      </symbol>
      <symbol id="sm-4d6">
         <name>__TI_enable_exit_profile_output</name>
         <value>0x20000a30</value>
         <object_component_ref idref="oc-b6"/>
      </symbol>
      <symbol id="sm-4ed">
         <name>__aeabi_dsub</name>
         <value>0x2e59</value>
         <object_component_ref idref="oc-1bf"/>
      </symbol>
      <symbol id="sm-4ee">
         <name>__aeabi_dadd</name>
         <value>0x2e63</value>
         <object_component_ref idref="oc-1bf"/>
      </symbol>
      <symbol id="sm-502">
         <name>__aeabi_ddiv</name>
         <value>0x300f</value>
         <object_component_ref idref="oc-1ab"/>
      </symbol>
      <symbol id="sm-50d">
         <name>__aeabi_dmul</name>
         <value>0x34b5</value>
         <object_component_ref idref="oc-1ba"/>
      </symbol>
      <symbol id="sm-517">
         <name>__aeabi_d2iz</name>
         <value>0x3de5</value>
         <object_component_ref idref="oc-1c4"/>
      </symbol>
      <symbol id="sm-521">
         <name>__aeabi_d2uiz</name>
         <value>0x3efd</value>
         <object_component_ref idref="oc-1b0"/>
      </symbol>
      <symbol id="sm-52b">
         <name>__aeabi_i2d</name>
         <value>0x4025</value>
         <object_component_ref idref="oc-1a6"/>
      </symbol>
      <symbol id="sm-546">
         <name>memcpy</name>
         <value>0x375d</value>
         <object_component_ref idref="oc-42"/>
      </symbol>
      <symbol id="sm-547">
         <name>__aeabi_memcpy</name>
         <value>0x375d</value>
         <object_component_ref idref="oc-42"/>
      </symbol>
      <symbol id="sm-548">
         <name>__aeabi_memcpy8</name>
         <value>0x375d</value>
         <object_component_ref idref="oc-42"/>
      </symbol>
      <symbol id="sm-549">
         <name>__aeabi_memcpy4</name>
         <value>0x375d</value>
         <object_component_ref idref="oc-42"/>
      </symbol>
      <symbol id="sm-5c0">
         <name>_sys_memory</name>
         <value>0x20000810</value>
         <object_component_ref idref="oc-2b"/>
      </symbol>
      <symbol id="sm-5c1">
         <name>free</name>
         <value>0x23d3</value>
         <object_component_ref idref="oc-1f5"/>
      </symbol>
      <symbol id="sm-5c2">
         <name>realloc</name>
         <value>0x2493</value>
         <object_component_ref idref="oc-1f5"/>
      </symbol>
      <symbol id="sm-5c3">
         <name>memalign</name>
         <value>0x259d</value>
         <object_component_ref idref="oc-1f5"/>
      </symbol>
      <symbol id="sm-5c4">
         <name>calloc</name>
         <value>0x2689</value>
         <object_component_ref idref="oc-1f5"/>
      </symbol>
      <symbol id="sm-5c5">
         <name>malloc</name>
         <value>0x2369</value>
         <object_component_ref idref="oc-1f5"/>
      </symbol>
      <symbol id="sm-5c6">
         <name>minit</name>
         <value>0x22e9</value>
         <object_component_ref idref="oc-1f5"/>
      </symbol>
      <symbol id="sm-5d5">
         <name>__aeabi_memset</name>
         <value>0x3875</value>
         <object_component_ref idref="oc-4e"/>
      </symbol>
      <symbol id="sm-5d6">
         <name>memset</name>
         <value>0x387b</value>
         <object_component_ref idref="oc-4e"/>
      </symbol>
      <symbol id="sm-5d7">
         <name>__aeabi_memset8</name>
         <value>0x3875</value>
         <object_component_ref idref="oc-4e"/>
      </symbol>
      <symbol id="sm-5d8">
         <name>__aeabi_memset4</name>
         <value>0x3875</value>
         <object_component_ref idref="oc-4e"/>
      </symbol>
      <symbol id="sm-5d9">
         <name>__aeabi_memclr8</name>
         <value>0x3873</value>
         <object_component_ref idref="oc-4e"/>
      </symbol>
      <symbol id="sm-5da">
         <name>__aeabi_memclr4</name>
         <value>0x3873</value>
         <object_component_ref idref="oc-4e"/>
      </symbol>
      <symbol id="sm-5db">
         <name>__aeabi_memclr</name>
         <value>0x3873</value>
         <object_component_ref idref="oc-4e"/>
      </symbol>
      <symbol id="sm-5e5">
         <name>__mpu_init</name>
         <value>0x3e73</value>
         <object_component_ref idref="oc-5a"/>
      </symbol>
      <symbol id="sm-5ef">
         <name>_system_pre_init</name>
         <value>0x43a3</value>
         <object_component_ref idref="oc-60"/>
      </symbol>
      <symbol id="sm-5f7">
         <name>main_func_sp</name>
         <value>0x20000a48</value>
         <object_component_ref idref="oc-78"/>
      </symbol>
      <symbol id="sm-606">
         <name>__aeabi_uidivmod</name>
         <value>0x3f41</value>
         <object_component_ref idref="oc-27d"/>
      </symbol>
      <symbol id="sm-607">
         <name>__aeabi_uidiv</name>
         <value>0x3f41</value>
         <object_component_ref idref="oc-27d"/>
      </symbol>
      <symbol id="sm-611">
         <name>__aeabi_ui2d</name>
         <value>0x40c1</value>
         <object_component_ref idref="oc-1b5"/>
      </symbol>
      <symbol id="sm-62a">
         <name>_nop</name>
         <value>0x4267</value>
         <object_component_ref idref="oc-1da"/>
      </symbol>
      <symbol id="sm-62b">
         <name>_lock</name>
         <value>0x20000a40</value>
         <object_component_ref idref="oc-b9"/>
      </symbol>
      <symbol id="sm-62c">
         <name>_unlock</name>
         <value>0x20000a44</value>
         <object_component_ref idref="oc-b9"/>
      </symbol>
      <symbol id="sm-62d">
         <name>_register_lock</name>
         <value>0x425f</value>
         <object_component_ref idref="oc-1da"/>
      </symbol>
      <symbol id="sm-62e">
         <name>_register_unlock</name>
         <value>0x4259</value>
         <object_component_ref idref="oc-1da"/>
      </symbol>
      <symbol id="sm-642">
         <name>_args_main</name>
         <value>0x4199</value>
         <object_component_ref idref="oc-6c"/>
      </symbol>
      <symbol id="sm-66c">
         <name>__TI_auto_init</name>
         <value>0x3961</value>
         <object_component_ref idref="oc-66"/>
      </symbol>
      <symbol id="sm-686">
         <name>copy_in</name>
         <value>0x3d99</value>
         <object_component_ref idref="oc-a0"/>
      </symbol>
      <symbol id="sm-690">
         <name>__aeabi_idiv0</name>
         <value>0x3277</value>
         <object_component_ref idref="oc-36f"/>
      </symbol>
      <symbol id="sm-69a">
         <name>_system_post_cinit</name>
         <value>0x42af</value>
         <object_component_ref idref="oc-a6"/>
      </symbol>
      <symbol id="sm-6f8">
         <name>ADCProcessorTrigger</name>
         <value>0x4151</value>
         <object_component_ref idref="oc-e3"/>
      </symbol>
      <symbol id="sm-6f9">
         <name>ADCSequenceEnable</name>
         <value>0x42c1</value>
         <object_component_ref idref="oc-14f"/>
      </symbol>
      <symbol id="sm-6fa">
         <name>ADCSequenceConfigure</name>
         <value>0x3c5d</value>
         <object_component_ref idref="oc-143"/>
      </symbol>
      <symbol id="sm-6fb">
         <name>ADCIntEnable</name>
         <value>0x427f</value>
         <object_component_ref idref="oc-15b"/>
      </symbol>
      <symbol id="sm-6fc">
         <name>ADCSequenceStepConfigure</name>
         <value>0x37f9</value>
         <object_component_ref idref="oc-149"/>
      </symbol>
      <symbol id="sm-6fd">
         <name>ADCIntClear</name>
         <value>0x4341</value>
         <object_component_ref idref="oc-f5"/>
      </symbol>
      <symbol id="sm-6fe">
         <name>ADCIntRegister</name>
         <value>0x4139</value>
         <object_component_ref idref="oc-155"/>
      </symbol>
      <symbol id="sm-6ff">
         <name>ADCSequenceDataGet</name>
         <value>0x40e1</value>
         <object_component_ref idref="oc-e9"/>
      </symbol>
      <symbol id="sm-7a9">
         <name>GPIOPinTypePWM</name>
         <value>0x41c7</value>
         <object_component_ref idref="oc-24d"/>
      </symbol>
      <symbol id="sm-7aa">
         <name>GPIOIntRegister</name>
         <value>0x4169</value>
         <object_component_ref idref="oc-173"/>
      </symbol>
      <symbol id="sm-7ab">
         <name>GPIOPinConfigure</name>
         <value>0x3d4d</value>
         <object_component_ref idref="oc-247"/>
      </symbol>
      <symbol id="sm-7ac">
         <name>GPIOIntDisable</name>
         <value>0x42cf</value>
         <object_component_ref idref="oc-107"/>
      </symbol>
      <symbol id="sm-7ad">
         <name>GPIOIntEnable</name>
         <value>0x4305</value>
         <object_component_ref idref="oc-179"/>
      </symbol>
      <symbol id="sm-7ae">
         <name>GPIOIntTypeSet</name>
         <value>0x3b5d</value>
         <object_component_ref idref="oc-17f"/>
      </symbol>
      <symbol id="sm-7af">
         <name>GPIOPinTypeGPIOInput</name>
         <value>0x41b1</value>
         <object_component_ref idref="oc-167"/>
      </symbol>
      <symbol id="sm-7b0">
         <name>GPIOIntClear</name>
         <value>0x4385</value>
         <object_component_ref idref="oc-101"/>
      </symbol>
      <symbol id="sm-7b1">
         <name>GPIOPinTypeUART</name>
         <value>0x41f3</value>
         <object_component_ref idref="oc-29a"/>
      </symbol>
      <symbol id="sm-7b2">
         <name>GPIOPinTypeGPIOOutput</name>
         <value>0x4181</value>
         <object_component_ref idref="oc-337"/>
      </symbol>
      <symbol id="sm-7b3">
         <name>GPIOPinRead</name>
         <value>0x438b</value>
         <object_component_ref idref="oc-fb"/>
      </symbol>
      <symbol id="sm-7b4">
         <name>GPIODirModeSet</name>
         <value>0x4053</value>
         <object_component_ref idref="oc-236"/>
      </symbol>
      <symbol id="sm-7b5">
         <name>GPIOPinWrite</name>
         <value>0x4391</value>
         <object_component_ref idref="oc-331"/>
      </symbol>
      <symbol id="sm-7b6">
         <name>GPIOPadConfigSet</name>
         <value>0x3145</value>
         <object_component_ref idref="oc-16d"/>
      </symbol>
      <symbol id="sm-7b7">
         <name>GPIOPinTypeSSI</name>
         <value>0x41dd</value>
         <object_component_ref idref="oc-319"/>
      </symbol>
      <symbol id="sm-7f1">
         <name>IntEnable</name>
         <value>0x39d1</value>
         <object_component_ref idref="oc-220"/>
      </symbol>
      <symbol id="sm-7f2">
         <name>IntRegister</name>
         <value>0x3fbd</value>
         <object_component_ref idref="oc-20d"/>
      </symbol>
      <symbol id="sm-7f3">
         <name>g_pfnRAMVectors</name>
         <value>0x20000000</value>
         <object_component_ref idref="oc-2f4"/>
      </symbol>
      <symbol id="sm-7f4">
         <name>IntMasterEnable</name>
         <value>0x428f</value>
         <object_component_ref idref="oc-1c9"/>
      </symbol>
      <symbol id="sm-821">
         <name>PWMGenPeriodSet</name>
         <value>0x429f</value>
         <object_component_ref idref="oc-265"/>
      </symbol>
      <symbol id="sm-822">
         <name>PWMPulseWidthSet</name>
         <value>0x40ff</value>
         <object_component_ref idref="oc-26b"/>
      </symbol>
      <symbol id="sm-823">
         <name>PWMOutputState</name>
         <value>0x426d</value>
         <object_component_ref idref="oc-25f"/>
      </symbol>
      <symbol id="sm-824">
         <name>PWMGenEnable</name>
         <value>0x4311</value>
         <object_component_ref idref="oc-259"/>
      </symbol>
      <symbol id="sm-825">
         <name>PWMGenConfigure</name>
         <value>0x407f</value>
         <object_component_ref idref="oc-253"/>
      </symbol>
      <symbol id="sm-85d">
         <name>SSIDataPut</name>
         <value>0x434b</value>
         <object_component_ref idref="oc-343"/>
      </symbol>
      <symbol id="sm-85e">
         <name>SSIDataGet</name>
         <value>0x431d</value>
         <object_component_ref idref="oc-349"/>
      </symbol>
      <symbol id="sm-85f">
         <name>SSIConfigSetExpClk</name>
         <value>0x3f81</value>
         <object_component_ref idref="oc-325"/>
      </symbol>
      <symbol id="sm-860">
         <name>SSIEnable</name>
         <value>0x4355</value>
         <object_component_ref idref="oc-32b"/>
      </symbol>
      <symbol id="sm-861">
         <name>SSIClockSourceSet</name>
         <value>0x4397</value>
         <object_component_ref idref="oc-31f"/>
      </symbol>
      <symbol id="sm-862">
         <name>SSIBusy</name>
         <value>0x437d</value>
         <object_component_ref idref="oc-33d"/>
      </symbol>
      <symbol id="sm-8c9">
         <name>SysCtlClockSet</name>
         <value>0x35b1</value>
         <object_component_ref idref="oc-113"/>
      </symbol>
      <symbol id="sm-8ca">
         <name>SysCtlDelay</name>
         <value>0x439d</value>
         <object_component_ref idref="oc-204"/>
      </symbol>
      <symbol id="sm-8cb">
         <name>SysCtlPeripheralEnable</name>
         <value>0x3ff1</value>
         <object_component_ref idref="oc-13d"/>
      </symbol>
      <symbol id="sm-8cc">
         <name>SysCtlClockGet</name>
         <value>0x33a5</value>
         <object_component_ref idref="oc-11f"/>
      </symbol>
      <symbol id="sm-8cd">
         <name>SysCtlPWMClockSet</name>
         <value>0x4209</value>
         <object_component_ref idref="oc-119"/>
      </symbol>
      <symbol id="sm-8ce">
         <name>SysCtlPeripheralReset</name>
         <value>0x3cad</value>
         <object_component_ref idref="oc-10d"/>
      </symbol>
      <symbol id="sm-8fb">
         <name>SysTickEnable</name>
         <value>0x421d</value>
         <object_component_ref idref="oc-137"/>
      </symbol>
      <symbol id="sm-8fc">
         <name>SysTickIntRegister</name>
         <value>0x411d</value>
         <object_component_ref idref="oc-12b"/>
      </symbol>
      <symbol id="sm-8fd">
         <name>SysTickIntEnable</name>
         <value>0x4231</value>
         <object_component_ref idref="oc-131"/>
      </symbol>
      <symbol id="sm-8fe">
         <name>SysTickPeriodSet</name>
         <value>0x42b1</value>
         <object_component_ref idref="oc-125"/>
      </symbol>
      <symbol id="sm-922">
         <name>TimerEnable</name>
         <value>0x42dd</value>
         <object_component_ref idref="oc-3b4"/>
      </symbol>
      <symbol id="sm-923">
         <name>TimerValueGet</name>
         <value>0x435f</value>
         <object_component_ref idref="oc-3ba"/>
      </symbol>
      <symbol id="sm-924">
         <name>TimerConfigure</name>
         <value>0x3aa1</value>
         <object_component_ref idref="oc-3ae"/>
      </symbol>
      <symbol id="sm-956">
         <name>UARTConfigSetExpClk</name>
         <value>0x3e2d</value>
         <object_component_ref idref="oc-2a0"/>
      </symbol>
      <symbol id="sm-957">
         <name>UARTDisable</name>
         <value>0x40a1</value>
         <object_component_ref idref="oc-382"/>
      </symbol>
      <symbol id="sm-958">
         <name>UARTCharPut</name>
         <value>0x4369</value>
         <object_component_ref idref="oc-2b2"/>
      </symbol>
      <symbol id="sm-959">
         <name>UARTEnable</name>
         <value>0x4245</value>
         <object_component_ref idref="oc-2ac"/>
      </symbol>
      <symbol id="sm-95a">
         <name>UARTFIFOEnable</name>
         <value>0x4373</value>
         <object_component_ref idref="oc-2a6"/>
      </symbol>
      <symbol id="sm-964">
         <name>CPUcpsie</name>
         <value>0x42f9</value>
         <object_component_ref idref="oc-2cf"/>
      </symbol>
      <symbol id="sm-965">
         <name>__TI_static_base__</name>
         <value>0x0</value>
      </symbol>
      <symbol id="sm-968">
         <name>SHT$$INIT_ARRAY$$Limit</name>
         <value>0x0</value>
      </symbol>
      <symbol id="sm-969">
         <name>SHT$$INIT_ARRAY$$Base</name>
         <value>0x0</value>
      </symbol>
   </symbol_table>
   <title>Link successful</title>
</link_info>
