******************************************************************************
                  TI ARM Linker PC v16.9.6                     
******************************************************************************
>> Linked Fri Mar 15 15:15:37 2019

OUTPUT FILE NAME:   <Week4Lab.out>
ENTRY POINT SYMBOL: "_c_int00"  address: 00002ab5


MEMORY CONFIGURATION

         name            origin    length      used     unused   attr    fill
----------------------  --------  ---------  --------  --------  ----  --------
  FLASH                 00000000   00040000  000034fa  0003cb06  R  X
  SRAM                  20000000   00008000  000009e9  00007617  RW X


SEGMENT ALLOCATION MAP

run origin  load origin   length   init length attrs members
----------  ----------- ---------- ----------- ----- -------
00000000    00000000    00003500   00003500    r-x
  00000000    00000000    0000026c   0000026c    r-- .intvecs
  0000026c    0000026c    00002d32   00002d32    r-x .text
  00002fa0    00002fa0    0000050c   0000050c    r-- .const
  000034b0    000034b0    00000050   00000050    r-- .cinit
20000000    20000000    000009f0   00000000    rw-
  20000000    20000000    0000026c   00000000    rw- .vtable
  2000026c    2000026c    00000355   00000000    rw- .bss
  200005c4    200005c4    00000200   00000000    rw- .stack
  200007c8    200007c8    00000200   00000000    rw- .sysmem
  200009c8    200009c8    00000028   00000000    rw- .data


SECTION ALLOCATION MAP

 output                                  attributes/
section   page    origin      length       input sections
--------  ----  ----------  ----------   ----------------
.intvecs   0    00000000    0000026c     
                  00000000    0000026c     tm4c123gh6pm_startup_ccs.obj (.intvecs)

.text      0    0000026c    00002d32     
                  0000026c    00000c84     ustdlib.obj (.text)
                  00000ef0    00000950     OrbitOledGrph.obj (.text)
                  00001840    000003d0     rtsv7M4_T_le_v4SPD16_eabi.lib : memory.obj (.text)
                  00001c10    0000037c     OrbitOled.obj (.text)
                  00001f8c    00000204     OrbitOledChar.obj (.text)
                  00002190    000001a8     ADCdemo2.obj (.text)
                  00002338    00000132     driverlib.lib : gpio.obj (.text:GPIOPadConfigSet)
                  0000246a    00000002     rtsv7M4_T_le_v4SPD16_eabi.lib : i_div0.obj (.text)
                  0000246c    00000110     driverlib.lib : sysctl.obj (.text:SysCtlClockGet)
                  0000257c    000000f4                   : sysctl.obj (.text:SysCtlClockSet)
                  00002670    000000b8     circBufT.obj (.text)
                  00002728    0000009c     rtsv7M4_T_le_v4SPD16_eabi.lib : memcpy_t2.obj (.text)
                  000027c4    0000007a     driverlib.lib : adc.obj (.text:ADCSequenceStepConfigure)
                  0000283e    0000007a     rtsv7M4_T_le_v4SPD16_eabi.lib : memset_t2.obj (.text)
                  000028b8    00000070                                   : autoinit.obj (.text)
                  00002928    00000068     driverlib.lib : interrupt.obj (.text:IntEnable)
                  00002990    00000068     rtsv7M4_T_le_v4SPD16_eabi.lib : copy_decompress_lzss.obj (.text:decompress:lzss)
                  000029f8    00000060     driverlib.lib : timer.obj (.text:TimerConfigure)
                  00002a58    0000005c     delay.obj (.text)
                  00002ab4    00000054     rtsv7M4_T_le_v4SPD16_eabi.lib : boot.obj (.text)
                  00002b08    00000054                                   : exit.obj (.text)
                  00002b5c    00000050     driverlib.lib : adc.obj (.text:ADCSequenceConfigure)
                  00002bac    00000050                   : adc.obj (.text:_ADCIntNumberGet)
                  00002bfc    0000004c     rtsv7M4_T_le_v4SPD16_eabi.lib : cpy_tbl.obj (.text)
                  00002c48    00000048     driverlib.lib : gpio.obj (.text:GPIOPinConfigure)
                  00002c90    00000044     OrbitOLEDInterface.obj (.text)
                  00002cd4    00000040     rtsv7M4_T_le_v4SPD16_eabi.lib : u_divt2.obj (.text)
                  00002d14    0000003c     driverlib.lib : ssi.obj (.text:SSIConfigSetExpClk)
                  00002d50    00000034                   : interrupt.obj (.text:IntRegister)
                  00002d84    00000034                   : sysctl.obj (.text:SysCtlPeripheralEnable)
                  00002db8    0000002a                   : gpio.obj (.text:GPIODirModeSet)
                  00002de2    0000001e                   : adc.obj (.text:ADCSequenceDataGet)
                  00002e00    0000001c                   : systick.obj (.text:SysTickIntRegister)
                  00002e1c    00000018                   : adc.obj (.text:ADCIntRegister)
                  00002e34    00000018                   : adc.obj (.text:ADCProcessorTrigger)
                  00002e4c    00000018                   : gpio.obj (.text:GPIOPinTypeGPIOOutput)
                  00002e64    00000018     rtsv7M4_T_le_v4SPD16_eabi.lib : args_main.obj (.text)
                  00002e7c    00000014     driverlib.lib : systick.obj (.text:SysTickEnable)
                  00002e90    00000014                   : systick.obj (.text:SysTickIntEnable)
                  00002ea4    00000014     rtsv7M4_T_le_v4SPD16_eabi.lib : _lock.obj (.text)
                  00002eb8    00000012     driverlib.lib : gpio.obj (.text:GPIOPinTypeSSI)
                  00002eca    00000010                   : adc.obj (.text:ADCIntEnable)
                  00002eda    00000010                   : interrupt.obj (.text:IntMasterEnable)
                  00002eea    00000002     rtsv7M4_T_le_v4SPD16_eabi.lib : mpu_init.obj (.text)
                  00002eec    00000010     driverlib.lib : systick.obj (.text:SysTickPeriodSet)
                  00002efc    0000000e                   : adc.obj (.text:ADCSequenceEnable)
                  00002f0a    0000000e                   : timer.obj (.text:TimerEnable)
                  00002f18    0000000e     rtsv7M4_T_le_v4SPD16_eabi.lib : copy_decompress_none.obj (.text:decompress:none)
                  00002f26    0000000c     driverlib.lib : cpu.obj (.text:CPUcpsie)
                  00002f32    0000000c                   : ssi.obj (.text:SSIDataGet)
                  00002f3e    0000000c     rtsv7M4_T_le_v4SPD16_eabi.lib : copy_zero_init.obj (.text:decompress:ZI)
                  00002f4a    0000000c     tm4c123gh6pm_startup_ccs.obj (.text)
                  00002f56    0000000a     driverlib.lib : adc.obj (.text:ADCIntClear)
                  00002f60    0000000a                   : ssi.obj (.text:SSIDataPut)
                  00002f6a    0000000a                   : ssi.obj (.text:SSIEnable)
                  00002f74    0000000a                   : timer.obj (.text:TimerValueGet)
                  00002f7e    00000008                   : ssi.obj (.text:SSIBusy)
                  00002f86    00000006                   : gpio.obj (.text:GPIOPinWrite)
                  00002f8c    00000006                   : ssi.obj (.text:SSIClockSourceSet)
                  00002f92    00000006                   : sysctl.obj (.text:SysCtlDelay)
                  00002f98    00000004     rtsv7M4_T_le_v4SPD16_eabi.lib : pre_init.obj (.text)
                  00002f9c    00000002                                   : startup.obj (.text)

.const     0    00002fa0    0000050c     
                  00002fa0    00000300     ChrFont0.obj (.const:.string:rgbOledFont0)
                  000032a0    00000090     driverlib.lib : gpio.obj (.const:g_pui32GPIOBaseAddrs)
                  00003330    00000070                   : interrupt.obj (.const)
                  000033a0    0000006c                   : sysctl.obj (.const:g_pui32Xtals)
                  0000340c    00000040     FillPat.obj (.const:.string:rgbFillPat)
                  0000344c    00000030     ustdlib.obj (.const:g_psDaysToMonth)
                  0000347c    00000018     ustdlib.obj (.const:g_pfExponents)
                  00003494    00000012     ustdlib.obj (.const:.string)
                  000034a6    00000002     --HOLE-- [fill = 0]
                  000034a8    00000004     ustdlib.obj (.const)

.cinit     0    000034b0    00000050     
                  000034b0    0000001b     (.cinit..data.load) [load image, compression = lzss]
                  000034cb    00000001     --HOLE-- [fill = 0]
                  000034cc    0000000c     (__TI_handler_table)
                  000034d8    00000008     (.cinit..bss.load) [load image, compression = zero_init]
                  000034e0    00000008     (.cinit..vtable.load) [load image, compression = zero_init]
                  000034e8    00000018     (__TI_cinit_table)

.init_array 
*          0    00000000    00000000     UNINITIALIZED

.vtable    0    20000000    0000026c     UNINITIALIZED
                  20000000    0000026c     driverlib.lib : interrupt.obj (.vtable)

.bss       0    2000026c    00000355     UNINITIALIZED
                  2000026c    00000200     (.common:rgbOledBmp)
                  2000046c    00000100     (.common:rgbOledFontUser)
                  2000056c    00000010     ADCdemo2.obj (.bss:g_inBuffer)
                  2000057c    00000004     ADCdemo2.obj (.bss)
                  20000580    00000004     (.common:bnOledCur)
                  20000584    00000004     (.common:dxcoOledFontCur)
                  20000588    00000004     (.common:dycoOledFontCur)
                  2000058c    00000004     (.common:fOledCharUpdate)
                  20000590    00000004     (.common:modOledCur)
                  20000594    00000004     (.common:pbOledCur)
                  20000598    00000004     (.common:pbOledFontCur)
                  2000059c    00000004     (.common:pbOledFontUser)
                  200005a0    00000004     (.common:pbOledPatCur)
                  200005a4    00000004     (.common:pfnDoRop)
                  200005a8    00000004     (.common:xchOledCur)
                  200005ac    00000004     (.common:xchOledMax)
                  200005b0    00000004     (.common:xcoOledCur)
                  200005b4    00000004     (.common:ychOledCur)
                  200005b8    00000004     (.common:ychOledMax)
                  200005bc    00000004     (.common:ycoOledCur)
                  200005c0    00000001     (.common:clrOledCur)

.stack     0    200005c4    00000200     UNINITIALIZED
                  200005c4    00000200     --HOLE--

.sysmem    0    200007c8    00000200     UNINITIALIZED
                  200007c8    00000008     rtsv7M4_T_le_v4SPD16_eabi.lib : memory.obj (.sysmem)
                  200007d0    000001f8     --HOLE--

.data      0    200009c8    00000028     UNINITIALIZED
                  200009c8    0000000c     rtsv7M4_T_le_v4SPD16_eabi.lib : exit.obj (.data:$O1$$)
                  200009d4    0000000c                                   : memory.obj (.data:$O1$$)
                  200009e0    00000008                                   : _lock.obj (.data:$O1$$)
                  200009e8    00000004                                   : stkdepth_vars.obj (.data)
                  200009ec    00000004     ustdlib.obj (.data)

MODULE SUMMARY

       Module                         code    ro data   rw data
       ------                         ----    -------   -------
    .\
       ustdlib.obj                    3204    94        4      
       tm4c123gh6pm_startup_ccs.obj   12      620       0      
       ADCdemo2.obj                   424     0         20     
       circBufT.obj                   184     0         0      
    +--+------------------------------+-------+---------+---------+
       Total:                         3824    714       24     
                                                               
    .\OrbitOLED\
       OrbitOLEDInterface.obj         68      0         0      
    +--+------------------------------+-------+---------+---------+
       Total:                         68      0         0      
                                                               
    .\OrbitOLED\lib_OrbitOled\
       OrbitOledGrph.obj              2384    0         8      
       OrbitOled.obj                  892     0         553    
       OrbitOledChar.obj              516     0         272    
       ChrFont0.obj                   0       768       0      
       delay.obj                      92      0         0      
       FillPat.obj                    0       64        0      
    +--+------------------------------+-------+---------+---------+
       Total:                         3884    832       833    
                                                               
    C:/ti/TivaWare_C_Series-2.1.4.178/driverlib/ccs/Debug/driverlib.lib
       interrupt.obj                  172     112       620    
       sysctl.obj                     574     108       0      
       gpio.obj                       468     144       0      
       adc.obj                        400     0         0      
       timer.obj                      120     0         0      
       ssi.obj                        106     0         0      
       systick.obj                    84      0         0      
       cpu.obj                        12      0         0      
    +--+------------------------------+-------+---------+---------+
       Total:                         1936    364       620    
                                                               
    C:\ti\ccsv7\tools\compiler\ti-cgt-arm_16.9.6.LTS\lib\rtsv7M4_T_le_v4SPD16_eabi.lib
       memory.obj                     976     0         12     
       memcpy_t2.obj                  156     0         0      
       memset_t2.obj                  122     0         0      
       autoinit.obj                   112     0         0      
       copy_decompress_lzss.obj       104     0         0      
       exit.obj                       84      0         12     
       boot.obj                       84      0         0      
       cpy_tbl.obj                    76      0         0      
       u_divt2.obj                    64      0         0      
       _lock.obj                      20      0         8      
       args_main.obj                  24      0         0      
       copy_decompress_none.obj       14      0         0      
       copy_zero_init.obj             12      0         0      
       pre_init.obj                   4       0         0      
       stkdepth_vars.obj              0       0         4      
       i_div0.obj                     2       0         0      
       mpu_init.obj                   2       0         0      
       startup.obj                    2       0         0      
    +--+------------------------------+-------+---------+---------+
       Total:                         1858    0         36     
                                                               
       Heap:                          0       0         512    
       Stack:                         0       0         512    
       Linker Generated:              0       79        0      
    +--+------------------------------+-------+---------+---------+
       Grand Total:                   11570   1989      2537   


LINKER GENERATED COPY TABLES

__TI_cinit_table @ 000034e8 records: 3, size/record: 8, table size: 24
	.data: load addr=000034b0, load size=0000001b bytes, run addr=200009c8, run size=00000028 bytes, compression=lzss
	.bss: load addr=000034d8, load size=00000008 bytes, run addr=2000026c, run size=00000355 bytes, compression=zero_init
	.vtable: load addr=000034e0, load size=00000008 bytes, run addr=20000000, run size=0000026c bytes, compression=zero_init


LINKER GENERATED HANDLER TABLE

__TI_handler_table @ 000034cc records: 3, size/record: 4, table size: 12
	index: 0, handler: __TI_zero_init
	index: 1, handler: __TI_decompress_lzss
	index: 2, handler: __TI_decompress_none


GLOBAL SYMBOLS: SORTED ALPHABETICALLY BY Name 

address   name                           
-------   ----                           
00002f57  ADCIntClear                    
00002ecb  ADCIntEnable                   
000021a5  ADCIntHandler                  
00002e1d  ADCIntRegister                 
00002e35  ADCProcessorTrigger            
00002b5d  ADCSequenceConfigure           
00002de3  ADCSequenceDataGet             
00002efd  ADCSequenceEnable              
000027c5  ADCSequenceStepConfigure       
00002b09  C$$EXIT                        
00002f27  CPUcpsie                       
00002a59  DelayInit                      
00002a73  DelayMs                        
00002db9  GPIODirModeSet                 
00002339  GPIOPadConfigSet               
00002c49  GPIOPinConfigure               
00002e4d  GPIOPinTypeGPIOOutput          
00002eb9  GPIOPinTypeSSI                 
00002f87  GPIOPinWrite                   
00002929  IntEnable                      
00002edb  IntMasterEnable                
00002d51  IntRegister                    
00002cb7  OLEDInitialise                 
00002c91  OLEDStringDraw                 
00002125  OrbitOledAdvanceCursor         
000017e1  OrbitOledClampXco              
00001801  OrbitOledClampYco              
00001ded  OrbitOledClear                 
00001df9  OrbitOledClearBuffer           
00001ff5  OrbitOledDefUserChar           
00001d69  OrbitOledDevInit               
00001623  OrbitOledDrawChar              
000020ad  OrbitOledDrawGlyph             
00000fe7  OrbitOledDrawPixel             
0000112d  OrbitOledDrawRect              
00001683  OrbitOledDrawString            
00001cef  OrbitOledDvrInit               
000011b1  OrbitOledFillRect              
000012f5  OrbitOledGetBmp                
0000205d  OrbitOledGetCharUpdate         
00001fd9  OrbitOledGetCursor             
00000fe1  OrbitOledGetDrawMode           
00001013  OrbitOledGetPixel              
00000f37  OrbitOledGetPos                
00000f6b  OrbitOledGetStdPattern         
00001c25  OrbitOledHostInit              
00001c11  OrbitOledInit                  
0000102d  OrbitOledLineTo                
00001779  OrbitOledMoveDown              
000017af  OrbitOledMoveLeft              
000017c7  OrbitOledMoveRight             
00000ef1  OrbitOledMoveTo                
00001741  OrbitOledMoveUp                
00001455  OrbitOledPutBmp                
00001e83  OrbitOledPutBuffer             
00002063  OrbitOledPutChar               
00002081  OrbitOledPutString             
000016ef  OrbitOledRopAnd                
000016cb  OrbitOledRopOr                 
000016a1  OrbitOledRopSet                
00001713  OrbitOledRopXor                
00002045  OrbitOledSetCharUpdate         
00001f8d  OrbitOledSetCursor             
00000f53  OrbitOledSetDrawColor          
00000f8d  OrbitOledSetDrawMode           
00000f7d  OrbitOledSetFillPattern        
00001e29  OrbitOledUpdate                
00002f4b  ResetISR                       
UNDEFED   SHT$$INIT_ARRAY$$Base          
UNDEFED   SHT$$INIT_ARRAY$$Limit         
00002f7f  SSIBusy                        
00002f8d  SSIClockSourceSet              
00002d15  SSIConfigSetExpClk             
00002f33  SSIDataGet                     
00002f61  SSIDataPut                     
00002f6b  SSIEnable                      
00001ee9  Ssi3PutByte                    
0000246d  SysCtlClockGet                 
0000257d  SysCtlClockSet                 
00002f93  SysCtlDelay                    
00002d85  SysCtlPeripheralEnable         
00002e7d  SysTickEnable                  
00002e91  SysTickIntEnable               
00002191  SysTickIntHandler              
00002e01  SysTickIntRegister             
00002eed  SysTickPeriodSet               
000029f9  TimerConfigure                 
00002f0b  TimerEnable                    
00002f75  TimerValueGet                  
200007c4  __STACK_END                    
00000200  __STACK_SIZE                   
200007c4  __STACK_TOP                    
00000200  __SYSMEM_SIZE                  
000034e8  __TI_CINIT_Base                
00003500  __TI_CINIT_Limit               
000034cc  __TI_Handler_Table_Base        
000034d8  __TI_Handler_Table_Limit       
000028b9  __TI_auto_init                 
200009c8  __TI_cleanup_ptr               
00002991  __TI_decompress_lzss           
00002f19  __TI_decompress_none           
200009cc  __TI_dtors_ptr                 
200009d0  __TI_enable_exit_profile_output
ffffffff  __TI_pprof_out_hndl            
ffffffff  __TI_prof_data_size            
ffffffff  __TI_prof_data_start           
00000000  __TI_static_base__             
00002f3f  __TI_zero_init                 
0000246b  __aeabi_idiv0                  
0000283f  __aeabi_memclr                 
0000283f  __aeabi_memclr4                
0000283f  __aeabi_memclr8                
00002729  __aeabi_memcpy                 
00002729  __aeabi_memcpy4                
00002729  __aeabi_memcpy8                
00002841  __aeabi_memset                 
00002841  __aeabi_memset4                
00002841  __aeabi_memset8                
00002cd5  __aeabi_uidiv                  
00002cd5  __aeabi_uidivmod               
ffffffff  __binit__                      
ffffffff  __c_args__                     
00002eeb  __mpu_init                     
200005c4  __stack                        
00002e65  _args_main                     
00002ab5  _c_int00                       
200009e0  _lock                          
00002eb3  _nop                           
00002eab  _register_lock                 
00002ea5  _register_unlock               
200007c8  _sys_memory                    
00002f9d  _system_post_cinit             
00002f99  _system_pre_init               
200009e4  _unlock                        
00002b0d  abort                          
ffffffff  binit                          
20000580  bnOledCur                      
00001be1  calloc                         
200005c0  clrOledCur                     
00002bfd  copy_in                        
0000222d  displayMeanVal                 
20000584  dxcoOledFontCur                
20000588  dycoOledFontCur                
00002b15  exit                           
2000058c  fOledCharUpdate                
0000192b  free                           
00002703  freeCircBuf                    
20000000  g_pfnRAMVectors                
00000000  g_pfnVectors                   
000021e9  initADC                        
00002671  initCircBuf                    
000021c3  initClock                      
00002225  initDisplay                    
0000227d  main                           
200009e8  main_func_sp                   
000018c1  malloc                         
00001af5  memalign                       
00002729  memcpy                         
00002847  memset                         
00001841  minit                          
20000590  modOledCur                     
20000594  pbOledCur                      
20000598  pbOledFontCur                  
2000059c  pbOledFontUser                 
200005a0  pbOledPatCur                   
200005a4  pfnDoRop                       
000026cf  readCircBuf                    
000019eb  realloc                        
0000340c  rgbFillPat                     
2000026c  rgbOledBmp                     
00002fa0  rgbOledFont0                   
2000046c  rgbOledFontUser                
00000751  ulocaltime                     
0000094f  umktime                        
00000ec9  urand                          
00000721  usnprintf                      
000006ef  usprintf                       
00000eb9  usrand                         
00000e31  ustrcasecmp                    
00000ea5  ustrcmp                        
00000d35  ustrlen                        
00000d8d  ustrncasecmp                   
00000e45  ustrncmp                       
0000026d  ustrncpy                       
00000d57  ustrstr                        
00000afd  ustrtof                        
000009c5  ustrtoul                       
000002c5  uvsnprintf                     
0000269b  writeCircBuf                   
200005a8  xchOledCur                     
200005ac  xchOledMax                     
200005b0  xcoOledCur                     
200005b4  ychOledCur                     
200005b8  ychOledMax                     
200005bc  ycoOledCur                     


GLOBAL SYMBOLS: SORTED BY Symbol Address 

address   name                           
-------   ----                           
00000000  __TI_static_base__             
00000000  g_pfnVectors                   
00000200  __STACK_SIZE                   
00000200  __SYSMEM_SIZE                  
0000026d  ustrncpy                       
000002c5  uvsnprintf                     
000006ef  usprintf                       
00000721  usnprintf                      
00000751  ulocaltime                     
0000094f  umktime                        
000009c5  ustrtoul                       
00000afd  ustrtof                        
00000d35  ustrlen                        
00000d57  ustrstr                        
00000d8d  ustrncasecmp                   
00000e31  ustrcasecmp                    
00000e45  ustrncmp                       
00000ea5  ustrcmp                        
00000eb9  usrand                         
00000ec9  urand                          
00000ef1  OrbitOledMoveTo                
00000f37  OrbitOledGetPos                
00000f53  OrbitOledSetDrawColor          
00000f6b  OrbitOledGetStdPattern         
00000f7d  OrbitOledSetFillPattern        
00000f8d  OrbitOledSetDrawMode           
00000fe1  OrbitOledGetDrawMode           
00000fe7  OrbitOledDrawPixel             
00001013  OrbitOledGetPixel              
0000102d  OrbitOledLineTo                
0000112d  OrbitOledDrawRect              
000011b1  OrbitOledFillRect              
000012f5  OrbitOledGetBmp                
00001455  OrbitOledPutBmp                
00001623  OrbitOledDrawChar              
00001683  OrbitOledDrawString            
000016a1  OrbitOledRopSet                
000016cb  OrbitOledRopOr                 
000016ef  OrbitOledRopAnd                
00001713  OrbitOledRopXor                
00001741  OrbitOledMoveUp                
00001779  OrbitOledMoveDown              
000017af  OrbitOledMoveLeft              
000017c7  OrbitOledMoveRight             
000017e1  OrbitOledClampXco              
00001801  OrbitOledClampYco              
00001841  minit                          
000018c1  malloc                         
0000192b  free                           
000019eb  realloc                        
00001af5  memalign                       
00001be1  calloc                         
00001c11  OrbitOledInit                  
00001c25  OrbitOledHostInit              
00001cef  OrbitOledDvrInit               
00001d69  OrbitOledDevInit               
00001ded  OrbitOledClear                 
00001df9  OrbitOledClearBuffer           
00001e29  OrbitOledUpdate                
00001e83  OrbitOledPutBuffer             
00001ee9  Ssi3PutByte                    
00001f8d  OrbitOledSetCursor             
00001fd9  OrbitOledGetCursor             
00001ff5  OrbitOledDefUserChar           
00002045  OrbitOledSetCharUpdate         
0000205d  OrbitOledGetCharUpdate         
00002063  OrbitOledPutChar               
00002081  OrbitOledPutString             
000020ad  OrbitOledDrawGlyph             
00002125  OrbitOledAdvanceCursor         
00002191  SysTickIntHandler              
000021a5  ADCIntHandler                  
000021c3  initClock                      
000021e9  initADC                        
00002225  initDisplay                    
0000222d  displayMeanVal                 
0000227d  main                           
00002339  GPIOPadConfigSet               
0000246b  __aeabi_idiv0                  
0000246d  SysCtlClockGet                 
0000257d  SysCtlClockSet                 
00002671  initCircBuf                    
0000269b  writeCircBuf                   
000026cf  readCircBuf                    
00002703  freeCircBuf                    
00002729  __aeabi_memcpy                 
00002729  __aeabi_memcpy4                
00002729  __aeabi_memcpy8                
00002729  memcpy                         
000027c5  ADCSequenceStepConfigure       
0000283f  __aeabi_memclr                 
0000283f  __aeabi_memclr4                
0000283f  __aeabi_memclr8                
00002841  __aeabi_memset                 
00002841  __aeabi_memset4                
00002841  __aeabi_memset8                
00002847  memset                         
000028b9  __TI_auto_init                 
00002929  IntEnable                      
00002991  __TI_decompress_lzss           
000029f9  TimerConfigure                 
00002a59  DelayInit                      
00002a73  DelayMs                        
00002ab5  _c_int00                       
00002b09  C$$EXIT                        
00002b0d  abort                          
00002b15  exit                           
00002b5d  ADCSequenceConfigure           
00002bfd  copy_in                        
00002c49  GPIOPinConfigure               
00002c91  OLEDStringDraw                 
00002cb7  OLEDInitialise                 
00002cd5  __aeabi_uidiv                  
00002cd5  __aeabi_uidivmod               
00002d15  SSIConfigSetExpClk             
00002d51  IntRegister                    
00002d85  SysCtlPeripheralEnable         
00002db9  GPIODirModeSet                 
00002de3  ADCSequenceDataGet             
00002e01  SysTickIntRegister             
00002e1d  ADCIntRegister                 
00002e35  ADCProcessorTrigger            
00002e4d  GPIOPinTypeGPIOOutput          
00002e65  _args_main                     
00002e7d  SysTickEnable                  
00002e91  SysTickIntEnable               
00002ea5  _register_unlock               
00002eab  _register_lock                 
00002eb3  _nop                           
00002eb9  GPIOPinTypeSSI                 
00002ecb  ADCIntEnable                   
00002edb  IntMasterEnable                
00002eeb  __mpu_init                     
00002eed  SysTickPeriodSet               
00002efd  ADCSequenceEnable              
00002f0b  TimerEnable                    
00002f19  __TI_decompress_none           
00002f27  CPUcpsie                       
00002f33  SSIDataGet                     
00002f3f  __TI_zero_init                 
00002f4b  ResetISR                       
00002f57  ADCIntClear                    
00002f61  SSIDataPut                     
00002f6b  SSIEnable                      
00002f75  TimerValueGet                  
00002f7f  SSIBusy                        
00002f87  GPIOPinWrite                   
00002f8d  SSIClockSourceSet              
00002f93  SysCtlDelay                    
00002f99  _system_pre_init               
00002f9d  _system_post_cinit             
00002fa0  rgbOledFont0                   
0000340c  rgbFillPat                     
000034cc  __TI_Handler_Table_Base        
000034d8  __TI_Handler_Table_Limit       
000034e8  __TI_CINIT_Base                
00003500  __TI_CINIT_Limit               
20000000  g_pfnRAMVectors                
2000026c  rgbOledBmp                     
2000046c  rgbOledFontUser                
20000580  bnOledCur                      
20000584  dxcoOledFontCur                
20000588  dycoOledFontCur                
2000058c  fOledCharUpdate                
20000590  modOledCur                     
20000594  pbOledCur                      
20000598  pbOledFontCur                  
2000059c  pbOledFontUser                 
200005a0  pbOledPatCur                   
200005a4  pfnDoRop                       
200005a8  xchOledCur                     
200005ac  xchOledMax                     
200005b0  xcoOledCur                     
200005b4  ychOledCur                     
200005b8  ychOledMax                     
200005bc  ycoOledCur                     
200005c0  clrOledCur                     
200005c4  __stack                        
200007c4  __STACK_END                    
200007c4  __STACK_TOP                    
200007c8  _sys_memory                    
200009c8  __TI_cleanup_ptr               
200009cc  __TI_dtors_ptr                 
200009d0  __TI_enable_exit_profile_output
200009e0  _lock                          
200009e4  _unlock                        
200009e8  main_func_sp                   
ffffffff  __TI_pprof_out_hndl            
ffffffff  __TI_prof_data_size            
ffffffff  __TI_prof_data_start           
ffffffff  __binit__                      
ffffffff  __c_args__                     
ffffffff  binit                          
UNDEFED   SHT$$INIT_ARRAY$$Base          
UNDEFED   SHT$$INIT_ARRAY$$Limit         

[195 symbols]
