******************************************************************************
                  TI ARM Linker PC v16.9.6                     
******************************************************************************
>> Linked Fri Mar 08 15:36:26 2019

OUTPUT FILE NAME:   <Week3Lab.out>
ENTRY POINT SYMBOL: "_c_int00"  address: 00002905


MEMORY CONFIGURATION

         name            origin    length      used     unused   attr    fill
----------------------  --------  ---------  --------  --------  ----  --------
  FLASH                 00000000   00040000  000032b6  0003cd4a  R  X
  SRAM                  20000000   00008000  000007d9  00007827  RW X


SEGMENT ALLOCATION MAP

run origin  load origin   length   init length attrs members
----------  ----------- ---------- ----------- ----- -------
00000000    00000000    000032b8   000032b8    r-x
  00000000    00000000    0000026c   0000026c    r-- .intvecs
  0000026c    0000026c    00002b66   00002b66    r-x .text
  00002dd4    00002dd4    0000049c   0000049c    r-- .const
  00003270    00003270    00000048   00000048    r-- .cinit
20000000    20000000    000007dc   00000000    rw-
  20000000    20000000    0000026c   00000000    rw- .vtable
  2000026c    2000026c    00000351   00000000    rw- .bss
  200005c0    200005c0    00000200   00000000    rw- .stack
  200007c0    200007c0    0000001c   00000000    rw- .data


SECTION ALLOCATION MAP

 output                                  attributes/
section   page    origin      length       input sections
--------  ----  ----------  ----------   ----------------
.intvecs   0    00000000    0000026c     
                  00000000    0000026c     tm4c123gh6pm_startup_ccs.obj (.intvecs)

.text      0    0000026c    00002b66     
                  0000026c    00000c84     ustdlib.obj (.text)
                  00000ef0    00000950     OrbitOledGrph.obj (.text)
                  00001840    0000037c     OrbitOled.obj (.text)
                  00001bbc    00000340     pwmGen4.obj (.text)
                  00001efc    00000220     buttons4.obj (.text)
                  0000211c    00000204     OrbitOledChar.obj (.text)
                  00002320    00000132     driverlib.lib : gpio.obj (.text:GPIOPadConfigSet)
                  00002452    00000002     rtsv7M4_T_le_v4SPD16_eabi.lib : i_div0.obj (.text)
                  00002454    00000110     driverlib.lib : sysctl.obj (.text:SysCtlClockGet)
                  00002564    000000f4                   : sysctl.obj (.text:SysCtlClockSet)
                  00002658    0000009c     rtsv7M4_T_le_v4SPD16_eabi.lib : memcpy_t2.obj (.text)
                  000026f4    0000007a                                   : memset_t2.obj (.text)
                  0000276e    00000002                                   : mpu_init.obj (.text)
                  00002770    00000070                                   : autoinit.obj (.text)
                  000027e0    00000068                                   : copy_decompress_lzss.obj (.text:decompress:lzss)
                  00002848    00000060     driverlib.lib : timer.obj (.text:TimerConfigure)
                  000028a8    0000005c     delay.obj (.text)
                  00002904    00000054     rtsv7M4_T_le_v4SPD16_eabi.lib : boot.obj (.text)
                  00002958    00000054                                   : exit.obj (.text)
                  000029ac    00000050     driverlib.lib : sysctl.obj (.text:SysCtlPeripheralReset)
                  000029fc    0000004c     rtsv7M4_T_le_v4SPD16_eabi.lib : cpy_tbl.obj (.text)
                  00002a48    00000048     driverlib.lib : gpio.obj (.text:GPIOPinConfigure)
                  00002a90    00000044     OrbitOLEDInterface.obj (.text)
                  00002ad4    00000040     rtsv7M4_T_le_v4SPD16_eabi.lib : u_divt2.obj (.text)
                  00002b14    0000003c     driverlib.lib : ssi.obj (.text:SSIConfigSetExpClk)
                  00002b50    00000034                   : interrupt.obj (.text:IntRegister)
                  00002b84    00000034                   : sysctl.obj (.text:SysCtlPeripheralEnable)
                  00002bb8    0000002a                   : gpio.obj (.text:GPIODirModeSet)
                  00002be2    00000022                   : pwm.obj (.text:PWMGenConfigure)
                  00002c04    0000001e                   : pwm.obj (.text:PWMPulseWidthSet)
                  00002c22    00000002     rtsv7M4_T_le_v4SPD16_eabi.lib : startup.obj (.text)
                  00002c24    0000001c     driverlib.lib : systick.obj (.text:SysTickIntRegister)
                  00002c40    00000018                   : gpio.obj (.text:GPIOPinTypeGPIOOutput)
                  00002c58    00000018     rtsv7M4_T_le_v4SPD16_eabi.lib : args_main.obj (.text)
                  00002c70    00000014     driverlib.lib : sysctl.obj (.text:SysCtlPWMClockSet)
                  00002c84    00000014                   : systick.obj (.text:SysTickEnable)
                  00002c98    00000014                   : systick.obj (.text:SysTickIntEnable)
                  00002cac    00000014     rtsv7M4_T_le_v4SPD16_eabi.lib : _lock.obj (.text)
                  00002cc0    00000012     driverlib.lib : gpio.obj (.text:GPIOPinTypeGPIOInput)
                  00002cd2    00000012                   : gpio.obj (.text:GPIOPinTypePWM)
                  00002ce4    00000012                   : gpio.obj (.text:GPIOPinTypeSSI)
                  00002cf6    00000012                   : pwm.obj (.text:PWMOutputState)
                  00002d08    00000010                   : interrupt.obj (.text:IntMasterEnable)
                  00002d18    00000010                   : pwm.obj (.text:PWMGenPeriodSet)
                  00002d28    00000010                   : systick.obj (.text:SysTickPeriodSet)
                  00002d38    0000000e                   : timer.obj (.text:TimerEnable)
                  00002d46    0000000e     rtsv7M4_T_le_v4SPD16_eabi.lib : copy_decompress_none.obj (.text:decompress:none)
                  00002d54    0000000c     driverlib.lib : cpu.obj (.text:CPUcpsie)
                  00002d60    0000000c                   : pwm.obj (.text:PWMGenEnable)
                  00002d6c    0000000c                   : ssi.obj (.text:SSIDataGet)
                  00002d78    0000000c     rtsv7M4_T_le_v4SPD16_eabi.lib : copy_zero_init.obj (.text:decompress:ZI)
                  00002d84    0000000c     tm4c123gh6pm_startup_ccs.obj (.text)
                  00002d90    0000000a     driverlib.lib : ssi.obj (.text:SSIDataPut)
                  00002d9a    0000000a                   : ssi.obj (.text:SSIEnable)
                  00002da4    0000000a                   : timer.obj (.text:TimerValueGet)
                  00002dae    00000008                   : ssi.obj (.text:SSIBusy)
                  00002db6    00000006                   : gpio.obj (.text:GPIOPinRead)
                  00002dbc    00000006                   : gpio.obj (.text:GPIOPinWrite)
                  00002dc2    00000006                   : ssi.obj (.text:SSIClockSourceSet)
                  00002dc8    00000006                   : sysctl.obj (.text:SysCtlDelay)
                  00002dce    00000004     rtsv7M4_T_le_v4SPD16_eabi.lib : pre_init.obj (.text)

.const     0    00002dd4    0000049c     
                  00002dd4    00000300     ChrFont0.obj (.const:.string:rgbOledFont0)
                  000030d4    00000090     driverlib.lib : gpio.obj (.const:g_pui32GPIOBaseAddrs)
                  00003164    0000006c                   : sysctl.obj (.const:g_pui32Xtals)
                  000031d0    00000040     FillPat.obj (.const:.string:rgbFillPat)
                  00003210    00000030     ustdlib.obj (.const:g_psDaysToMonth)
                  00003240    00000018     ustdlib.obj (.const:g_pfExponents)
                  00003258    00000012     ustdlib.obj (.const:.string)
                  0000326a    00000002     --HOLE-- [fill = 0]
                  0000326c    00000004     ustdlib.obj (.const)

.cinit     0    00003270    00000048     
                  00003270    00000011     (.cinit..data.load) [load image, compression = lzss]
                  00003281    00000003     --HOLE-- [fill = 0]
                  00003284    0000000c     (__TI_handler_table)
                  00003290    00000008     (.cinit..bss.load) [load image, compression = zero_init]
                  00003298    00000008     (.cinit..vtable.load) [load image, compression = zero_init]
                  000032a0    00000018     (__TI_cinit_table)

.init_array 
*          0    00000000    00000000     UNINITIALIZED

.vtable    0    20000000    0000026c     UNINITIALIZED
                  20000000    0000026c     driverlib.lib : interrupt.obj (.vtable)

.bss       0    2000026c    00000351     UNINITIALIZED
                  2000026c    00000200     (.common:rgbOledBmp)
                  2000046c    00000100     (.common:rgbOledFontUser)
                  2000056c    00000004     buttons4.obj (.bss:but_count)
                  20000570    00000004     buttons4.obj (.bss:but_flag)
                  20000574    00000004     buttons4.obj (.bss:but_normal)
                  20000578    00000004     buttons4.obj (.bss:but_state)
                  2000057c    00000004     (.common:bnOledCur)
                  20000580    00000004     (.common:dxcoOledFontCur)
                  20000584    00000004     (.common:dycoOledFontCur)
                  20000588    00000004     (.common:fOledCharUpdate)
                  2000058c    00000004     (.common:modOledCur)
                  20000590    00000004     (.common:pbOledCur)
                  20000594    00000004     (.common:pbOledFontCur)
                  20000598    00000004     (.common:pbOledFontUser)
                  2000059c    00000004     (.common:pbOledPatCur)
                  200005a0    00000004     (.common:pfnDoRop)
                  200005a4    00000004     (.common:xchOledCur)
                  200005a8    00000004     (.common:xchOledMax)
                  200005ac    00000004     (.common:xcoOledCur)
                  200005b0    00000004     (.common:ychOledCur)
                  200005b4    00000004     (.common:ychOledMax)
                  200005b8    00000004     (.common:ycoOledCur)
                  200005bc    00000001     (.common:clrOledCur)

.stack     0    200005c0    00000200     UNINITIALIZED
                  200005c0    00000200     --HOLE--

.data      0    200007c0    0000001c     UNINITIALIZED
                  200007c0    0000000c     rtsv7M4_T_le_v4SPD16_eabi.lib : exit.obj (.data:$O1$$)
                  200007cc    00000008                                   : _lock.obj (.data:$O1$$)
                  200007d4    00000004                                   : stkdepth_vars.obj (.data)
                  200007d8    00000004     ustdlib.obj (.data)

MODULE SUMMARY

       Module                         code    ro data   rw data
       ------                         ----    -------   -------
    .\
       ustdlib.obj                    3204    94        4      
       pwmGen4.obj                    832     0         0      
       tm4c123gh6pm_startup_ccs.obj   12      620       0      
       buttons4.obj                   544     0         16     
    +--+------------------------------+-------+---------+---------+
       Total:                         4592    714       20     
                                                               
    .\OrbitOLED\
       OrbitOLEDInterface.obj         68      0         0      
    +--+------------------------------+-------+---------+---------+
       Total:                         68      0         0      
                                                               
    .\OrbitOLED\lib_OrbitOled\
       OrbitOledGrph.obj              2384    0         8      
       OrbitOled.obj                  892     0         553    
       OrbitOledChar.obj              516     0         272    
       ChrFont0.obj                   0       768       0      
       delay.obj                      92      0         0      
       FillPat.obj                    0       64        0      
    +--+------------------------------+-------+---------+---------+
       Total:                         3884    832       833    
                                                               
    C:/ti/TivaWare_C_Series-2.1.4.178/driverlib/ccs/Debug/driverlib.lib
       sysctl.obj                     674     108       0      
       interrupt.obj                  68      0         620    
       gpio.obj                       510     144       0      
       timer.obj                      120     0         0      
       pwm.obj                        110     0         0      
       ssi.obj                        106     0         0      
       systick.obj                    84      0         0      
       cpu.obj                        12      0         0      
    +--+------------------------------+-------+---------+---------+
       Total:                         1684    252       620    
                                                               
    C:\ti\ccsv7\tools\compiler\ti-cgt-arm_16.9.6.LTS\lib\rtsv7M4_T_le_v4SPD16_eabi.lib
       memcpy_t2.obj                  156     0         0      
       memset_t2.obj                  122     0         0      
       autoinit.obj                   112     0         0      
       copy_decompress_lzss.obj       104     0         0      
       exit.obj                       84      0         12     
       boot.obj                       84      0         0      
       cpy_tbl.obj                    76      0         0      
       u_divt2.obj                    64      0         0      
       _lock.obj                      20      0         8      
       args_main.obj                  24      0         0      
       copy_decompress_none.obj       14      0         0      
       copy_zero_init.obj             12      0         0      
       pre_init.obj                   4       0         0      
       stkdepth_vars.obj              0       0         4      
       i_div0.obj                     2       0         0      
       mpu_init.obj                   2       0         0      
       startup.obj                    2       0         0      
    +--+------------------------------+-------+---------+---------+
       Total:                         882     0         24     
                                                               
       Stack:                         0       0         512    
       Linker Generated:              0       69        0      
    +--+------------------------------+-------+---------+---------+
       Grand Total:                   11110   1867      2009   


LINKER GENERATED COPY TABLES

__TI_cinit_table @ 000032a0 records: 3, size/record: 8, table size: 24
	.data: load addr=00003270, load size=00000011 bytes, run addr=200007c0, run size=0000001c bytes, compression=lzss
	.bss: load addr=00003290, load size=00000008 bytes, run addr=2000026c, run size=00000351 bytes, compression=zero_init
	.vtable: load addr=00003298, load size=00000008 bytes, run addr=20000000, run size=0000026c bytes, compression=zero_init


LINKER GENERATED HANDLER TABLE

__TI_handler_table @ 00003284 records: 3, size/record: 4, table size: 12
	index: 0, handler: __TI_zero_init
	index: 1, handler: __TI_decompress_lzss
	index: 2, handler: __TI_decompress_none


GLOBAL SYMBOLS: SORTED ALPHABETICALLY BY Name 

address   name                           
-------   ----                           
00002959  C$$EXIT                        
00002d55  CPUcpsie                       
000028a9  DelayInit                      
000028c3  DelayMs                        
00002bb9  GPIODirModeSet                 
00002321  GPIOPadConfigSet               
00002a49  GPIOPinConfigure               
00002db7  GPIOPinRead                    
00002cc1  GPIOPinTypeGPIOInput           
00002c41  GPIOPinTypeGPIOOutput          
00002cd3  GPIOPinTypePWM                 
00002ce5  GPIOPinTypeSSI                 
00002dbd  GPIOPinWrite                   
00002d09  IntMasterEnable                
00002b51  IntRegister                    
00002ab7  OLEDInitialise                 
00002a91  OLEDStringDraw                 
000022b5  OrbitOledAdvanceCursor         
000017e1  OrbitOledClampXco              
00001801  OrbitOledClampYco              
00001a1d  OrbitOledClear                 
00001a29  OrbitOledClearBuffer           
00002185  OrbitOledDefUserChar           
00001999  OrbitOledDevInit               
00001623  OrbitOledDrawChar              
0000223d  OrbitOledDrawGlyph             
00000fe7  OrbitOledDrawPixel             
0000112d  OrbitOledDrawRect              
00001683  OrbitOledDrawString            
0000191f  OrbitOledDvrInit               
000011b1  OrbitOledFillRect              
000012f5  OrbitOledGetBmp                
000021ed  OrbitOledGetCharUpdate         
00002169  OrbitOledGetCursor             
00000fe1  OrbitOledGetDrawMode           
00001013  OrbitOledGetPixel              
00000f37  OrbitOledGetPos                
00000f6b  OrbitOledGetStdPattern         
00001855  OrbitOledHostInit              
00001841  OrbitOledInit                  
0000102d  OrbitOledLineTo                
00001779  OrbitOledMoveDown              
000017af  OrbitOledMoveLeft              
000017c7  OrbitOledMoveRight             
00000ef1  OrbitOledMoveTo                
00001741  OrbitOledMoveUp                
00001455  OrbitOledPutBmp                
00001ab3  OrbitOledPutBuffer             
000021f3  OrbitOledPutChar               
00002211  OrbitOledPutString             
000016ef  OrbitOledRopAnd                
000016cb  OrbitOledRopOr                 
000016a1  OrbitOledRopSet                
00001713  OrbitOledRopXor                
000021d5  OrbitOledSetCharUpdate         
0000211d  OrbitOledSetCursor             
00000f53  OrbitOledSetDrawColor          
00000f8d  OrbitOledSetDrawMode           
00000f7d  OrbitOledSetFillPattern        
00001a59  OrbitOledUpdate                
00002be3  PWMGenConfigure                
00002d61  PWMGenEnable                   
00002d19  PWMGenPeriodSet                
00002cf7  PWMOutputState                 
00002c05  PWMPulseWidthSet               
00002d85  ResetISR                       
UNDEFED   SHT$$INIT_ARRAY$$Base          
UNDEFED   SHT$$INIT_ARRAY$$Limit         
00002daf  SSIBusy                        
00002dc3  SSIClockSourceSet              
00002b15  SSIConfigSetExpClk             
00002d6d  SSIDataGet                     
00002d91  SSIDataPut                     
00002d9b  SSIEnable                      
00001b19  Ssi3PutByte                    
00002455  SysCtlClockGet                 
00002565  SysCtlClockSet                 
00002dc9  SysCtlDelay                    
00002c71  SysCtlPWMClockSet              
00002b85  SysCtlPeripheralEnable         
000029ad  SysCtlPeripheralReset          
00002c85  SysTickEnable                  
00002c99  SysTickIntEnable               
00001bbd  SysTickIntHandler              
00002c25  SysTickIntRegister             
00002d29  SysTickPeriodSet               
00002849  TimerConfigure                 
00002d39  TimerEnable                    
00002da5  TimerValueGet                  
200007c0  __STACK_END                    
00000200  __STACK_SIZE                   
200007c0  __STACK_TOP                    
000032a0  __TI_CINIT_Base                
000032b8  __TI_CINIT_Limit               
00003284  __TI_Handler_Table_Base        
00003290  __TI_Handler_Table_Limit       
00002771  __TI_auto_init                 
200007c0  __TI_cleanup_ptr               
000027e1  __TI_decompress_lzss           
00002d47  __TI_decompress_none           
200007c4  __TI_dtors_ptr                 
200007c8  __TI_enable_exit_profile_output
ffffffff  __TI_pprof_out_hndl            
ffffffff  __TI_prof_data_size            
ffffffff  __TI_prof_data_start           
00000000  __TI_static_base__             
00002d79  __TI_zero_init                 
00002453  __aeabi_idiv0                  
000026f5  __aeabi_memclr                 
000026f5  __aeabi_memclr4                
000026f5  __aeabi_memclr8                
00002659  __aeabi_memcpy                 
00002659  __aeabi_memcpy4                
00002659  __aeabi_memcpy8                
000026f7  __aeabi_memset                 
000026f7  __aeabi_memset4                
000026f7  __aeabi_memset8                
00002ad5  __aeabi_uidiv                  
00002ad5  __aeabi_uidivmod               
ffffffff  __binit__                      
ffffffff  __c_args__                     
0000276f  __mpu_init                     
200005c0  __stack                        
00002c59  _args_main                     
00002905  _c_int00                       
200007cc  _lock                          
00002cbb  _nop                           
00002cb3  _register_lock                 
00002cad  _register_unlock               
00002c23  _system_post_cinit             
00002dcf  _system_pre_init               
200007d0  _unlock                        
0000295d  abort                          
ffffffff  binit                          
2000057c  bnOledCur                      
0000209f  checkButton                    
200005bc  clrOledCur                     
000029fd  copy_in                        
00001cf3  displayButtonState             
20000580  dxcoOledFontCur                
20000584  dycoOledFontCur                
00002965  exit                           
20000588  fOledCharUpdate                
20000000  g_pfnRAMVectors                
00000000  g_pfnVectors                   
00001efd  initButtons                    
00001bc5  initClocks                     
00001c7f  initDisplay                    
00001bd7  initSysTick                    
00001bf7  initialisePWM                  
00001c3d  initialiseTailPWM              
00001d2d  main                           
200007d4  main_func_sp                   
00002659  memcpy                         
000026fd  memset                         
2000058c  modOledCur                     
20000590  pbOledCur                      
20000594  pbOledFontCur                  
20000598  pbOledFontUser                 
2000059c  pbOledPatCur                   
200005a0  pfnDoRop                       
000031d0  rgbFillPat                     
2000026c  rgbOledBmp                     
00002dd4  rgbOledFont0                   
2000046c  rgbOledFontUser                
00001c87  setPWM                         
00001cbf  setPWMTail                     
00000751  ulocaltime                     
0000094f  umktime                        
00001fcb  updateButtons                  
00000ec9  urand                          
00000721  usnprintf                      
000006ef  usprintf                       
00000eb9  usrand                         
00000e31  ustrcasecmp                    
00000ea5  ustrcmp                        
00000d35  ustrlen                        
00000d8d  ustrncasecmp                   
00000e45  ustrncmp                       
0000026d  ustrncpy                       
00000d57  ustrstr                        
00000afd  ustrtof                        
000009c5  ustrtoul                       
000002c5  uvsnprintf                     
200005a4  xchOledCur                     
200005a8  xchOledMax                     
200005ac  xcoOledCur                     
200005b0  ychOledCur                     
200005b4  ychOledMax                     
200005b8  ycoOledCur                     


GLOBAL SYMBOLS: SORTED BY Symbol Address 

address   name                           
-------   ----                           
00000000  __TI_static_base__             
00000000  g_pfnVectors                   
00000200  __STACK_SIZE                   
0000026d  ustrncpy                       
000002c5  uvsnprintf                     
000006ef  usprintf                       
00000721  usnprintf                      
00000751  ulocaltime                     
0000094f  umktime                        
000009c5  ustrtoul                       
00000afd  ustrtof                        
00000d35  ustrlen                        
00000d57  ustrstr                        
00000d8d  ustrncasecmp                   
00000e31  ustrcasecmp                    
00000e45  ustrncmp                       
00000ea5  ustrcmp                        
00000eb9  usrand                         
00000ec9  urand                          
00000ef1  OrbitOledMoveTo                
00000f37  OrbitOledGetPos                
00000f53  OrbitOledSetDrawColor          
00000f6b  OrbitOledGetStdPattern         
00000f7d  OrbitOledSetFillPattern        
00000f8d  OrbitOledSetDrawMode           
00000fe1  OrbitOledGetDrawMode           
00000fe7  OrbitOledDrawPixel             
00001013  OrbitOledGetPixel              
0000102d  OrbitOledLineTo                
0000112d  OrbitOledDrawRect              
000011b1  OrbitOledFillRect              
000012f5  OrbitOledGetBmp                
00001455  OrbitOledPutBmp                
00001623  OrbitOledDrawChar              
00001683  OrbitOledDrawString            
000016a1  OrbitOledRopSet                
000016cb  OrbitOledRopOr                 
000016ef  OrbitOledRopAnd                
00001713  OrbitOledRopXor                
00001741  OrbitOledMoveUp                
00001779  OrbitOledMoveDown              
000017af  OrbitOledMoveLeft              
000017c7  OrbitOledMoveRight             
000017e1  OrbitOledClampXco              
00001801  OrbitOledClampYco              
00001841  OrbitOledInit                  
00001855  OrbitOledHostInit              
0000191f  OrbitOledDvrInit               
00001999  OrbitOledDevInit               
00001a1d  OrbitOledClear                 
00001a29  OrbitOledClearBuffer           
00001a59  OrbitOledUpdate                
00001ab3  OrbitOledPutBuffer             
00001b19  Ssi3PutByte                    
00001bbd  SysTickIntHandler              
00001bc5  initClocks                     
00001bd7  initSysTick                    
00001bf7  initialisePWM                  
00001c3d  initialiseTailPWM              
00001c7f  initDisplay                    
00001c87  setPWM                         
00001cbf  setPWMTail                     
00001cf3  displayButtonState             
00001d2d  main                           
00001efd  initButtons                    
00001fcb  updateButtons                  
0000209f  checkButton                    
0000211d  OrbitOledSetCursor             
00002169  OrbitOledGetCursor             
00002185  OrbitOledDefUserChar           
000021d5  OrbitOledSetCharUpdate         
000021ed  OrbitOledGetCharUpdate         
000021f3  OrbitOledPutChar               
00002211  OrbitOledPutString             
0000223d  OrbitOledDrawGlyph             
000022b5  OrbitOledAdvanceCursor         
00002321  GPIOPadConfigSet               
00002453  __aeabi_idiv0                  
00002455  SysCtlClockGet                 
00002565  SysCtlClockSet                 
00002659  __aeabi_memcpy                 
00002659  __aeabi_memcpy4                
00002659  __aeabi_memcpy8                
00002659  memcpy                         
000026f5  __aeabi_memclr                 
000026f5  __aeabi_memclr4                
000026f5  __aeabi_memclr8                
000026f7  __aeabi_memset                 
000026f7  __aeabi_memset4                
000026f7  __aeabi_memset8                
000026fd  memset                         
0000276f  __mpu_init                     
00002771  __TI_auto_init                 
000027e1  __TI_decompress_lzss           
00002849  TimerConfigure                 
000028a9  DelayInit                      
000028c3  DelayMs                        
00002905  _c_int00                       
00002959  C$$EXIT                        
0000295d  abort                          
00002965  exit                           
000029ad  SysCtlPeripheralReset          
000029fd  copy_in                        
00002a49  GPIOPinConfigure               
00002a91  OLEDStringDraw                 
00002ab7  OLEDInitialise                 
00002ad5  __aeabi_uidiv                  
00002ad5  __aeabi_uidivmod               
00002b15  SSIConfigSetExpClk             
00002b51  IntRegister                    
00002b85  SysCtlPeripheralEnable         
00002bb9  GPIODirModeSet                 
00002be3  PWMGenConfigure                
00002c05  PWMPulseWidthSet               
00002c23  _system_post_cinit             
00002c25  SysTickIntRegister             
00002c41  GPIOPinTypeGPIOOutput          
00002c59  _args_main                     
00002c71  SysCtlPWMClockSet              
00002c85  SysTickEnable                  
00002c99  SysTickIntEnable               
00002cad  _register_unlock               
00002cb3  _register_lock                 
00002cbb  _nop                           
00002cc1  GPIOPinTypeGPIOInput           
00002cd3  GPIOPinTypePWM                 
00002ce5  GPIOPinTypeSSI                 
00002cf7  PWMOutputState                 
00002d09  IntMasterEnable                
00002d19  PWMGenPeriodSet                
00002d29  SysTickPeriodSet               
00002d39  TimerEnable                    
00002d47  __TI_decompress_none           
00002d55  CPUcpsie                       
00002d61  PWMGenEnable                   
00002d6d  SSIDataGet                     
00002d79  __TI_zero_init                 
00002d85  ResetISR                       
00002d91  SSIDataPut                     
00002d9b  SSIEnable                      
00002da5  TimerValueGet                  
00002daf  SSIBusy                        
00002db7  GPIOPinRead                    
00002dbd  GPIOPinWrite                   
00002dc3  SSIClockSourceSet              
00002dc9  SysCtlDelay                    
00002dcf  _system_pre_init               
00002dd4  rgbOledFont0                   
000031d0  rgbFillPat                     
00003284  __TI_Handler_Table_Base        
00003290  __TI_Handler_Table_Limit       
000032a0  __TI_CINIT_Base                
000032b8  __TI_CINIT_Limit               
20000000  g_pfnRAMVectors                
2000026c  rgbOledBmp                     
2000046c  rgbOledFontUser                
2000057c  bnOledCur                      
20000580  dxcoOledFontCur                
20000584  dycoOledFontCur                
20000588  fOledCharUpdate                
2000058c  modOledCur                     
20000590  pbOledCur                      
20000594  pbOledFontCur                  
20000598  pbOledFontUser                 
2000059c  pbOledPatCur                   
200005a0  pfnDoRop                       
200005a4  xchOledCur                     
200005a8  xchOledMax                     
200005ac  xcoOledCur                     
200005b0  ychOledCur                     
200005b4  ychOledMax                     
200005b8  ycoOledCur                     
200005bc  clrOledCur                     
200005c0  __stack                        
200007c0  __STACK_END                    
200007c0  __STACK_TOP                    
200007c0  __TI_cleanup_ptr               
200007c4  __TI_dtors_ptr                 
200007c8  __TI_enable_exit_profile_output
200007cc  _lock                          
200007d0  _unlock                        
200007d4  main_func_sp                   
ffffffff  __TI_pprof_out_hndl            
ffffffff  __TI_prof_data_size            
ffffffff  __TI_prof_data_start           
ffffffff  __binit__                      
ffffffff  __c_args__                     
ffffffff  binit                          
UNDEFED   SHT$$INIT_ARRAY$$Base          
UNDEFED   SHT$$INIT_ARRAY$$Limit         

[190 symbols]
